--------------------------------------------------------------------------------
Release 14.7 Trace  (nt64)
Copyright (c) 1995-2013 Xilinx, Inc.  All rights reserved.

E:\xilinx_new\14.7\ISE_DS\ISE\bin\nt64\unwrapped\trce.exe -intstyle ise -v 3 -s
4 -n 3 -fastpaths -xml ADD_SUB.twx ADD_SUB.ncd -o ADD_SUB.twr ADD_SUB.pcf

Design file:              ADD_SUB.ncd
Physical constraint file: ADD_SUB.pcf
Device,package,speed:     xc3s500e,fg320,-4 (PRODUCTION 1.27 2013-10-13)
Report level:             verbose report

Environment Variable      Effect 
--------------------      ------ 
NONE                      No environment variables were set
--------------------------------------------------------------------------------

INFO:Timing:2698 - No timing constraints found, doing default enumeration.
INFO:Timing:3412 - To improve timing, see the Timing Closure User Guide (UG612).
INFO:Timing:2752 - To get complete path coverage, use the unconstrained paths 
   option. All paths that are not constrained will be reported in the 
   unconstrained paths section(s) of the report.
INFO:Timing:3339 - The clock-to-out numbers in this timing report are based on 
   a 50 Ohm transmission line loading model.  For the details of this model, 
   and for more information on accounting for different loading conditions, 
   please see the device datasheet.
INFO:Timing:3390 - This architecture does not support a default System Jitter 
   value, please add SYSTEM_JITTER constraint to the UCF to modify the Clock 
   Uncertainty calculation.
INFO:Timing:3389 - This architecture does not support 'Discrete Jitter' and 
   'Phase Error' calculations, these terms will be zero in the Clock 
   Uncertainty calculation.  Please make appropriate modification to 
   SYSTEM_JITTER to account for the unsupported Discrete Jitter and Phase 
   Error.



Data Sheet report:
-----------------
All values displayed in nanoseconds (ns)

Pad to Pad
---------------+---------------+---------+
Source Pad     |Destination Pad|  Delay  |
---------------+---------------+---------+
X<0>           |COUT           |   41.144|
X<0>           |S<0>           |    7.874|
X<0>           |S<1>           |   11.267|
X<0>           |S<2>           |   12.189|
X<0>           |S<3>           |   13.606|
X<0>           |S<4>           |   14.006|
X<0>           |S<5>           |   16.007|
X<0>           |S<6>           |   16.264|
X<0>           |S<7>           |   17.093|
X<0>           |S<8>           |   18.524|
X<0>           |S<9>           |   19.909|
X<0>           |S<10>          |   21.774|
X<0>           |S<11>          |   22.670|
X<0>           |S<12>          |   23.400|
X<0>           |S<13>          |   23.946|
X<0>           |S<14>          |   25.210|
X<0>           |S<15>          |   26.749|
X<0>           |S<16>          |   26.519|
X<0>           |S<17>          |   26.973|
X<0>           |S<18>          |   28.467|
X<0>           |S<19>          |   29.806|
X<0>           |S<20>          |   31.137|
X<0>           |S<21>          |   32.609|
X<0>           |S<22>          |   32.567|
X<0>           |S<23>          |   34.018|
X<0>           |S<24>          |   34.192|
X<0>           |S<25>          |   35.432|
X<0>           |S<26>          |   36.723|
X<0>           |S<27>          |   37.284|
X<0>           |S<28>          |   38.536|
X<0>           |S<29>          |   37.960|
X<0>           |S<30>          |   40.016|
X<0>           |S<31>          |   42.297|
X<1>           |COUT           |   40.232|
X<1>           |S<1>           |    9.945|
X<1>           |S<2>           |   11.277|
X<1>           |S<3>           |   12.694|
X<1>           |S<4>           |   13.094|
X<1>           |S<5>           |   15.095|
X<1>           |S<6>           |   15.352|
X<1>           |S<7>           |   16.181|
X<1>           |S<8>           |   17.612|
X<1>           |S<9>           |   18.997|
X<1>           |S<10>          |   20.862|
X<1>           |S<11>          |   21.758|
X<1>           |S<12>          |   22.488|
X<1>           |S<13>          |   23.034|
X<1>           |S<14>          |   24.298|
X<1>           |S<15>          |   25.837|
X<1>           |S<16>          |   25.607|
X<1>           |S<17>          |   26.061|
X<1>           |S<18>          |   27.555|
X<1>           |S<19>          |   28.894|
X<1>           |S<20>          |   30.225|
X<1>           |S<21>          |   31.697|
X<1>           |S<22>          |   31.655|
X<1>           |S<23>          |   33.106|
X<1>           |S<24>          |   33.280|
X<1>           |S<25>          |   34.520|
X<1>           |S<26>          |   35.811|
X<1>           |S<27>          |   36.372|
X<1>           |S<28>          |   37.624|
X<1>           |S<29>          |   37.048|
X<1>           |S<30>          |   39.104|
X<1>           |S<31>          |   41.385|
X<2>           |COUT           |   38.411|
X<2>           |S<2>           |    9.401|
X<2>           |S<3>           |   10.873|
X<2>           |S<4>           |   11.273|
X<2>           |S<5>           |   13.274|
X<2>           |S<6>           |   13.531|
X<2>           |S<7>           |   14.360|
X<2>           |S<8>           |   15.791|
X<2>           |S<9>           |   17.176|
X<2>           |S<10>          |   19.041|
X<2>           |S<11>          |   19.937|
X<2>           |S<12>          |   20.667|
X<2>           |S<13>          |   21.213|
X<2>           |S<14>          |   22.477|
X<2>           |S<15>          |   24.016|
X<2>           |S<16>          |   23.786|
X<2>           |S<17>          |   24.240|
X<2>           |S<18>          |   25.734|
X<2>           |S<19>          |   27.073|
X<2>           |S<20>          |   28.404|
X<2>           |S<21>          |   29.876|
X<2>           |S<22>          |   29.834|
X<2>           |S<23>          |   31.285|
X<2>           |S<24>          |   31.459|
X<2>           |S<25>          |   32.699|
X<2>           |S<26>          |   33.990|
X<2>           |S<27>          |   34.551|
X<2>           |S<28>          |   35.803|
X<2>           |S<29>          |   35.227|
X<2>           |S<30>          |   37.283|
X<2>           |S<31>          |   39.564|
X<3>           |COUT           |   36.725|
X<3>           |S<3>           |    8.994|
X<3>           |S<4>           |    9.587|
X<3>           |S<5>           |   11.588|
X<3>           |S<6>           |   11.845|
X<3>           |S<7>           |   12.674|
X<3>           |S<8>           |   14.105|
X<3>           |S<9>           |   15.490|
X<3>           |S<10>          |   17.355|
X<3>           |S<11>          |   18.251|
X<3>           |S<12>          |   18.981|
X<3>           |S<13>          |   19.527|
X<3>           |S<14>          |   20.791|
X<3>           |S<15>          |   22.330|
X<3>           |S<16>          |   22.100|
X<3>           |S<17>          |   22.554|
X<3>           |S<18>          |   24.048|
X<3>           |S<19>          |   25.387|
X<3>           |S<20>          |   26.718|
X<3>           |S<21>          |   28.190|
X<3>           |S<22>          |   28.148|
X<3>           |S<23>          |   29.599|
X<3>           |S<24>          |   29.773|
X<3>           |S<25>          |   31.013|
X<3>           |S<26>          |   32.304|
X<3>           |S<27>          |   32.865|
X<3>           |S<28>          |   34.117|
X<3>           |S<29>          |   33.541|
X<3>           |S<30>          |   35.597|
X<3>           |S<31>          |   37.878|
X<4>           |COUT           |   35.738|
X<4>           |S<4>           |    8.621|
X<4>           |S<5>           |   10.601|
X<4>           |S<6>           |   10.858|
X<4>           |S<7>           |   11.687|
X<4>           |S<8>           |   13.118|
X<4>           |S<9>           |   14.503|
X<4>           |S<10>          |   16.368|
X<4>           |S<11>          |   17.264|
X<4>           |S<12>          |   17.994|
X<4>           |S<13>          |   18.540|
X<4>           |S<14>          |   19.804|
X<4>           |S<15>          |   21.343|
X<4>           |S<16>          |   21.113|
X<4>           |S<17>          |   21.567|
X<4>           |S<18>          |   23.061|
X<4>           |S<19>          |   24.400|
X<4>           |S<20>          |   25.731|
X<4>           |S<21>          |   27.203|
X<4>           |S<22>          |   27.161|
X<4>           |S<23>          |   28.612|
X<4>           |S<24>          |   28.786|
X<4>           |S<25>          |   30.026|
X<4>           |S<26>          |   31.317|
X<4>           |S<27>          |   31.878|
X<4>           |S<28>          |   33.130|
X<4>           |S<29>          |   32.554|
X<4>           |S<30>          |   34.610|
X<4>           |S<31>          |   36.891|
X<5>           |COUT           |   35.029|
X<5>           |S<5>           |    9.124|
X<5>           |S<6>           |   10.149|
X<5>           |S<7>           |   10.978|
X<5>           |S<8>           |   12.409|
X<5>           |S<9>           |   13.794|
X<5>           |S<10>          |   15.659|
X<5>           |S<11>          |   16.555|
X<5>           |S<12>          |   17.285|
X<5>           |S<13>          |   17.831|
X<5>           |S<14>          |   19.095|
X<5>           |S<15>          |   20.634|
X<5>           |S<16>          |   20.404|
X<5>           |S<17>          |   20.858|
X<5>           |S<18>          |   22.352|
X<5>           |S<19>          |   23.691|
X<5>           |S<20>          |   25.022|
X<5>           |S<21>          |   26.494|
X<5>           |S<22>          |   26.452|
X<5>           |S<23>          |   27.903|
X<5>           |S<24>          |   28.077|
X<5>           |S<25>          |   29.317|
X<5>           |S<26>          |   30.608|
X<5>           |S<27>          |   31.169|
X<5>           |S<28>          |   32.421|
X<5>           |S<29>          |   31.845|
X<5>           |S<30>          |   33.901|
X<5>           |S<31>          |   36.182|
X<6>           |COUT           |   33.448|
X<6>           |S<6>           |    8.876|
X<6>           |S<7>           |    9.397|
X<6>           |S<8>           |   10.828|
X<6>           |S<9>           |   12.213|
X<6>           |S<10>          |   14.078|
X<6>           |S<11>          |   14.974|
X<6>           |S<12>          |   15.704|
X<6>           |S<13>          |   16.250|
X<6>           |S<14>          |   17.514|
X<6>           |S<15>          |   19.053|
X<6>           |S<16>          |   18.823|
X<6>           |S<17>          |   19.277|
X<6>           |S<18>          |   20.771|
X<6>           |S<19>          |   22.110|
X<6>           |S<20>          |   23.441|
X<6>           |S<21>          |   24.913|
X<6>           |S<22>          |   24.871|
X<6>           |S<23>          |   26.322|
X<6>           |S<24>          |   26.496|
X<6>           |S<25>          |   27.736|
X<6>           |S<26>          |   29.027|
X<6>           |S<27>          |   29.588|
X<6>           |S<28>          |   30.840|
X<6>           |S<29>          |   30.264|
X<6>           |S<30>          |   32.320|
X<6>           |S<31>          |   34.601|
X<7>           |COUT           |   33.407|
X<7>           |S<7>           |    9.287|
X<7>           |S<8>           |   10.787|
X<7>           |S<9>           |   12.172|
X<7>           |S<10>          |   14.037|
X<7>           |S<11>          |   14.933|
X<7>           |S<12>          |   15.663|
X<7>           |S<13>          |   16.209|
X<7>           |S<14>          |   17.473|
X<7>           |S<15>          |   19.012|
X<7>           |S<16>          |   18.782|
X<7>           |S<17>          |   19.236|
X<7>           |S<18>          |   20.730|
X<7>           |S<19>          |   22.069|
X<7>           |S<20>          |   23.400|
X<7>           |S<21>          |   24.872|
X<7>           |S<22>          |   24.830|
X<7>           |S<23>          |   26.281|
X<7>           |S<24>          |   26.455|
X<7>           |S<25>          |   27.695|
X<7>           |S<26>          |   28.986|
X<7>           |S<27>          |   29.547|
X<7>           |S<28>          |   30.799|
X<7>           |S<29>          |   30.223|
X<7>           |S<30>          |   32.279|
X<7>           |S<31>          |   34.560|
X<8>           |COUT           |   31.246|
X<8>           |S<8>           |    9.038|
X<8>           |S<9>           |   10.011|
X<8>           |S<10>          |   11.876|
X<8>           |S<11>          |   12.772|
X<8>           |S<12>          |   13.502|
X<8>           |S<13>          |   14.048|
X<8>           |S<14>          |   15.312|
X<8>           |S<15>          |   16.851|
X<8>           |S<16>          |   16.621|
X<8>           |S<17>          |   17.075|
X<8>           |S<18>          |   18.569|
X<8>           |S<19>          |   19.908|
X<8>           |S<20>          |   21.239|
X<8>           |S<21>          |   22.711|
X<8>           |S<22>          |   22.669|
X<8>           |S<23>          |   24.120|
X<8>           |S<24>          |   24.294|
X<8>           |S<25>          |   25.534|
X<8>           |S<26>          |   26.825|
X<8>           |S<27>          |   27.386|
X<8>           |S<28>          |   28.638|
X<8>           |S<29>          |   28.062|
X<8>           |S<30>          |   30.118|
X<8>           |S<31>          |   32.399|
X<9>           |COUT           |   30.972|
X<9>           |S<9>           |    9.023|
X<9>           |S<10>          |   11.602|
X<9>           |S<11>          |   12.498|
X<9>           |S<12>          |   13.228|
X<9>           |S<13>          |   13.774|
X<9>           |S<14>          |   15.038|
X<9>           |S<15>          |   16.577|
X<9>           |S<16>          |   16.347|
X<9>           |S<17>          |   16.801|
X<9>           |S<18>          |   18.295|
X<9>           |S<19>          |   19.634|
X<9>           |S<20>          |   20.965|
X<9>           |S<21>          |   22.437|
X<9>           |S<22>          |   22.395|
X<9>           |S<23>          |   23.846|
X<9>           |S<24>          |   24.020|
X<9>           |S<25>          |   25.260|
X<9>           |S<26>          |   26.551|
X<9>           |S<27>          |   27.112|
X<9>           |S<28>          |   28.364|
X<9>           |S<29>          |   27.788|
X<9>           |S<30>          |   29.844|
X<9>           |S<31>          |   32.125|
X<10>          |COUT           |   28.887|
X<10>          |S<10>          |    9.310|
X<10>          |S<11>          |   10.413|
X<10>          |S<12>          |   11.143|
X<10>          |S<13>          |   11.689|
X<10>          |S<14>          |   12.953|
X<10>          |S<15>          |   14.492|
X<10>          |S<16>          |   14.262|
X<10>          |S<17>          |   14.716|
X<10>          |S<18>          |   16.210|
X<10>          |S<19>          |   17.549|
X<10>          |S<20>          |   18.880|
X<10>          |S<21>          |   20.352|
X<10>          |S<22>          |   20.310|
X<10>          |S<23>          |   21.761|
X<10>          |S<24>          |   21.935|
X<10>          |S<25>          |   23.175|
X<10>          |S<26>          |   24.466|
X<10>          |S<27>          |   25.027|
X<10>          |S<28>          |   26.279|
X<10>          |S<29>          |   25.703|
X<10>          |S<30>          |   27.759|
X<10>          |S<31>          |   30.040|
X<11>          |COUT           |   27.697|
X<11>          |S<11>          |    7.555|
X<11>          |S<12>          |    9.953|
X<11>          |S<13>          |   10.499|
X<11>          |S<14>          |   11.763|
X<11>          |S<15>          |   13.302|
X<11>          |S<16>          |   13.072|
X<11>          |S<17>          |   13.526|
X<11>          |S<18>          |   15.020|
X<11>          |S<19>          |   16.359|
X<11>          |S<20>          |   17.690|
X<11>          |S<21>          |   19.162|
X<11>          |S<22>          |   19.120|
X<11>          |S<23>          |   20.571|
X<11>          |S<24>          |   20.745|
X<11>          |S<25>          |   21.985|
X<11>          |S<26>          |   23.276|
X<11>          |S<27>          |   23.837|
X<11>          |S<28>          |   25.089|
X<11>          |S<29>          |   24.513|
X<11>          |S<30>          |   26.569|
X<11>          |S<31>          |   28.850|
X<12>          |COUT           |   26.636|
X<12>          |S<12>          |    8.941|
X<12>          |S<13>          |    9.438|
X<12>          |S<14>          |   10.702|
X<12>          |S<15>          |   12.241|
X<12>          |S<16>          |   12.011|
X<12>          |S<17>          |   12.465|
X<12>          |S<18>          |   13.959|
X<12>          |S<19>          |   15.298|
X<12>          |S<20>          |   16.629|
X<12>          |S<21>          |   18.101|
X<12>          |S<22>          |   18.059|
X<12>          |S<23>          |   19.510|
X<12>          |S<24>          |   19.684|
X<12>          |S<25>          |   20.924|
X<12>          |S<26>          |   22.215|
X<12>          |S<27>          |   22.776|
X<12>          |S<28>          |   24.028|
X<12>          |S<29>          |   23.452|
X<12>          |S<30>          |   25.508|
X<12>          |S<31>          |   27.789|
X<13>          |COUT           |   25.303|
X<13>          |S<13>          |    7.738|
X<13>          |S<14>          |    9.369|
X<13>          |S<15>          |   10.908|
X<13>          |S<16>          |   10.678|
X<13>          |S<17>          |   11.132|
X<13>          |S<18>          |   12.626|
X<13>          |S<19>          |   13.965|
X<13>          |S<20>          |   15.296|
X<13>          |S<21>          |   16.768|
X<13>          |S<22>          |   16.726|
X<13>          |S<23>          |   18.177|
X<13>          |S<24>          |   18.351|
X<13>          |S<25>          |   19.591|
X<13>          |S<26>          |   20.882|
X<13>          |S<27>          |   21.443|
X<13>          |S<28>          |   22.695|
X<13>          |S<29>          |   22.119|
X<13>          |S<30>          |   24.175|
X<13>          |S<31>          |   26.456|
X<14>          |COUT           |   24.854|
X<14>          |S<14>          |    8.641|
X<14>          |S<15>          |   10.459|
X<14>          |S<16>          |   10.229|
X<14>          |S<17>          |   10.683|
X<14>          |S<18>          |   12.177|
X<14>          |S<19>          |   13.516|
X<14>          |S<20>          |   14.847|
X<14>          |S<21>          |   16.319|
X<14>          |S<22>          |   16.277|
X<14>          |S<23>          |   17.728|
X<14>          |S<24>          |   17.902|
X<14>          |S<25>          |   19.142|
X<14>          |S<26>          |   20.433|
X<14>          |S<27>          |   20.994|
X<14>          |S<28>          |   22.246|
X<14>          |S<29>          |   21.670|
X<14>          |S<30>          |   23.726|
X<14>          |S<31>          |   26.007|
X<15>          |COUT           |   24.712|
X<15>          |S<15>          |    8.456|
X<15>          |S<16>          |   10.087|
X<15>          |S<17>          |   10.541|
X<15>          |S<18>          |   12.035|
X<15>          |S<19>          |   13.374|
X<15>          |S<20>          |   14.705|
X<15>          |S<21>          |   16.177|
X<15>          |S<22>          |   16.135|
X<15>          |S<23>          |   17.586|
X<15>          |S<24>          |   17.760|
X<15>          |S<25>          |   19.000|
X<15>          |S<26>          |   20.291|
X<15>          |S<27>          |   20.852|
X<15>          |S<28>          |   22.104|
X<15>          |S<29>          |   21.528|
X<15>          |S<30>          |   23.584|
X<15>          |S<31>          |   25.865|
X<16>          |COUT           |   22.753|
X<16>          |S<16>          |    8.335|
X<16>          |S<17>          |    8.582|
X<16>          |S<18>          |   10.076|
X<16>          |S<19>          |   11.415|
X<16>          |S<20>          |   12.746|
X<16>          |S<21>          |   14.218|
X<16>          |S<22>          |   14.176|
X<16>          |S<23>          |   15.627|
X<16>          |S<24>          |   15.801|
X<16>          |S<25>          |   17.041|
X<16>          |S<26>          |   18.332|
X<16>          |S<27>          |   18.893|
X<16>          |S<28>          |   20.145|
X<16>          |S<29>          |   19.569|
X<16>          |S<30>          |   21.625|
X<16>          |S<31>          |   23.906|
X<17>          |COUT           |   22.348|
X<17>          |S<17>          |    7.600|
X<17>          |S<18>          |    9.671|
X<17>          |S<19>          |   11.010|
X<17>          |S<20>          |   12.341|
X<17>          |S<21>          |   13.813|
X<17>          |S<22>          |   13.771|
X<17>          |S<23>          |   15.222|
X<17>          |S<24>          |   15.396|
X<17>          |S<25>          |   16.636|
X<17>          |S<26>          |   17.927|
X<17>          |S<27>          |   18.488|
X<17>          |S<28>          |   19.740|
X<17>          |S<29>          |   19.164|
X<17>          |S<30>          |   21.220|
X<17>          |S<31>          |   23.501|
X<18>          |COUT           |   21.461|
X<18>          |S<18>          |    7.119|
X<18>          |S<19>          |   10.123|
X<18>          |S<20>          |   11.454|
X<18>          |S<21>          |   12.926|
X<18>          |S<22>          |   12.884|
X<18>          |S<23>          |   14.335|
X<18>          |S<24>          |   14.509|
X<18>          |S<25>          |   15.749|
X<18>          |S<26>          |   17.040|
X<18>          |S<27>          |   17.601|
X<18>          |S<28>          |   18.853|
X<18>          |S<29>          |   18.277|
X<18>          |S<30>          |   20.333|
X<18>          |S<31>          |   22.614|
X<19>          |COUT           |   20.944|
X<19>          |S<19>          |    7.970|
X<19>          |S<20>          |   10.937|
X<19>          |S<21>          |   12.409|
X<19>          |S<22>          |   12.367|
X<19>          |S<23>          |   13.818|
X<19>          |S<24>          |   13.992|
X<19>          |S<25>          |   15.232|
X<19>          |S<26>          |   16.523|
X<19>          |S<27>          |   17.084|
X<19>          |S<28>          |   18.336|
X<19>          |S<29>          |   17.760|
X<19>          |S<30>          |   19.816|
X<19>          |S<31>          |   22.097|
X<20>          |COUT           |   20.244|
X<20>          |S<20>          |    9.158|
X<20>          |S<21>          |   11.709|
X<20>          |S<22>          |   11.667|
X<20>          |S<23>          |   13.118|
X<20>          |S<24>          |   13.292|
X<20>          |S<25>          |   14.532|
X<20>          |S<26>          |   15.823|
X<20>          |S<27>          |   16.384|
X<20>          |S<28>          |   17.636|
X<20>          |S<29>          |   17.060|
X<20>          |S<30>          |   19.116|
X<20>          |S<31>          |   21.397|
X<21>          |COUT           |   16.871|
X<21>          |S<21>          |    8.800|
X<21>          |S<22>          |    8.294|
X<21>          |S<23>          |    9.745|
X<21>          |S<24>          |    9.919|
X<21>          |S<25>          |   11.159|
X<21>          |S<26>          |   12.450|
X<21>          |S<27>          |   13.011|
X<21>          |S<28>          |   14.263|
X<21>          |S<29>          |   13.687|
X<21>          |S<30>          |   15.743|
X<21>          |S<31>          |   18.024|
X<22>          |COUT           |   17.673|
X<22>          |S<22>          |    8.299|
X<22>          |S<23>          |   10.547|
X<22>          |S<24>          |   10.721|
X<22>          |S<25>          |   11.961|
X<22>          |S<26>          |   13.252|
X<22>          |S<27>          |   13.813|
X<22>          |S<28>          |   15.065|
X<22>          |S<29>          |   14.489|
X<22>          |S<30>          |   16.545|
X<22>          |S<31>          |   18.826|
X<23>          |COUT           |   16.275|
X<23>          |S<23>          |    8.775|
X<23>          |S<24>          |    9.323|
X<23>          |S<25>          |   10.563|
X<23>          |S<26>          |   11.854|
X<23>          |S<27>          |   12.415|
X<23>          |S<28>          |   13.667|
X<23>          |S<29>          |   13.091|
X<23>          |S<30>          |   15.147|
X<23>          |S<31>          |   17.428|
X<24>          |COUT           |   14.218|
X<24>          |S<24>          |    7.323|
X<24>          |S<25>          |    8.506|
X<24>          |S<26>          |    9.797|
X<24>          |S<27>          |   10.358|
X<24>          |S<28>          |   11.610|
X<24>          |S<29>          |   11.034|
X<24>          |S<30>          |   13.090|
X<24>          |S<31>          |   15.371|
X<25>          |COUT           |   13.464|
X<25>          |S<25>          |    7.805|
X<25>          |S<26>          |    9.043|
X<25>          |S<27>          |    9.604|
X<25>          |S<28>          |   10.856|
X<25>          |S<29>          |   10.280|
X<25>          |S<30>          |   12.336|
X<25>          |S<31>          |   14.617|
X<26>          |COUT           |   12.553|
X<26>          |S<26>          |    7.953|
X<26>          |S<27>          |    8.693|
X<26>          |S<28>          |    9.945|
X<26>          |S<29>          |    9.369|
X<26>          |S<30>          |   11.425|
X<26>          |S<31>          |   13.706|
X<27>          |COUT           |   13.213|
X<27>          |S<27>          |    7.524|
X<27>          |S<28>          |   10.605|
X<27>          |S<29>          |   10.029|
X<27>          |S<30>          |   12.085|
X<27>          |S<31>          |   14.366|
X<28>          |COUT           |   10.906|
X<28>          |S<28>          |    8.341|
X<28>          |S<29>          |    7.722|
X<28>          |S<30>          |    9.778|
X<28>          |S<31>          |   12.059|
X<29>          |COUT           |   10.723|
X<29>          |S<29>          |    7.027|
X<29>          |S<30>          |    9.595|
X<29>          |S<31>          |   11.876|
X<30>          |COUT           |    9.245|
X<30>          |S<30>          |    7.989|
X<30>          |S<31>          |   10.398|
X<31>          |COUT           |    8.432|
X<31>          |S<31>          |    8.092|
Y<0>           |COUT           |   40.434|
Y<0>           |S<0>           |    8.040|
Y<0>           |S<1>           |   10.557|
Y<0>           |S<2>           |   11.479|
Y<0>           |S<3>           |   12.896|
Y<0>           |S<4>           |   13.296|
Y<0>           |S<5>           |   15.297|
Y<0>           |S<6>           |   15.554|
Y<0>           |S<7>           |   16.383|
Y<0>           |S<8>           |   17.814|
Y<0>           |S<9>           |   19.199|
Y<0>           |S<10>          |   21.064|
Y<0>           |S<11>          |   21.960|
Y<0>           |S<12>          |   22.690|
Y<0>           |S<13>          |   23.236|
Y<0>           |S<14>          |   24.500|
Y<0>           |S<15>          |   26.039|
Y<0>           |S<16>          |   25.809|
Y<0>           |S<17>          |   26.263|
Y<0>           |S<18>          |   27.757|
Y<0>           |S<19>          |   29.096|
Y<0>           |S<20>          |   30.427|
Y<0>           |S<21>          |   31.899|
Y<0>           |S<22>          |   31.857|
Y<0>           |S<23>          |   33.308|
Y<0>           |S<24>          |   33.482|
Y<0>           |S<25>          |   34.722|
Y<0>           |S<26>          |   36.013|
Y<0>           |S<27>          |   36.574|
Y<0>           |S<28>          |   37.826|
Y<0>           |S<29>          |   37.250|
Y<0>           |S<30>          |   39.306|
Y<0>           |S<31>          |   41.587|
Y<1>           |COUT           |   38.782|
Y<1>           |S<1>           |    8.721|
Y<1>           |S<2>           |    9.827|
Y<1>           |S<3>           |   11.244|
Y<1>           |S<4>           |   11.644|
Y<1>           |S<5>           |   13.645|
Y<1>           |S<6>           |   13.902|
Y<1>           |S<7>           |   14.731|
Y<1>           |S<8>           |   16.162|
Y<1>           |S<9>           |   17.547|
Y<1>           |S<10>          |   19.412|
Y<1>           |S<11>          |   20.308|
Y<1>           |S<12>          |   21.038|
Y<1>           |S<13>          |   21.584|
Y<1>           |S<14>          |   22.848|
Y<1>           |S<15>          |   24.387|
Y<1>           |S<16>          |   24.157|
Y<1>           |S<17>          |   24.611|
Y<1>           |S<18>          |   26.105|
Y<1>           |S<19>          |   27.444|
Y<1>           |S<20>          |   28.775|
Y<1>           |S<21>          |   30.247|
Y<1>           |S<22>          |   30.205|
Y<1>           |S<23>          |   31.656|
Y<1>           |S<24>          |   31.830|
Y<1>           |S<25>          |   33.070|
Y<1>           |S<26>          |   34.361|
Y<1>           |S<27>          |   34.922|
Y<1>           |S<28>          |   36.174|
Y<1>           |S<29>          |   35.598|
Y<1>           |S<30>          |   37.654|
Y<1>           |S<31>          |   39.935|
Y<2>           |COUT           |   37.177|
Y<2>           |S<2>           |    8.331|
Y<2>           |S<3>           |    9.639|
Y<2>           |S<4>           |   10.039|
Y<2>           |S<5>           |   12.040|
Y<2>           |S<6>           |   12.297|
Y<2>           |S<7>           |   13.126|
Y<2>           |S<8>           |   14.557|
Y<2>           |S<9>           |   15.942|
Y<2>           |S<10>          |   17.807|
Y<2>           |S<11>          |   18.703|
Y<2>           |S<12>          |   19.433|
Y<2>           |S<13>          |   19.979|
Y<2>           |S<14>          |   21.243|
Y<2>           |S<15>          |   22.782|
Y<2>           |S<16>          |   22.552|
Y<2>           |S<17>          |   23.006|
Y<2>           |S<18>          |   24.500|
Y<2>           |S<19>          |   25.839|
Y<2>           |S<20>          |   27.170|
Y<2>           |S<21>          |   28.642|
Y<2>           |S<22>          |   28.600|
Y<2>           |S<23>          |   30.051|
Y<2>           |S<24>          |   30.225|
Y<2>           |S<25>          |   31.465|
Y<2>           |S<26>          |   32.756|
Y<2>           |S<27>          |   33.317|
Y<2>           |S<28>          |   34.569|
Y<2>           |S<29>          |   33.993|
Y<2>           |S<30>          |   36.049|
Y<2>           |S<31>          |   38.330|
Y<3>           |COUT           |   37.017|
Y<3>           |S<3>           |    8.512|
Y<3>           |S<4>           |    9.879|
Y<3>           |S<5>           |   11.880|
Y<3>           |S<6>           |   12.137|
Y<3>           |S<7>           |   12.966|
Y<3>           |S<8>           |   14.397|
Y<3>           |S<9>           |   15.782|
Y<3>           |S<10>          |   17.647|
Y<3>           |S<11>          |   18.543|
Y<3>           |S<12>          |   19.273|
Y<3>           |S<13>          |   19.819|
Y<3>           |S<14>          |   21.083|
Y<3>           |S<15>          |   22.622|
Y<3>           |S<16>          |   22.392|
Y<3>           |S<17>          |   22.846|
Y<3>           |S<18>          |   24.340|
Y<3>           |S<19>          |   25.679|
Y<3>           |S<20>          |   27.010|
Y<3>           |S<21>          |   28.482|
Y<3>           |S<22>          |   28.440|
Y<3>           |S<23>          |   29.891|
Y<3>           |S<24>          |   30.065|
Y<3>           |S<25>          |   31.305|
Y<3>           |S<26>          |   32.596|
Y<3>           |S<27>          |   33.157|
Y<3>           |S<28>          |   34.409|
Y<3>           |S<29>          |   33.833|
Y<3>           |S<30>          |   35.889|
Y<3>           |S<31>          |   38.170|
Y<4>           |COUT           |   35.204|
Y<4>           |S<4>           |    8.077|
Y<4>           |S<5>           |   10.067|
Y<4>           |S<6>           |   10.324|
Y<4>           |S<7>           |   11.153|
Y<4>           |S<8>           |   12.584|
Y<4>           |S<9>           |   13.969|
Y<4>           |S<10>          |   15.834|
Y<4>           |S<11>          |   16.730|
Y<4>           |S<12>          |   17.460|
Y<4>           |S<13>          |   18.006|
Y<4>           |S<14>          |   19.270|
Y<4>           |S<15>          |   20.809|
Y<4>           |S<16>          |   20.579|
Y<4>           |S<17>          |   21.033|
Y<4>           |S<18>          |   22.527|
Y<4>           |S<19>          |   23.866|
Y<4>           |S<20>          |   25.197|
Y<4>           |S<21>          |   26.669|
Y<4>           |S<22>          |   26.627|
Y<4>           |S<23>          |   28.078|
Y<4>           |S<24>          |   28.252|
Y<4>           |S<25>          |   29.492|
Y<4>           |S<26>          |   30.783|
Y<4>           |S<27>          |   31.344|
Y<4>           |S<28>          |   32.596|
Y<4>           |S<29>          |   32.020|
Y<4>           |S<30>          |   34.076|
Y<4>           |S<31>          |   36.357|
Y<5>           |COUT           |   34.418|
Y<5>           |S<5>           |    8.166|
Y<5>           |S<6>           |    9.538|
Y<5>           |S<7>           |   10.367|
Y<5>           |S<8>           |   11.798|
Y<5>           |S<9>           |   13.183|
Y<5>           |S<10>          |   15.048|
Y<5>           |S<11>          |   15.944|
Y<5>           |S<12>          |   16.674|
Y<5>           |S<13>          |   17.220|
Y<5>           |S<14>          |   18.484|
Y<5>           |S<15>          |   20.023|
Y<5>           |S<16>          |   19.793|
Y<5>           |S<17>          |   20.247|
Y<5>           |S<18>          |   21.741|
Y<5>           |S<19>          |   23.080|
Y<5>           |S<20>          |   24.411|
Y<5>           |S<21>          |   25.883|
Y<5>           |S<22>          |   25.841|
Y<5>           |S<23>          |   27.292|
Y<5>           |S<24>          |   27.466|
Y<5>           |S<25>          |   28.706|
Y<5>           |S<26>          |   29.997|
Y<5>           |S<27>          |   30.558|
Y<5>           |S<28>          |   31.810|
Y<5>           |S<29>          |   31.234|
Y<5>           |S<30>          |   33.290|
Y<5>           |S<31>          |   35.571|
Y<6>           |COUT           |   33.537|
Y<6>           |S<6>           |    8.737|
Y<6>           |S<7>           |    9.486|
Y<6>           |S<8>           |   10.917|
Y<6>           |S<9>           |   12.302|
Y<6>           |S<10>          |   14.167|
Y<6>           |S<11>          |   15.063|
Y<6>           |S<12>          |   15.793|
Y<6>           |S<13>          |   16.339|
Y<6>           |S<14>          |   17.603|
Y<6>           |S<15>          |   19.142|
Y<6>           |S<16>          |   18.912|
Y<6>           |S<17>          |   19.366|
Y<6>           |S<18>          |   20.860|
Y<6>           |S<19>          |   22.199|
Y<6>           |S<20>          |   23.530|
Y<6>           |S<21>          |   25.002|
Y<6>           |S<22>          |   24.960|
Y<6>           |S<23>          |   26.411|
Y<6>           |S<24>          |   26.585|
Y<6>           |S<25>          |   27.825|
Y<6>           |S<26>          |   29.116|
Y<6>           |S<27>          |   29.677|
Y<6>           |S<28>          |   30.929|
Y<6>           |S<29>          |   30.353|
Y<6>           |S<30>          |   32.409|
Y<6>           |S<31>          |   34.690|
Y<7>           |COUT           |   32.163|
Y<7>           |S<7>           |    8.232|
Y<7>           |S<8>           |    9.543|
Y<7>           |S<9>           |   10.928|
Y<7>           |S<10>          |   12.793|
Y<7>           |S<11>          |   13.689|
Y<7>           |S<12>          |   14.419|
Y<7>           |S<13>          |   14.965|
Y<7>           |S<14>          |   16.229|
Y<7>           |S<15>          |   17.768|
Y<7>           |S<16>          |   17.538|
Y<7>           |S<17>          |   17.992|
Y<7>           |S<18>          |   19.486|
Y<7>           |S<19>          |   20.825|
Y<7>           |S<20>          |   22.156|
Y<7>           |S<21>          |   23.628|
Y<7>           |S<22>          |   23.586|
Y<7>           |S<23>          |   25.037|
Y<7>           |S<24>          |   25.211|
Y<7>           |S<25>          |   26.451|
Y<7>           |S<26>          |   27.742|
Y<7>           |S<27>          |   28.303|
Y<7>           |S<28>          |   29.555|
Y<7>           |S<29>          |   28.979|
Y<7>           |S<30>          |   31.035|
Y<7>           |S<31>          |   33.316|
Y<8>           |COUT           |   31.382|
Y<8>           |S<8>           |    8.960|
Y<8>           |S<9>           |   10.147|
Y<8>           |S<10>          |   12.012|
Y<8>           |S<11>          |   12.908|
Y<8>           |S<12>          |   13.638|
Y<8>           |S<13>          |   14.184|
Y<8>           |S<14>          |   15.448|
Y<8>           |S<15>          |   16.987|
Y<8>           |S<16>          |   16.757|
Y<8>           |S<17>          |   17.211|
Y<8>           |S<18>          |   18.705|
Y<8>           |S<19>          |   20.044|
Y<8>           |S<20>          |   21.375|
Y<8>           |S<21>          |   22.847|
Y<8>           |S<22>          |   22.805|
Y<8>           |S<23>          |   24.256|
Y<8>           |S<24>          |   24.430|
Y<8>           |S<25>          |   25.670|
Y<8>           |S<26>          |   26.961|
Y<8>           |S<27>          |   27.522|
Y<8>           |S<28>          |   28.774|
Y<8>           |S<29>          |   28.198|
Y<8>           |S<30>          |   30.254|
Y<8>           |S<31>          |   32.535|
Y<9>           |COUT           |   30.242|
Y<9>           |S<9>           |    8.822|
Y<9>           |S<10>          |   10.872|
Y<9>           |S<11>          |   11.768|
Y<9>           |S<12>          |   12.498|
Y<9>           |S<13>          |   13.044|
Y<9>           |S<14>          |   14.308|
Y<9>           |S<15>          |   15.847|
Y<9>           |S<16>          |   15.617|
Y<9>           |S<17>          |   16.071|
Y<9>           |S<18>          |   17.565|
Y<9>           |S<19>          |   18.904|
Y<9>           |S<20>          |   20.235|
Y<9>           |S<21>          |   21.707|
Y<9>           |S<22>          |   21.665|
Y<9>           |S<23>          |   23.116|
Y<9>           |S<24>          |   23.290|
Y<9>           |S<25>          |   24.530|
Y<9>           |S<26>          |   25.821|
Y<9>           |S<27>          |   26.382|
Y<9>           |S<28>          |   27.634|
Y<9>           |S<29>          |   27.058|
Y<9>           |S<30>          |   29.114|
Y<9>           |S<31>          |   31.395|
Y<10>          |COUT           |   29.311|
Y<10>          |S<10>          |    9.898|
Y<10>          |S<11>          |   10.837|
Y<10>          |S<12>          |   11.567|
Y<10>          |S<13>          |   12.113|
Y<10>          |S<14>          |   13.377|
Y<10>          |S<15>          |   14.916|
Y<10>          |S<16>          |   14.686|
Y<10>          |S<17>          |   15.140|
Y<10>          |S<18>          |   16.634|
Y<10>          |S<19>          |   17.973|
Y<10>          |S<20>          |   19.304|
Y<10>          |S<21>          |   20.776|
Y<10>          |S<22>          |   20.734|
Y<10>          |S<23>          |   22.185|
Y<10>          |S<24>          |   22.359|
Y<10>          |S<25>          |   23.599|
Y<10>          |S<26>          |   24.890|
Y<10>          |S<27>          |   25.451|
Y<10>          |S<28>          |   26.703|
Y<10>          |S<29>          |   26.127|
Y<10>          |S<30>          |   28.183|
Y<10>          |S<31>          |   30.464|
Y<11>          |COUT           |   27.848|
Y<11>          |S<11>          |    9.908|
Y<11>          |S<12>          |   10.104|
Y<11>          |S<13>          |   10.650|
Y<11>          |S<14>          |   11.914|
Y<11>          |S<15>          |   13.453|
Y<11>          |S<16>          |   13.223|
Y<11>          |S<17>          |   13.677|
Y<11>          |S<18>          |   15.171|
Y<11>          |S<19>          |   16.510|
Y<11>          |S<20>          |   17.841|
Y<11>          |S<21>          |   19.313|
Y<11>          |S<22>          |   19.271|
Y<11>          |S<23>          |   20.722|
Y<11>          |S<24>          |   20.896|
Y<11>          |S<25>          |   22.136|
Y<11>          |S<26>          |   23.427|
Y<11>          |S<27>          |   23.988|
Y<11>          |S<28>          |   25.240|
Y<11>          |S<29>          |   24.664|
Y<11>          |S<30>          |   26.720|
Y<11>          |S<31>          |   29.001|
Y<12>          |COUT           |   27.116|
Y<12>          |S<12>          |    9.042|
Y<12>          |S<13>          |    9.918|
Y<12>          |S<14>          |   11.182|
Y<12>          |S<15>          |   12.721|
Y<12>          |S<16>          |   12.491|
Y<12>          |S<17>          |   12.945|
Y<12>          |S<18>          |   14.439|
Y<12>          |S<19>          |   15.778|
Y<12>          |S<20>          |   17.109|
Y<12>          |S<21>          |   18.581|
Y<12>          |S<22>          |   18.539|
Y<12>          |S<23>          |   19.990|
Y<12>          |S<24>          |   20.164|
Y<12>          |S<25>          |   21.404|
Y<12>          |S<26>          |   22.695|
Y<12>          |S<27>          |   23.256|
Y<12>          |S<28>          |   24.508|
Y<12>          |S<29>          |   23.932|
Y<12>          |S<30>          |   25.988|
Y<12>          |S<31>          |   28.269|
Y<13>          |COUT           |   26.532|
Y<13>          |S<13>          |    8.834|
Y<13>          |S<14>          |   10.598|
Y<13>          |S<15>          |   12.137|
Y<13>          |S<16>          |   11.907|
Y<13>          |S<17>          |   12.361|
Y<13>          |S<18>          |   13.855|
Y<13>          |S<19>          |   15.194|
Y<13>          |S<20>          |   16.525|
Y<13>          |S<21>          |   17.997|
Y<13>          |S<22>          |   17.955|
Y<13>          |S<23>          |   19.406|
Y<13>          |S<24>          |   19.580|
Y<13>          |S<25>          |   20.820|
Y<13>          |S<26>          |   22.111|
Y<13>          |S<27>          |   22.672|
Y<13>          |S<28>          |   23.924|
Y<13>          |S<29>          |   23.348|
Y<13>          |S<30>          |   25.404|
Y<13>          |S<31>          |   27.685|
Y<14>          |COUT           |   25.459|
Y<14>          |S<14>          |    8.970|
Y<14>          |S<15>          |   11.064|
Y<14>          |S<16>          |   10.834|
Y<14>          |S<17>          |   11.288|
Y<14>          |S<18>          |   12.782|
Y<14>          |S<19>          |   14.121|
Y<14>          |S<20>          |   15.452|
Y<14>          |S<21>          |   16.924|
Y<14>          |S<22>          |   16.882|
Y<14>          |S<23>          |   18.333|
Y<14>          |S<24>          |   18.507|
Y<14>          |S<25>          |   19.747|
Y<14>          |S<26>          |   21.038|
Y<14>          |S<27>          |   21.599|
Y<14>          |S<28>          |   22.851|
Y<14>          |S<29>          |   22.275|
Y<14>          |S<30>          |   24.331|
Y<14>          |S<31>          |   26.612|
Y<15>          |COUT           |   25.104|
Y<15>          |S<15>          |    9.592|
Y<15>          |S<16>          |   10.479|
Y<15>          |S<17>          |   10.933|
Y<15>          |S<18>          |   12.427|
Y<15>          |S<19>          |   13.766|
Y<15>          |S<20>          |   15.097|
Y<15>          |S<21>          |   16.569|
Y<15>          |S<22>          |   16.527|
Y<15>          |S<23>          |   17.978|
Y<15>          |S<24>          |   18.152|
Y<15>          |S<25>          |   19.392|
Y<15>          |S<26>          |   20.683|
Y<15>          |S<27>          |   21.244|
Y<15>          |S<28>          |   22.496|
Y<15>          |S<29>          |   21.920|
Y<15>          |S<30>          |   23.976|
Y<15>          |S<31>          |   26.257|
Y<16>          |COUT           |   23.858|
Y<16>          |S<16>          |    9.397|
Y<16>          |S<17>          |    9.687|
Y<16>          |S<18>          |   11.181|
Y<16>          |S<19>          |   12.520|
Y<16>          |S<20>          |   13.851|
Y<16>          |S<21>          |   15.323|
Y<16>          |S<22>          |   15.281|
Y<16>          |S<23>          |   16.732|
Y<16>          |S<24>          |   16.906|
Y<16>          |S<25>          |   18.146|
Y<16>          |S<26>          |   19.437|
Y<16>          |S<27>          |   19.998|
Y<16>          |S<28>          |   21.250|
Y<16>          |S<29>          |   20.674|
Y<16>          |S<30>          |   22.730|
Y<16>          |S<31>          |   25.011|
Y<17>          |COUT           |   22.966|
Y<17>          |S<17>          |    8.822|
Y<17>          |S<18>          |   10.289|
Y<17>          |S<19>          |   11.628|
Y<17>          |S<20>          |   12.959|
Y<17>          |S<21>          |   14.431|
Y<17>          |S<22>          |   14.389|
Y<17>          |S<23>          |   15.840|
Y<17>          |S<24>          |   16.014|
Y<17>          |S<25>          |   17.254|
Y<17>          |S<26>          |   18.545|
Y<17>          |S<27>          |   19.106|
Y<17>          |S<28>          |   20.358|
Y<17>          |S<29>          |   19.782|
Y<17>          |S<30>          |   21.838|
Y<17>          |S<31>          |   24.119|
Y<18>          |COUT           |   20.787|
Y<18>          |S<18>          |    9.145|
Y<18>          |S<19>          |    9.449|
Y<18>          |S<20>          |   10.780|
Y<18>          |S<21>          |   12.252|
Y<18>          |S<22>          |   12.210|
Y<18>          |S<23>          |   13.661|
Y<18>          |S<24>          |   13.835|
Y<18>          |S<25>          |   15.075|
Y<18>          |S<26>          |   16.366|
Y<18>          |S<27>          |   16.927|
Y<18>          |S<28>          |   18.179|
Y<18>          |S<29>          |   17.603|
Y<18>          |S<30>          |   19.659|
Y<18>          |S<31>          |   21.940|
Y<19>          |COUT           |   20.564|
Y<19>          |S<19>          |    9.198|
Y<19>          |S<20>          |   10.557|
Y<19>          |S<21>          |   12.029|
Y<19>          |S<22>          |   11.987|
Y<19>          |S<23>          |   13.438|
Y<19>          |S<24>          |   13.612|
Y<19>          |S<25>          |   14.852|
Y<19>          |S<26>          |   16.143|
Y<19>          |S<27>          |   16.704|
Y<19>          |S<28>          |   17.956|
Y<19>          |S<29>          |   17.380|
Y<19>          |S<30>          |   19.436|
Y<19>          |S<31>          |   21.717|
Y<20>          |COUT           |   19.478|
Y<20>          |S<20>          |    8.750|
Y<20>          |S<21>          |   10.943|
Y<20>          |S<22>          |   10.901|
Y<20>          |S<23>          |   12.352|
Y<20>          |S<24>          |   12.526|
Y<20>          |S<25>          |   13.766|
Y<20>          |S<26>          |   15.057|
Y<20>          |S<27>          |   15.618|
Y<20>          |S<28>          |   16.870|
Y<20>          |S<29>          |   16.294|
Y<20>          |S<30>          |   18.350|
Y<20>          |S<31>          |   20.631|
Y<21>          |COUT           |   18.382|
Y<21>          |S<21>          |    9.363|
Y<21>          |S<22>          |    9.805|
Y<21>          |S<23>          |   11.256|
Y<21>          |S<24>          |   11.430|
Y<21>          |S<25>          |   12.670|
Y<21>          |S<26>          |   13.961|
Y<21>          |S<27>          |   14.522|
Y<21>          |S<28>          |   15.774|
Y<21>          |S<29>          |   15.198|
Y<21>          |S<30>          |   17.254|
Y<21>          |S<31>          |   19.535|
Y<22>          |COUT           |   17.709|
Y<22>          |S<22>          |    9.007|
Y<22>          |S<23>          |   10.583|
Y<22>          |S<24>          |   10.757|
Y<22>          |S<25>          |   11.997|
Y<22>          |S<26>          |   13.288|
Y<22>          |S<27>          |   13.849|
Y<22>          |S<28>          |   15.101|
Y<22>          |S<29>          |   14.525|
Y<22>          |S<30>          |   16.581|
Y<22>          |S<31>          |   18.862|
Y<23>          |COUT           |   17.094|
Y<23>          |S<23>          |    8.931|
Y<23>          |S<24>          |   10.142|
Y<23>          |S<25>          |   11.382|
Y<23>          |S<26>          |   12.673|
Y<23>          |S<27>          |   13.234|
Y<23>          |S<28>          |   14.486|
Y<23>          |S<29>          |   13.910|
Y<23>          |S<30>          |   15.966|
Y<23>          |S<31>          |   18.247|
Y<24>          |COUT           |   16.448|
Y<24>          |S<24>          |    8.637|
Y<24>          |S<25>          |   10.736|
Y<24>          |S<26>          |   12.027|
Y<24>          |S<27>          |   12.588|
Y<24>          |S<28>          |   13.840|
Y<24>          |S<29>          |   13.264|
Y<24>          |S<30>          |   15.320|
Y<24>          |S<31>          |   17.601|
Y<25>          |COUT           |   15.271|
Y<25>          |S<25>          |    9.100|
Y<25>          |S<26>          |   10.850|
Y<25>          |S<27>          |   11.411|
Y<25>          |S<28>          |   12.663|
Y<25>          |S<29>          |   12.087|
Y<25>          |S<30>          |   14.143|
Y<25>          |S<31>          |   16.424|
Y<26>          |COUT           |   13.526|
Y<26>          |S<26>          |    8.844|
Y<26>          |S<27>          |    9.666|
Y<26>          |S<28>          |   10.918|
Y<26>          |S<29>          |   10.342|
Y<26>          |S<30>          |   12.398|
Y<26>          |S<31>          |   14.679|
Y<27>          |COUT           |   14.434|
Y<27>          |S<27>          |    7.985|
Y<27>          |S<28>          |   11.826|
Y<27>          |S<29>          |   11.250|
Y<27>          |S<30>          |   13.306|
Y<27>          |S<31>          |   15.587|
Y<28>          |COUT           |   12.411|
Y<28>          |S<28>          |    8.976|
Y<28>          |S<29>          |    9.227|
Y<28>          |S<30>          |   11.283|
Y<28>          |S<31>          |   13.564|
Y<29>          |COUT           |   10.623|
Y<29>          |S<29>          |    6.935|
Y<29>          |S<30>          |    9.495|
Y<29>          |S<31>          |   11.776|
Y<30>          |COUT           |    9.374|
Y<30>          |S<30>          |    8.410|
Y<30>          |S<31>          |   10.527|
Y<31>          |COUT           |    9.287|
Y<31>          |S<31>          |    9.318|
sel            |COUT           |   42.137|
sel            |S<1>           |   12.260|
sel            |S<2>           |   13.182|
sel            |S<3>           |   14.599|
sel            |S<4>           |   14.999|
sel            |S<5>           |   17.000|
sel            |S<6>           |   17.257|
sel            |S<7>           |   18.086|
sel            |S<8>           |   19.517|
sel            |S<9>           |   20.902|
sel            |S<10>          |   22.767|
sel            |S<11>          |   23.663|
sel            |S<12>          |   24.393|
sel            |S<13>          |   24.939|
sel            |S<14>          |   26.203|
sel            |S<15>          |   27.742|
sel            |S<16>          |   27.512|
sel            |S<17>          |   27.966|
sel            |S<18>          |   29.460|
sel            |S<19>          |   30.799|
sel            |S<20>          |   32.130|
sel            |S<21>          |   33.602|
sel            |S<22>          |   33.560|
sel            |S<23>          |   35.011|
sel            |S<24>          |   35.185|
sel            |S<25>          |   36.425|
sel            |S<26>          |   37.716|
sel            |S<27>          |   38.277|
sel            |S<28>          |   39.529|
sel            |S<29>          |   38.953|
sel            |S<30>          |   41.009|
sel            |S<31>          |   43.290|
---------------+---------------+---------+


Analysis completed Thu Oct 06 20:19:01 2016 
--------------------------------------------------------------------------------

Trace Settings:
-------------------------
Trace Settings 

Peak Memory Usage: 180 MB



