Release 14.7 - xst P.20131013 (lin64)
Copyright (c) 1995-2013 Xilinx, Inc.  All rights reserved.
--> 
Parameter TMPDIR set to xst/projnav.tmp


Total REAL time to Xst completion: 0.00 secs
Total CPU time to Xst completion: 0.05 secs
 
--> 
Parameter xsthdpdir set to xst


Total REAL time to Xst completion: 0.00 secs
Total CPU time to Xst completion: 0.05 secs
 
--> 
Reading design: ALU.prj

TABLE OF CONTENTS
  1) Synthesis Options Summary
  2) HDL Compilation
  3) Design Hierarchy Analysis
  4) HDL Analysis
  5) HDL Synthesis
     5.1) HDL Synthesis Report
  6) Advanced HDL Synthesis
     6.1) Advanced HDL Synthesis Report
  7) Low Level Synthesis
  8) Partition Report
  9) Final Report
	9.1) Device utilization summary
	9.2) Partition Resource Summary
	9.3) TIMING REPORT


=========================================================================
*                      Synthesis Options Summary                        *
=========================================================================
---- Source Parameters
Input File Name                    : "ALU.prj"
Input Format                       : mixed
Ignore Synthesis Constraint File   : NO

---- Target Parameters
Output File Name                   : "ALU"
Output Format                      : NGC
Target Device                      : xc3s500e-4-fg320

---- Source Options
Top Module Name                    : ALU
Automatic FSM Extraction           : YES
FSM Encoding Algorithm             : Auto
Safe Implementation                : No
FSM Style                          : LUT
RAM Extraction                     : Yes
RAM Style                          : Auto
ROM Extraction                     : Yes
Mux Style                          : Auto
Decoder Extraction                 : YES
Priority Encoder Extraction        : Yes
Shift Register Extraction          : YES
Logical Shifter Extraction         : YES
XOR Collapsing                     : YES
ROM Style                          : Auto
Mux Extraction                     : Yes
Resource Sharing                   : YES
Asynchronous To Synchronous        : NO
Multiplier Style                   : Auto
Automatic Register Balancing       : No

---- Target Options
Add IO Buffers                     : YES
Global Maximum Fanout              : 100000
Add Generic Clock Buffer(BUFG)     : 24
Register Duplication               : YES
Slice Packing                      : YES
Optimize Instantiated Primitives   : NO
Use Clock Enable                   : Yes
Use Synchronous Set                : Yes
Use Synchronous Reset              : Yes
Pack IO Registers into IOBs        : Auto
Equivalent register Removal        : YES

---- General Options
Optimization Goal                  : Speed
Optimization Effort                : 1
Keep Hierarchy                     : No
Netlist Hierarchy                  : As_Optimized
RTL Output                         : Yes
Global Optimization                : AllClockNets
Read Cores                         : YES
Write Timing Constraints           : NO
Cross Clock Analysis               : NO
Hierarchy Separator                : /
Bus Delimiter                      : <>
Case Specifier                     : Maintain
Slice Utilization Ratio            : 100
BRAM Utilization Ratio             : 100
Verilog 2001                       : YES
Auto BRAM Packing                  : NO
Slice Utilization Ratio Delta      : 5

=========================================================================


=========================================================================
*                          HDL Compilation                              *
=========================================================================
WARNING:HDLParsers:3607 - Unit work/ALU is now defined in a different file.  It was defined in "C:/My Stuff/MIPS/MIPS/ALU.vhd", and is now defined in "/home/hossam/Projects/Vhdl/MIPS/ALU.vhd".
WARNING:HDLParsers:3607 - Unit work/ALU/Behavioral is now defined in a different file.  It was defined in "C:/My Stuff/MIPS/MIPS/ALU.vhd", and is now defined in "/home/hossam/Projects/Vhdl/MIPS/ALU.vhd".
Compiling vhdl file "/home/hossam/Projects/Vhdl/MIPS/Mux1b.vhd" in Library work.
Architecture behavioral of Entity mux1b is up to date.
Compiling vhdl file "/home/hossam/Projects/Vhdl/MIPS/MUX32b.vhd" in Library work.
Architecture behavioral of Entity mux32b is up to date.
Compiling vhdl file "/home/hossam/Projects/Vhdl/MIPS/FULL_ADDER.vhd" in Library work.
Architecture arch of Entity full_adder is up to date.
Compiling vhdl file "/home/hossam/Projects/Vhdl/MIPS/ADD_SUB.vhd" in Library work.
Architecture arch of Entity add_sub is up to date.
Compiling vhdl file "/home/hossam/Projects/Vhdl/MIPS/ALU.vhd" in Library work.
Architecture behavioral of Entity alu is up to date.

=========================================================================
*                     Design Hierarchy Analysis                         *
=========================================================================
Analyzing hierarchy for entity <ALU> in library <work> (architecture <behavioral>).

Analyzing hierarchy for entity <MUX32b> in library <work> (architecture <behavioral>).

Analyzing hierarchy for entity <ADD_SUB> in library <work> (architecture <arch>).

Analyzing hierarchy for entity <AND_OR32b> in library <work> (architecture <behavioral>).

Analyzing hierarchy for entity <MUX1b> in library <work> (architecture <behavioral>).

Analyzing hierarchy for entity <MUX32b> in library <work> (architecture <behavioral>).

Analyzing hierarchy for entity <Full_adder> in library <work> (architecture <arch>).

Analyzing hierarchy for entity <AND_OR> in library <work> (architecture <behavioral>).

Analyzing hierarchy for entity <MUX1b> in library <work> (architecture <behavioral>).

Analyzing hierarchy for entity <MUX1b> in library <work> (architecture <behavioral>).

Analyzing hierarchy for entity <MUX1b> in library <work> (architecture <behavioral>).

Analyzing hierarchy for entity <MUX1b> in library <work> (architecture <behavioral>).

Analyzing hierarchy for entity <MUX1b> in library <work> (architecture <behavioral>).

Analyzing hierarchy for entity <MUX1b> in library <work> (architecture <behavioral>).

Analyzing hierarchy for entity <MUX1b> in library <work> (architecture <behavioral>).

Analyzing hierarchy for entity <MUX1b> in library <work> (architecture <behavioral>).

Analyzing hierarchy for entity <MUX1b> in library <work> (architecture <behavioral>).

Analyzing hierarchy for entity <MUX1b> in library <work> (architecture <behavioral>).

Analyzing hierarchy for entity <MUX1b> in library <work> (architecture <behavioral>).

Analyzing hierarchy for entity <MUX1b> in library <work> (architecture <behavioral>).

Analyzing hierarchy for entity <MUX1b> in library <work> (architecture <behavioral>).

Analyzing hierarchy for entity <MUX1b> in library <work> (architecture <behavioral>).

Analyzing hierarchy for entity <MUX1b> in library <work> (architecture <behavioral>).

Analyzing hierarchy for entity <MUX1b> in library <work> (architecture <behavioral>).

Analyzing hierarchy for entity <MUX1b> in library <work> (architecture <behavioral>).

Analyzing hierarchy for entity <MUX1b> in library <work> (architecture <behavioral>).

Analyzing hierarchy for entity <MUX1b> in library <work> (architecture <behavioral>).

Analyzing hierarchy for entity <MUX1b> in library <work> (architecture <behavioral>).

Analyzing hierarchy for entity <MUX1b> in library <work> (architecture <behavioral>).

Analyzing hierarchy for entity <MUX1b> in library <work> (architecture <behavioral>).

Analyzing hierarchy for entity <MUX1b> in library <work> (architecture <behavioral>).

Analyzing hierarchy for entity <MUX1b> in library <work> (architecture <behavioral>).

Analyzing hierarchy for entity <MUX1b> in library <work> (architecture <behavioral>).

Analyzing hierarchy for entity <MUX1b> in library <work> (architecture <behavioral>).

Analyzing hierarchy for entity <MUX1b> in library <work> (architecture <behavioral>).

Analyzing hierarchy for entity <MUX1b> in library <work> (architecture <behavioral>).

Analyzing hierarchy for entity <MUX1b> in library <work> (architecture <behavioral>).

Analyzing hierarchy for entity <MUX1b> in library <work> (architecture <behavioral>).

Analyzing hierarchy for entity <MUX1b> in library <work> (architecture <behavioral>).

Analyzing hierarchy for entity <MUX1b> in library <work> (architecture <behavioral>).


=========================================================================
*                            HDL Analysis                               *
=========================================================================
Analyzing Entity <ALU> in library <work> (Architecture <behavioral>).
Entity <ALU> analyzed. Unit <ALU> generated.

Analyzing Entity <MUX32b> in library <work> (Architecture <behavioral>).
Entity <MUX32b> analyzed. Unit <MUX32b> generated.

Analyzing Entity <MUX1b> in library <work> (Architecture <behavioral>).
Entity <MUX1b> analyzed. Unit <MUX1b> generated.

Analyzing Entity <ADD_SUB> in library <work> (Architecture <arch>).
Entity <ADD_SUB> analyzed. Unit <ADD_SUB> generated.

Analyzing Entity <Full_adder> in library <work> (Architecture <arch>).
Entity <Full_adder> analyzed. Unit <Full_adder> generated.

Analyzing Entity <AND_OR32b> in library <work> (Architecture <behavioral>).
Entity <AND_OR32b> analyzed. Unit <AND_OR32b> generated.

Analyzing Entity <AND_OR> in library <work> (Architecture <behavioral>).
Entity <AND_OR> analyzed. Unit <AND_OR> generated.


=========================================================================
*                           HDL Synthesis                               *
=========================================================================

Performing bidirectional port resolution...

Synthesizing Unit <MUX1b>.
    Related source file is "/home/hossam/Projects/Vhdl/MIPS/Mux1b.vhd".
Unit <MUX1b> synthesized.


Synthesizing Unit <Full_adder>.
    Related source file is "/home/hossam/Projects/Vhdl/MIPS/FULL_ADDER.vhd".
    Found 1-bit xor3 for signal <S>.
    Summary:
	inferred   1 Xor(s).
Unit <Full_adder> synthesized.


Synthesizing Unit <AND_OR>.
    Related source file is "C:/My Stuff/MIPS/MIPS/AND_OR.vhd".
Unit <AND_OR> synthesized.


Synthesizing Unit <MUX32b>.
    Related source file is "/home/hossam/Projects/Vhdl/MIPS/MUX32b.vhd".
Unit <MUX32b> synthesized.


Synthesizing Unit <AND_OR32b>.
    Related source file is "C:/My Stuff/MIPS/MIPS/AND_OR32b.vhd".
Unit <AND_OR32b> synthesized.


Synthesizing Unit <ADD_SUB>.
    Related source file is "/home/hossam/Projects/Vhdl/MIPS/ADD_SUB.vhd".
Unit <ADD_SUB> synthesized.


Synthesizing Unit <ALU>.
    Related source file is "/home/hossam/Projects/Vhdl/MIPS/ALU.vhd".
WARNING:Xst:646 - Signal <COUT> is assigned but never used. This unconnected signal will be trimmed during the optimization process.
Unit <ALU> synthesized.


=========================================================================
HDL Synthesis Report

Macro Statistics
# Xors                                                 : 32
 1-bit xor3                                            : 32

=========================================================================

=========================================================================
*                       Advanced HDL Synthesis                          *
=========================================================================


=========================================================================
Advanced HDL Synthesis Report

Macro Statistics
# Xors                                                 : 32
 1-bit xor3                                            : 32

=========================================================================

=========================================================================
*                         Low Level Synthesis                           *
=========================================================================

Optimizing unit <ALU> ...

Mapping all equations...
Building and optimizing final netlist ...
Found area constraint ratio of 100 (+ 5) on block ALU, actual ratio is 1.

Final Macro Processing ...

=========================================================================
Final Register Report

Found no macro
=========================================================================

=========================================================================
*                           Partition Report                            *
=========================================================================

Partition Implementation Status
-------------------------------

  No Partitions were found in this design.

-------------------------------

=========================================================================
*                            Final Report                               *
=========================================================================
Final Results
RTL Top Level Output File Name     : ALU.ngr
Top Level Output File Name         : ALU
Output Format                      : NGC
Optimization Goal                  : Speed
Keep Hierarchy                     : No

Design Statistics
# IOs                              : 131

Cell Usage :
# BELS                             : 159
#      LUT3                        : 35
#      LUT4                        : 93
#      MUXF5                       : 31
# IO Buffers                       : 131
#      IBUF                        : 99
#      OBUF                        : 32
=========================================================================

Device utilization summary:
---------------------------

Selected Device : 3s500efg320-4 

 Number of Slices:                       69  out of   4656     1%  
 Number of 4 input LUTs:                128  out of   9312     1%  
 Number of IOs:                         131
 Number of bonded IOBs:                 131  out of    232    56%  

---------------------------
Partition Resource Summary:
---------------------------

  No Partitions were found in this design.

---------------------------


=========================================================================
TIMING REPORT

NOTE: THESE TIMING NUMBERS ARE ONLY A SYNTHESIS ESTIMATE.
      FOR ACCURATE TIMING INFORMATION PLEASE REFER TO THE TRACE REPORT
      GENERATED AFTER PLACE-and-ROUTE.

Clock Information:
------------------
No clock signals found in this design

Asynchronous Control Signals Information:
----------------------------------------
No asynchronous control signals found in this design

Timing Summary:
---------------
Speed Grade: -4

   Minimum period: No path found
   Minimum input arrival time before clock: No path found
   Maximum output required time after clock: No path found
   Maximum combinational path delay: 49.954ns

Timing Detail:
--------------
All values displayed in nanoseconds (ns)

=========================================================================
Timing constraint: Default path analysis
  Total number of paths / destination ports: 5397 / 32
-------------------------------------------------------------------------
Delay:               49.954ns (Levels of Logic = 35)
  Source:            ALU_inSel (PAD)
  Destination:       ALU_Out<30> (PAD)

  Data Path: ALU_inSel to ALU_Out<30>
                                Gate     Net
    Cell:in->out      fanout   Delay   Delay  Logical Name (Net Name)
    ----------------------------------------  ------------
     IBUF:I->O            33   1.218   1.438  ALU_inSel_IBUF (ALU_inSel_IBUF)
     LUT3:I0->O            4   0.704   0.666  input_MUX/MUX_gen[0].MUX/Z1 (Y<0>)
     LUT4:I1->O            1   0.704   0.000  AddSub/GEN_ADDER[1].Next_FA/COUT12 (AddSub/GEN_ADDER[1].Next_FA/COUT11)
     MUXF5:I0->O           3   0.321   0.706  AddSub/GEN_ADDER[1].Next_FA/COUT1_f5 (AddSub/Carry<1>)
     LUT4:I0->O            3   0.704   0.706  AddSub/GEN_ADDER[2].Next_FA/COUT1 (AddSub/Carry<2>)
     LUT4:I0->O            3   0.704   0.706  AddSub/GEN_ADDER[3].Next_FA/COUT1 (AddSub/Carry<3>)
     LUT4:I0->O            3   0.704   0.706  AddSub/GEN_ADDER[4].Next_FA/COUT1 (AddSub/Carry<4>)
     LUT4:I0->O            3   0.704   0.706  AddSub/GEN_ADDER[5].Next_FA/COUT1 (AddSub/Carry<5>)
     LUT4:I0->O            3   0.704   0.706  AddSub/GEN_ADDER[6].Next_FA/COUT1 (AddSub/Carry<6>)
     LUT4:I0->O            3   0.704   0.706  AddSub/GEN_ADDER[7].Next_FA/COUT1 (AddSub/Carry<7>)
     LUT4:I0->O            3   0.704   0.706  AddSub/GEN_ADDER[8].Next_FA/COUT1 (AddSub/Carry<8>)
     LUT4:I0->O            3   0.704   0.706  AddSub/GEN_ADDER[9].Next_FA/COUT1 (AddSub/Carry<9>)
     LUT4:I0->O            3   0.704   0.706  AddSub/GEN_ADDER[10].Next_FA/COUT1 (AddSub/Carry<10>)
     LUT4:I0->O            3   0.704   0.706  AddSub/GEN_ADDER[11].Next_FA/COUT1 (AddSub/Carry<11>)
     LUT4:I0->O            3   0.704   0.706  AddSub/GEN_ADDER[12].Next_FA/COUT1 (AddSub/Carry<12>)
     LUT4:I0->O            3   0.704   0.706  AddSub/GEN_ADDER[13].Next_FA/COUT1 (AddSub/Carry<13>)
     LUT4:I0->O            3   0.704   0.706  AddSub/GEN_ADDER[14].Next_FA/COUT1 (AddSub/Carry<14>)
     LUT4:I0->O            3   0.704   0.706  AddSub/GEN_ADDER[15].Next_FA/COUT1 (AddSub/Carry<15>)
     LUT4:I0->O            3   0.704   0.706  AddSub/GEN_ADDER[16].Next_FA/COUT1 (AddSub/Carry<16>)
     LUT4:I0->O            3   0.704   0.706  AddSub/GEN_ADDER[17].Next_FA/COUT1 (AddSub/Carry<17>)
     LUT4:I0->O            3   0.704   0.706  AddSub/GEN_ADDER[18].Next_FA/COUT1 (AddSub/Carry<18>)
     LUT4:I0->O            3   0.704   0.706  AddSub/GEN_ADDER[19].Next_FA/COUT1 (AddSub/Carry<19>)
     LUT4:I0->O            3   0.704   0.706  AddSub/GEN_ADDER[20].Next_FA/COUT1 (AddSub/Carry<20>)
     LUT4:I0->O            3   0.704   0.706  AddSub/GEN_ADDER[21].Next_FA/COUT1 (AddSub/Carry<21>)
     LUT4:I0->O            3   0.704   0.706  AddSub/GEN_ADDER[22].Next_FA/COUT1 (AddSub/Carry<22>)
     LUT4:I0->O            3   0.704   0.706  AddSub/GEN_ADDER[23].Next_FA/COUT1 (AddSub/Carry<23>)
     LUT4:I0->O            3   0.704   0.706  AddSub/GEN_ADDER[24].Next_FA/COUT1 (AddSub/Carry<24>)
     LUT4:I0->O            3   0.704   0.706  AddSub/GEN_ADDER[25].Next_FA/COUT1 (AddSub/Carry<25>)
     LUT4:I0->O            3   0.704   0.706  AddSub/GEN_ADDER[26].Next_FA/COUT1 (AddSub/Carry<26>)
     LUT4:I0->O            3   0.704   0.706  AddSub/GEN_ADDER[27].Next_FA/COUT1 (AddSub/Carry<27>)
     LUT4:I0->O            3   0.704   0.706  AddSub/GEN_ADDER[28].Next_FA/COUT1 (AddSub/Carry<28>)
     LUT4:I0->O            3   0.704   0.706  AddSub/GEN_ADDER[29].Next_FA/COUT1 (AddSub/Carry<29>)
     LUT4:I0->O            1   0.704   0.000  Output_select/MUX_gen[30].MUX/Z_F (N185)
     MUXF5:I0->O           1   0.321   0.420  Output_select/MUX_gen[30].MUX/Z (ALU_Out_30_OBUF)
     OBUF:I->O                 3.272          ALU_Out_30_OBUF (ALU_Out<30>)
    ----------------------------------------
    Total                     49.954ns (26.956ns logic, 22.998ns route)
                                       (54.0% logic, 46.0% route)

=========================================================================


Total REAL time to Xst completion: 4.00 secs
Total CPU time to Xst completion: 4.85 secs
 
--> 


Total memory usage is 517400 kilobytes

Number of errors   :    0 (   0 filtered)
Number of warnings :    3 (   0 filtered)
Number of infos    :    0 (   0 filtered)

