--------------------------------------------------------------------------------
Release 14.7 Trace  (nt64)
Copyright (c) 1995-2013 Xilinx, Inc.  All rights reserved.

E:\xilinx_new\14.7\ISE_DS\ISE\bin\nt64\unwrapped\trce.exe -intstyle ise -v 3 -s
4 -n 3 -fastpaths -xml BranchDecider.twx BranchDecider.ncd -o BranchDecider.twr
BranchDecider.pcf

Design file:              BranchDecider.ncd
Physical constraint file: BranchDecider.pcf
Device,package,speed:     xc3s500e,fg320,-4 (PRODUCTION 1.27 2013-10-13)
Report level:             verbose report

Environment Variable      Effect 
--------------------      ------ 
NONE                      No environment variables were set
--------------------------------------------------------------------------------

INFO:Timing:2698 - No timing constraints found, doing default enumeration.
INFO:Timing:3412 - To improve timing, see the Timing Closure User Guide (UG612).
INFO:Timing:2752 - To get complete path coverage, use the unconstrained paths 
   option. All paths that are not constrained will be reported in the 
   unconstrained paths section(s) of the report.
INFO:Timing:3339 - The clock-to-out numbers in this timing report are based on 
   a 50 Ohm transmission line loading model.  For the details of this model, 
   and for more information on accounting for different loading conditions, 
   please see the device datasheet.
INFO:Timing:3390 - This architecture does not support a default System Jitter 
   value, please add SYSTEM_JITTER constraint to the UCF to modify the Clock 
   Uncertainty calculation.
INFO:Timing:3389 - This architecture does not support 'Discrete Jitter' and 
   'Phase Error' calculations, these terms will be zero in the Clock 
   Uncertainty calculation.  Please make appropriate modification to 
   SYSTEM_JITTER to account for the unsupported Discrete Jitter and Phase 
   Error.



Data Sheet report:
-----------------
All values displayed in nanoseconds (ns)

Pad to Pad
---------------+---------------+---------+
Source Pad     |Destination Pad|  Delay  |
---------------+---------------+---------+
A<0>           |OUTPUT<0>      |   13.222|
A<0>           |OUTPUT<1>      |   13.628|
A<0>           |OUTPUT<2>      |   13.008|
A<0>           |OUTPUT<3>      |   14.495|
A<0>           |OUTPUT<4>      |   12.665|
A<0>           |OUTPUT<5>      |   13.534|
A<0>           |OUTPUT<6>      |   13.981|
A<0>           |OUTPUT<7>      |   14.696|
A<0>           |OUTPUT<8>      |   15.716|
A<0>           |OUTPUT<9>      |   14.412|
A<0>           |OUTPUT<10>     |   14.525|
A<0>           |OUTPUT<11>     |   15.377|
A<0>           |OUTPUT<12>     |   14.698|
A<0>           |OUTPUT<13>     |   14.475|
A<0>           |OUTPUT<14>     |   14.169|
A<0>           |OUTPUT<15>     |   14.162|
A<0>           |OUTPUT<16>     |   14.551|
A<0>           |OUTPUT<17>     |   14.453|
A<0>           |OUTPUT<18>     |   13.281|
A<0>           |OUTPUT<19>     |   13.937|
A<0>           |OUTPUT<20>     |   14.075|
A<0>           |OUTPUT<21>     |   14.479|
A<0>           |OUTPUT<22>     |   13.513|
A<0>           |OUTPUT<23>     |   13.906|
A<0>           |OUTPUT<24>     |   13.980|
A<0>           |OUTPUT<25>     |   13.968|
A<0>           |OUTPUT<26>     |   14.353|
A<0>           |OUTPUT<27>     |   13.896|
A<0>           |OUTPUT<28>     |   14.363|
A<0>           |OUTPUT<29>     |   12.981|
A<0>           |OUTPUT<30>     |   13.904|
A<0>           |OUTPUT<31>     |   14.462|
A<1>           |OUTPUT<0>      |   13.236|
A<1>           |OUTPUT<1>      |   13.642|
A<1>           |OUTPUT<2>      |   13.022|
A<1>           |OUTPUT<3>      |   14.509|
A<1>           |OUTPUT<4>      |   12.679|
A<1>           |OUTPUT<5>      |   13.548|
A<1>           |OUTPUT<6>      |   13.995|
A<1>           |OUTPUT<7>      |   14.710|
A<1>           |OUTPUT<8>      |   15.730|
A<1>           |OUTPUT<9>      |   14.426|
A<1>           |OUTPUT<10>     |   14.539|
A<1>           |OUTPUT<11>     |   15.391|
A<1>           |OUTPUT<12>     |   14.712|
A<1>           |OUTPUT<13>     |   14.489|
A<1>           |OUTPUT<14>     |   14.183|
A<1>           |OUTPUT<15>     |   14.176|
A<1>           |OUTPUT<16>     |   14.565|
A<1>           |OUTPUT<17>     |   14.467|
A<1>           |OUTPUT<18>     |   13.295|
A<1>           |OUTPUT<19>     |   13.951|
A<1>           |OUTPUT<20>     |   14.089|
A<1>           |OUTPUT<21>     |   14.493|
A<1>           |OUTPUT<22>     |   13.527|
A<1>           |OUTPUT<23>     |   13.920|
A<1>           |OUTPUT<24>     |   13.994|
A<1>           |OUTPUT<25>     |   13.982|
A<1>           |OUTPUT<26>     |   14.367|
A<1>           |OUTPUT<27>     |   13.910|
A<1>           |OUTPUT<28>     |   14.377|
A<1>           |OUTPUT<29>     |   12.995|
A<1>           |OUTPUT<30>     |   13.918|
A<1>           |OUTPUT<31>     |   14.476|
A<2>           |OUTPUT<0>      |   13.331|
A<2>           |OUTPUT<1>      |   13.737|
A<2>           |OUTPUT<2>      |   13.117|
A<2>           |OUTPUT<3>      |   14.604|
A<2>           |OUTPUT<4>      |   12.774|
A<2>           |OUTPUT<5>      |   13.643|
A<2>           |OUTPUT<6>      |   14.090|
A<2>           |OUTPUT<7>      |   14.805|
A<2>           |OUTPUT<8>      |   15.825|
A<2>           |OUTPUT<9>      |   14.521|
A<2>           |OUTPUT<10>     |   14.634|
A<2>           |OUTPUT<11>     |   15.486|
A<2>           |OUTPUT<12>     |   14.807|
A<2>           |OUTPUT<13>     |   14.584|
A<2>           |OUTPUT<14>     |   14.278|
A<2>           |OUTPUT<15>     |   14.271|
A<2>           |OUTPUT<16>     |   14.660|
A<2>           |OUTPUT<17>     |   14.562|
A<2>           |OUTPUT<18>     |   13.390|
A<2>           |OUTPUT<19>     |   14.046|
A<2>           |OUTPUT<20>     |   14.184|
A<2>           |OUTPUT<21>     |   14.588|
A<2>           |OUTPUT<22>     |   13.622|
A<2>           |OUTPUT<23>     |   14.015|
A<2>           |OUTPUT<24>     |   14.089|
A<2>           |OUTPUT<25>     |   14.077|
A<2>           |OUTPUT<26>     |   14.462|
A<2>           |OUTPUT<27>     |   14.005|
A<2>           |OUTPUT<28>     |   14.472|
A<2>           |OUTPUT<29>     |   13.090|
A<2>           |OUTPUT<30>     |   14.013|
A<2>           |OUTPUT<31>     |   14.571|
A<3>           |OUTPUT<0>      |   13.718|
A<3>           |OUTPUT<1>      |   14.124|
A<3>           |OUTPUT<2>      |   13.504|
A<3>           |OUTPUT<3>      |   14.991|
A<3>           |OUTPUT<4>      |   13.161|
A<3>           |OUTPUT<5>      |   14.030|
A<3>           |OUTPUT<6>      |   14.477|
A<3>           |OUTPUT<7>      |   15.192|
A<3>           |OUTPUT<8>      |   16.212|
A<3>           |OUTPUT<9>      |   14.908|
A<3>           |OUTPUT<10>     |   15.021|
A<3>           |OUTPUT<11>     |   15.873|
A<3>           |OUTPUT<12>     |   15.194|
A<3>           |OUTPUT<13>     |   14.971|
A<3>           |OUTPUT<14>     |   14.665|
A<3>           |OUTPUT<15>     |   14.658|
A<3>           |OUTPUT<16>     |   15.047|
A<3>           |OUTPUT<17>     |   14.949|
A<3>           |OUTPUT<18>     |   13.777|
A<3>           |OUTPUT<19>     |   14.433|
A<3>           |OUTPUT<20>     |   14.571|
A<3>           |OUTPUT<21>     |   14.975|
A<3>           |OUTPUT<22>     |   14.009|
A<3>           |OUTPUT<23>     |   14.402|
A<3>           |OUTPUT<24>     |   14.476|
A<3>           |OUTPUT<25>     |   14.464|
A<3>           |OUTPUT<26>     |   14.849|
A<3>           |OUTPUT<27>     |   14.392|
A<3>           |OUTPUT<28>     |   14.859|
A<3>           |OUTPUT<29>     |   13.477|
A<3>           |OUTPUT<30>     |   14.400|
A<3>           |OUTPUT<31>     |   14.958|
A<4>           |OUTPUT<0>      |   13.693|
A<4>           |OUTPUT<1>      |   14.099|
A<4>           |OUTPUT<2>      |   13.479|
A<4>           |OUTPUT<3>      |   14.966|
A<4>           |OUTPUT<4>      |   13.136|
A<4>           |OUTPUT<5>      |   14.005|
A<4>           |OUTPUT<6>      |   14.452|
A<4>           |OUTPUT<7>      |   15.167|
A<4>           |OUTPUT<8>      |   16.187|
A<4>           |OUTPUT<9>      |   14.883|
A<4>           |OUTPUT<10>     |   14.996|
A<4>           |OUTPUT<11>     |   15.848|
A<4>           |OUTPUT<12>     |   15.169|
A<4>           |OUTPUT<13>     |   14.946|
A<4>           |OUTPUT<14>     |   14.640|
A<4>           |OUTPUT<15>     |   14.633|
A<4>           |OUTPUT<16>     |   15.022|
A<4>           |OUTPUT<17>     |   14.924|
A<4>           |OUTPUT<18>     |   13.752|
A<4>           |OUTPUT<19>     |   14.408|
A<4>           |OUTPUT<20>     |   14.546|
A<4>           |OUTPUT<21>     |   14.950|
A<4>           |OUTPUT<22>     |   13.984|
A<4>           |OUTPUT<23>     |   14.377|
A<4>           |OUTPUT<24>     |   14.451|
A<4>           |OUTPUT<25>     |   14.439|
A<4>           |OUTPUT<26>     |   14.824|
A<4>           |OUTPUT<27>     |   14.367|
A<4>           |OUTPUT<28>     |   14.834|
A<4>           |OUTPUT<29>     |   13.452|
A<4>           |OUTPUT<30>     |   14.375|
A<4>           |OUTPUT<31>     |   14.933|
A<5>           |OUTPUT<0>      |   13.374|
A<5>           |OUTPUT<1>      |   13.780|
A<5>           |OUTPUT<2>      |   13.160|
A<5>           |OUTPUT<3>      |   14.647|
A<5>           |OUTPUT<4>      |   12.817|
A<5>           |OUTPUT<5>      |   13.686|
A<5>           |OUTPUT<6>      |   14.133|
A<5>           |OUTPUT<7>      |   14.848|
A<5>           |OUTPUT<8>      |   15.868|
A<5>           |OUTPUT<9>      |   14.564|
A<5>           |OUTPUT<10>     |   14.677|
A<5>           |OUTPUT<11>     |   15.529|
A<5>           |OUTPUT<12>     |   14.850|
A<5>           |OUTPUT<13>     |   14.627|
A<5>           |OUTPUT<14>     |   14.321|
A<5>           |OUTPUT<15>     |   14.314|
A<5>           |OUTPUT<16>     |   14.703|
A<5>           |OUTPUT<17>     |   14.605|
A<5>           |OUTPUT<18>     |   13.433|
A<5>           |OUTPUT<19>     |   14.089|
A<5>           |OUTPUT<20>     |   14.227|
A<5>           |OUTPUT<21>     |   14.631|
A<5>           |OUTPUT<22>     |   13.665|
A<5>           |OUTPUT<23>     |   14.058|
A<5>           |OUTPUT<24>     |   14.132|
A<5>           |OUTPUT<25>     |   14.120|
A<5>           |OUTPUT<26>     |   14.505|
A<5>           |OUTPUT<27>     |   14.048|
A<5>           |OUTPUT<28>     |   14.515|
A<5>           |OUTPUT<29>     |   13.133|
A<5>           |OUTPUT<30>     |   14.056|
A<5>           |OUTPUT<31>     |   14.614|
A<6>           |OUTPUT<0>      |   13.302|
A<6>           |OUTPUT<1>      |   13.708|
A<6>           |OUTPUT<2>      |   13.088|
A<6>           |OUTPUT<3>      |   14.575|
A<6>           |OUTPUT<4>      |   12.745|
A<6>           |OUTPUT<5>      |   13.614|
A<6>           |OUTPUT<6>      |   14.061|
A<6>           |OUTPUT<7>      |   14.776|
A<6>           |OUTPUT<8>      |   15.796|
A<6>           |OUTPUT<9>      |   14.492|
A<6>           |OUTPUT<10>     |   14.605|
A<6>           |OUTPUT<11>     |   15.457|
A<6>           |OUTPUT<12>     |   14.778|
A<6>           |OUTPUT<13>     |   14.555|
A<6>           |OUTPUT<14>     |   14.249|
A<6>           |OUTPUT<15>     |   14.242|
A<6>           |OUTPUT<16>     |   14.631|
A<6>           |OUTPUT<17>     |   14.533|
A<6>           |OUTPUT<18>     |   13.361|
A<6>           |OUTPUT<19>     |   14.017|
A<6>           |OUTPUT<20>     |   14.155|
A<6>           |OUTPUT<21>     |   14.559|
A<6>           |OUTPUT<22>     |   13.593|
A<6>           |OUTPUT<23>     |   13.986|
A<6>           |OUTPUT<24>     |   14.060|
A<6>           |OUTPUT<25>     |   14.048|
A<6>           |OUTPUT<26>     |   14.433|
A<6>           |OUTPUT<27>     |   13.976|
A<6>           |OUTPUT<28>     |   14.443|
A<6>           |OUTPUT<29>     |   13.061|
A<6>           |OUTPUT<30>     |   13.984|
A<6>           |OUTPUT<31>     |   14.542|
A<7>           |OUTPUT<0>      |   13.488|
A<7>           |OUTPUT<1>      |   13.894|
A<7>           |OUTPUT<2>      |   13.274|
A<7>           |OUTPUT<3>      |   14.761|
A<7>           |OUTPUT<4>      |   12.931|
A<7>           |OUTPUT<5>      |   13.800|
A<7>           |OUTPUT<6>      |   14.247|
A<7>           |OUTPUT<7>      |   14.962|
A<7>           |OUTPUT<8>      |   15.982|
A<7>           |OUTPUT<9>      |   14.678|
A<7>           |OUTPUT<10>     |   14.791|
A<7>           |OUTPUT<11>     |   15.643|
A<7>           |OUTPUT<12>     |   14.964|
A<7>           |OUTPUT<13>     |   14.741|
A<7>           |OUTPUT<14>     |   14.435|
A<7>           |OUTPUT<15>     |   14.428|
A<7>           |OUTPUT<16>     |   14.817|
A<7>           |OUTPUT<17>     |   14.719|
A<7>           |OUTPUT<18>     |   13.547|
A<7>           |OUTPUT<19>     |   14.203|
A<7>           |OUTPUT<20>     |   14.341|
A<7>           |OUTPUT<21>     |   14.745|
A<7>           |OUTPUT<22>     |   13.779|
A<7>           |OUTPUT<23>     |   14.172|
A<7>           |OUTPUT<24>     |   14.246|
A<7>           |OUTPUT<25>     |   14.234|
A<7>           |OUTPUT<26>     |   14.619|
A<7>           |OUTPUT<27>     |   14.162|
A<7>           |OUTPUT<28>     |   14.629|
A<7>           |OUTPUT<29>     |   13.247|
A<7>           |OUTPUT<30>     |   14.170|
A<7>           |OUTPUT<31>     |   14.728|
A<8>           |OUTPUT<0>      |   13.283|
A<8>           |OUTPUT<1>      |   13.689|
A<8>           |OUTPUT<2>      |   13.069|
A<8>           |OUTPUT<3>      |   14.556|
A<8>           |OUTPUT<4>      |   12.726|
A<8>           |OUTPUT<5>      |   13.595|
A<8>           |OUTPUT<6>      |   14.042|
A<8>           |OUTPUT<7>      |   14.757|
A<8>           |OUTPUT<8>      |   15.777|
A<8>           |OUTPUT<9>      |   14.473|
A<8>           |OUTPUT<10>     |   14.586|
A<8>           |OUTPUT<11>     |   15.438|
A<8>           |OUTPUT<12>     |   14.759|
A<8>           |OUTPUT<13>     |   14.536|
A<8>           |OUTPUT<14>     |   14.230|
A<8>           |OUTPUT<15>     |   14.223|
A<8>           |OUTPUT<16>     |   14.612|
A<8>           |OUTPUT<17>     |   14.514|
A<8>           |OUTPUT<18>     |   13.342|
A<8>           |OUTPUT<19>     |   13.998|
A<8>           |OUTPUT<20>     |   14.136|
A<8>           |OUTPUT<21>     |   14.540|
A<8>           |OUTPUT<22>     |   13.574|
A<8>           |OUTPUT<23>     |   13.967|
A<8>           |OUTPUT<24>     |   14.041|
A<8>           |OUTPUT<25>     |   14.029|
A<8>           |OUTPUT<26>     |   14.414|
A<8>           |OUTPUT<27>     |   13.957|
A<8>           |OUTPUT<28>     |   14.424|
A<8>           |OUTPUT<29>     |   13.042|
A<8>           |OUTPUT<30>     |   13.965|
A<8>           |OUTPUT<31>     |   14.523|
A<9>           |OUTPUT<0>      |   13.150|
A<9>           |OUTPUT<1>      |   13.556|
A<9>           |OUTPUT<2>      |   12.936|
A<9>           |OUTPUT<3>      |   14.423|
A<9>           |OUTPUT<4>      |   12.593|
A<9>           |OUTPUT<5>      |   13.462|
A<9>           |OUTPUT<6>      |   13.909|
A<9>           |OUTPUT<7>      |   14.624|
A<9>           |OUTPUT<8>      |   15.644|
A<9>           |OUTPUT<9>      |   14.340|
A<9>           |OUTPUT<10>     |   14.453|
A<9>           |OUTPUT<11>     |   15.305|
A<9>           |OUTPUT<12>     |   14.626|
A<9>           |OUTPUT<13>     |   14.403|
A<9>           |OUTPUT<14>     |   14.097|
A<9>           |OUTPUT<15>     |   14.090|
A<9>           |OUTPUT<16>     |   14.479|
A<9>           |OUTPUT<17>     |   14.381|
A<9>           |OUTPUT<18>     |   13.209|
A<9>           |OUTPUT<19>     |   13.865|
A<9>           |OUTPUT<20>     |   14.003|
A<9>           |OUTPUT<21>     |   14.407|
A<9>           |OUTPUT<22>     |   13.441|
A<9>           |OUTPUT<23>     |   13.834|
A<9>           |OUTPUT<24>     |   13.908|
A<9>           |OUTPUT<25>     |   13.896|
A<9>           |OUTPUT<26>     |   14.281|
A<9>           |OUTPUT<27>     |   13.824|
A<9>           |OUTPUT<28>     |   14.291|
A<9>           |OUTPUT<29>     |   12.909|
A<9>           |OUTPUT<30>     |   13.832|
A<9>           |OUTPUT<31>     |   14.390|
A<10>          |OUTPUT<0>      |   13.408|
A<10>          |OUTPUT<1>      |   13.814|
A<10>          |OUTPUT<2>      |   13.194|
A<10>          |OUTPUT<3>      |   14.681|
A<10>          |OUTPUT<4>      |   12.851|
A<10>          |OUTPUT<5>      |   13.720|
A<10>          |OUTPUT<6>      |   14.167|
A<10>          |OUTPUT<7>      |   14.882|
A<10>          |OUTPUT<8>      |   15.902|
A<10>          |OUTPUT<9>      |   14.598|
A<10>          |OUTPUT<10>     |   14.711|
A<10>          |OUTPUT<11>     |   15.563|
A<10>          |OUTPUT<12>     |   14.884|
A<10>          |OUTPUT<13>     |   14.661|
A<10>          |OUTPUT<14>     |   14.355|
A<10>          |OUTPUT<15>     |   14.348|
A<10>          |OUTPUT<16>     |   14.737|
A<10>          |OUTPUT<17>     |   14.639|
A<10>          |OUTPUT<18>     |   13.467|
A<10>          |OUTPUT<19>     |   14.123|
A<10>          |OUTPUT<20>     |   14.261|
A<10>          |OUTPUT<21>     |   14.665|
A<10>          |OUTPUT<22>     |   13.699|
A<10>          |OUTPUT<23>     |   14.092|
A<10>          |OUTPUT<24>     |   14.166|
A<10>          |OUTPUT<25>     |   14.154|
A<10>          |OUTPUT<26>     |   14.539|
A<10>          |OUTPUT<27>     |   14.082|
A<10>          |OUTPUT<28>     |   14.549|
A<10>          |OUTPUT<29>     |   13.167|
A<10>          |OUTPUT<30>     |   14.090|
A<10>          |OUTPUT<31>     |   14.648|
A<11>          |OUTPUT<0>      |   12.956|
A<11>          |OUTPUT<1>      |   13.362|
A<11>          |OUTPUT<2>      |   12.742|
A<11>          |OUTPUT<3>      |   14.229|
A<11>          |OUTPUT<4>      |   12.399|
A<11>          |OUTPUT<5>      |   13.268|
A<11>          |OUTPUT<6>      |   13.715|
A<11>          |OUTPUT<7>      |   14.430|
A<11>          |OUTPUT<8>      |   15.450|
A<11>          |OUTPUT<9>      |   14.146|
A<11>          |OUTPUT<10>     |   14.259|
A<11>          |OUTPUT<11>     |   15.111|
A<11>          |OUTPUT<12>     |   14.432|
A<11>          |OUTPUT<13>     |   14.209|
A<11>          |OUTPUT<14>     |   13.903|
A<11>          |OUTPUT<15>     |   13.896|
A<11>          |OUTPUT<16>     |   14.285|
A<11>          |OUTPUT<17>     |   14.187|
A<11>          |OUTPUT<18>     |   13.015|
A<11>          |OUTPUT<19>     |   13.671|
A<11>          |OUTPUT<20>     |   13.809|
A<11>          |OUTPUT<21>     |   14.213|
A<11>          |OUTPUT<22>     |   13.247|
A<11>          |OUTPUT<23>     |   13.640|
A<11>          |OUTPUT<24>     |   13.714|
A<11>          |OUTPUT<25>     |   13.702|
A<11>          |OUTPUT<26>     |   14.087|
A<11>          |OUTPUT<27>     |   13.630|
A<11>          |OUTPUT<28>     |   14.097|
A<11>          |OUTPUT<29>     |   12.715|
A<11>          |OUTPUT<30>     |   13.638|
A<11>          |OUTPUT<31>     |   14.196|
A<12>          |OUTPUT<0>      |   13.018|
A<12>          |OUTPUT<1>      |   13.424|
A<12>          |OUTPUT<2>      |   12.804|
A<12>          |OUTPUT<3>      |   14.291|
A<12>          |OUTPUT<4>      |   12.461|
A<12>          |OUTPUT<5>      |   13.330|
A<12>          |OUTPUT<6>      |   13.777|
A<12>          |OUTPUT<7>      |   14.492|
A<12>          |OUTPUT<8>      |   15.512|
A<12>          |OUTPUT<9>      |   14.208|
A<12>          |OUTPUT<10>     |   14.321|
A<12>          |OUTPUT<11>     |   15.173|
A<12>          |OUTPUT<12>     |   14.494|
A<12>          |OUTPUT<13>     |   14.271|
A<12>          |OUTPUT<14>     |   13.965|
A<12>          |OUTPUT<15>     |   13.958|
A<12>          |OUTPUT<16>     |   14.347|
A<12>          |OUTPUT<17>     |   14.249|
A<12>          |OUTPUT<18>     |   13.077|
A<12>          |OUTPUT<19>     |   13.733|
A<12>          |OUTPUT<20>     |   13.871|
A<12>          |OUTPUT<21>     |   14.275|
A<12>          |OUTPUT<22>     |   13.309|
A<12>          |OUTPUT<23>     |   13.702|
A<12>          |OUTPUT<24>     |   13.776|
A<12>          |OUTPUT<25>     |   13.764|
A<12>          |OUTPUT<26>     |   14.149|
A<12>          |OUTPUT<27>     |   13.692|
A<12>          |OUTPUT<28>     |   14.159|
A<12>          |OUTPUT<29>     |   12.777|
A<12>          |OUTPUT<30>     |   13.700|
A<12>          |OUTPUT<31>     |   14.258|
A<13>          |OUTPUT<0>      |   13.158|
A<13>          |OUTPUT<1>      |   13.564|
A<13>          |OUTPUT<2>      |   12.944|
A<13>          |OUTPUT<3>      |   14.431|
A<13>          |OUTPUT<4>      |   12.601|
A<13>          |OUTPUT<5>      |   13.470|
A<13>          |OUTPUT<6>      |   13.917|
A<13>          |OUTPUT<7>      |   14.632|
A<13>          |OUTPUT<8>      |   15.652|
A<13>          |OUTPUT<9>      |   14.348|
A<13>          |OUTPUT<10>     |   14.461|
A<13>          |OUTPUT<11>     |   15.313|
A<13>          |OUTPUT<12>     |   14.634|
A<13>          |OUTPUT<13>     |   14.411|
A<13>          |OUTPUT<14>     |   14.105|
A<13>          |OUTPUT<15>     |   14.098|
A<13>          |OUTPUT<16>     |   14.487|
A<13>          |OUTPUT<17>     |   14.389|
A<13>          |OUTPUT<18>     |   13.217|
A<13>          |OUTPUT<19>     |   13.873|
A<13>          |OUTPUT<20>     |   14.011|
A<13>          |OUTPUT<21>     |   14.415|
A<13>          |OUTPUT<22>     |   13.449|
A<13>          |OUTPUT<23>     |   13.842|
A<13>          |OUTPUT<24>     |   13.916|
A<13>          |OUTPUT<25>     |   13.904|
A<13>          |OUTPUT<26>     |   14.289|
A<13>          |OUTPUT<27>     |   13.832|
A<13>          |OUTPUT<28>     |   14.299|
A<13>          |OUTPUT<29>     |   12.917|
A<13>          |OUTPUT<30>     |   13.840|
A<13>          |OUTPUT<31>     |   14.398|
A<14>          |OUTPUT<0>      |   13.247|
A<14>          |OUTPUT<1>      |   13.653|
A<14>          |OUTPUT<2>      |   13.033|
A<14>          |OUTPUT<3>      |   14.520|
A<14>          |OUTPUT<4>      |   12.690|
A<14>          |OUTPUT<5>      |   13.559|
A<14>          |OUTPUT<6>      |   14.006|
A<14>          |OUTPUT<7>      |   14.721|
A<14>          |OUTPUT<8>      |   15.741|
A<14>          |OUTPUT<9>      |   14.437|
A<14>          |OUTPUT<10>     |   14.550|
A<14>          |OUTPUT<11>     |   15.402|
A<14>          |OUTPUT<12>     |   14.723|
A<14>          |OUTPUT<13>     |   14.500|
A<14>          |OUTPUT<14>     |   14.194|
A<14>          |OUTPUT<15>     |   14.187|
A<14>          |OUTPUT<16>     |   14.576|
A<14>          |OUTPUT<17>     |   14.478|
A<14>          |OUTPUT<18>     |   13.306|
A<14>          |OUTPUT<19>     |   13.962|
A<14>          |OUTPUT<20>     |   14.100|
A<14>          |OUTPUT<21>     |   14.504|
A<14>          |OUTPUT<22>     |   13.538|
A<14>          |OUTPUT<23>     |   13.931|
A<14>          |OUTPUT<24>     |   14.005|
A<14>          |OUTPUT<25>     |   13.993|
A<14>          |OUTPUT<26>     |   14.378|
A<14>          |OUTPUT<27>     |   13.921|
A<14>          |OUTPUT<28>     |   14.388|
A<14>          |OUTPUT<29>     |   13.006|
A<14>          |OUTPUT<30>     |   13.929|
A<14>          |OUTPUT<31>     |   14.487|
A<15>          |OUTPUT<0>      |   13.429|
A<15>          |OUTPUT<1>      |   13.835|
A<15>          |OUTPUT<2>      |   13.215|
A<15>          |OUTPUT<3>      |   14.702|
A<15>          |OUTPUT<4>      |   12.872|
A<15>          |OUTPUT<5>      |   13.741|
A<15>          |OUTPUT<6>      |   14.188|
A<15>          |OUTPUT<7>      |   14.903|
A<15>          |OUTPUT<8>      |   15.923|
A<15>          |OUTPUT<9>      |   14.619|
A<15>          |OUTPUT<10>     |   14.732|
A<15>          |OUTPUT<11>     |   15.584|
A<15>          |OUTPUT<12>     |   14.905|
A<15>          |OUTPUT<13>     |   14.682|
A<15>          |OUTPUT<14>     |   14.376|
A<15>          |OUTPUT<15>     |   14.369|
A<15>          |OUTPUT<16>     |   14.758|
A<15>          |OUTPUT<17>     |   14.660|
A<15>          |OUTPUT<18>     |   13.488|
A<15>          |OUTPUT<19>     |   14.144|
A<15>          |OUTPUT<20>     |   14.282|
A<15>          |OUTPUT<21>     |   14.686|
A<15>          |OUTPUT<22>     |   13.720|
A<15>          |OUTPUT<23>     |   14.113|
A<15>          |OUTPUT<24>     |   14.187|
A<15>          |OUTPUT<25>     |   14.175|
A<15>          |OUTPUT<26>     |   14.560|
A<15>          |OUTPUT<27>     |   14.103|
A<15>          |OUTPUT<28>     |   14.570|
A<15>          |OUTPUT<29>     |   13.188|
A<15>          |OUTPUT<30>     |   14.111|
A<15>          |OUTPUT<31>     |   14.669|
A<16>          |OUTPUT<0>      |   13.296|
A<16>          |OUTPUT<1>      |   13.702|
A<16>          |OUTPUT<2>      |   13.082|
A<16>          |OUTPUT<3>      |   14.569|
A<16>          |OUTPUT<4>      |   12.739|
A<16>          |OUTPUT<5>      |   13.608|
A<16>          |OUTPUT<6>      |   14.055|
A<16>          |OUTPUT<7>      |   14.770|
A<16>          |OUTPUT<8>      |   15.790|
A<16>          |OUTPUT<9>      |   14.486|
A<16>          |OUTPUT<10>     |   14.599|
A<16>          |OUTPUT<11>     |   15.451|
A<16>          |OUTPUT<12>     |   14.772|
A<16>          |OUTPUT<13>     |   14.549|
A<16>          |OUTPUT<14>     |   14.243|
A<16>          |OUTPUT<15>     |   14.236|
A<16>          |OUTPUT<16>     |   14.625|
A<16>          |OUTPUT<17>     |   14.527|
A<16>          |OUTPUT<18>     |   13.355|
A<16>          |OUTPUT<19>     |   14.011|
A<16>          |OUTPUT<20>     |   14.149|
A<16>          |OUTPUT<21>     |   14.553|
A<16>          |OUTPUT<22>     |   13.587|
A<16>          |OUTPUT<23>     |   13.980|
A<16>          |OUTPUT<24>     |   14.054|
A<16>          |OUTPUT<25>     |   14.042|
A<16>          |OUTPUT<26>     |   14.427|
A<16>          |OUTPUT<27>     |   13.970|
A<16>          |OUTPUT<28>     |   14.437|
A<16>          |OUTPUT<29>     |   13.055|
A<16>          |OUTPUT<30>     |   13.978|
A<16>          |OUTPUT<31>     |   14.536|
A<17>          |OUTPUT<0>      |   13.422|
A<17>          |OUTPUT<1>      |   13.828|
A<17>          |OUTPUT<2>      |   13.208|
A<17>          |OUTPUT<3>      |   14.695|
A<17>          |OUTPUT<4>      |   12.865|
A<17>          |OUTPUT<5>      |   13.734|
A<17>          |OUTPUT<6>      |   14.181|
A<17>          |OUTPUT<7>      |   14.896|
A<17>          |OUTPUT<8>      |   15.916|
A<17>          |OUTPUT<9>      |   14.612|
A<17>          |OUTPUT<10>     |   14.725|
A<17>          |OUTPUT<11>     |   15.577|
A<17>          |OUTPUT<12>     |   14.898|
A<17>          |OUTPUT<13>     |   14.675|
A<17>          |OUTPUT<14>     |   14.369|
A<17>          |OUTPUT<15>     |   14.362|
A<17>          |OUTPUT<16>     |   14.751|
A<17>          |OUTPUT<17>     |   14.653|
A<17>          |OUTPUT<18>     |   13.481|
A<17>          |OUTPUT<19>     |   14.137|
A<17>          |OUTPUT<20>     |   14.275|
A<17>          |OUTPUT<21>     |   14.679|
A<17>          |OUTPUT<22>     |   13.713|
A<17>          |OUTPUT<23>     |   14.106|
A<17>          |OUTPUT<24>     |   14.180|
A<17>          |OUTPUT<25>     |   14.168|
A<17>          |OUTPUT<26>     |   14.553|
A<17>          |OUTPUT<27>     |   14.096|
A<17>          |OUTPUT<28>     |   14.563|
A<17>          |OUTPUT<29>     |   13.181|
A<17>          |OUTPUT<30>     |   14.104|
A<17>          |OUTPUT<31>     |   14.662|
A<18>          |OUTPUT<0>      |   13.517|
A<18>          |OUTPUT<1>      |   13.923|
A<18>          |OUTPUT<2>      |   13.303|
A<18>          |OUTPUT<3>      |   14.790|
A<18>          |OUTPUT<4>      |   12.960|
A<18>          |OUTPUT<5>      |   13.829|
A<18>          |OUTPUT<6>      |   14.276|
A<18>          |OUTPUT<7>      |   14.991|
A<18>          |OUTPUT<8>      |   16.011|
A<18>          |OUTPUT<9>      |   14.707|
A<18>          |OUTPUT<10>     |   14.820|
A<18>          |OUTPUT<11>     |   15.672|
A<18>          |OUTPUT<12>     |   14.993|
A<18>          |OUTPUT<13>     |   14.770|
A<18>          |OUTPUT<14>     |   14.464|
A<18>          |OUTPUT<15>     |   14.457|
A<18>          |OUTPUT<16>     |   14.846|
A<18>          |OUTPUT<17>     |   14.748|
A<18>          |OUTPUT<18>     |   13.576|
A<18>          |OUTPUT<19>     |   14.232|
A<18>          |OUTPUT<20>     |   14.370|
A<18>          |OUTPUT<21>     |   14.774|
A<18>          |OUTPUT<22>     |   13.808|
A<18>          |OUTPUT<23>     |   14.201|
A<18>          |OUTPUT<24>     |   14.275|
A<18>          |OUTPUT<25>     |   14.263|
A<18>          |OUTPUT<26>     |   14.648|
A<18>          |OUTPUT<27>     |   14.191|
A<18>          |OUTPUT<28>     |   14.658|
A<18>          |OUTPUT<29>     |   13.276|
A<18>          |OUTPUT<30>     |   14.199|
A<18>          |OUTPUT<31>     |   14.757|
A<19>          |OUTPUT<0>      |   13.915|
A<19>          |OUTPUT<1>      |   14.321|
A<19>          |OUTPUT<2>      |   13.701|
A<19>          |OUTPUT<3>      |   15.188|
A<19>          |OUTPUT<4>      |   13.358|
A<19>          |OUTPUT<5>      |   14.227|
A<19>          |OUTPUT<6>      |   14.674|
A<19>          |OUTPUT<7>      |   15.389|
A<19>          |OUTPUT<8>      |   16.409|
A<19>          |OUTPUT<9>      |   15.105|
A<19>          |OUTPUT<10>     |   15.218|
A<19>          |OUTPUT<11>     |   16.070|
A<19>          |OUTPUT<12>     |   15.391|
A<19>          |OUTPUT<13>     |   15.168|
A<19>          |OUTPUT<14>     |   14.862|
A<19>          |OUTPUT<15>     |   14.855|
A<19>          |OUTPUT<16>     |   15.244|
A<19>          |OUTPUT<17>     |   15.146|
A<19>          |OUTPUT<18>     |   13.974|
A<19>          |OUTPUT<19>     |   14.630|
A<19>          |OUTPUT<20>     |   14.768|
A<19>          |OUTPUT<21>     |   15.172|
A<19>          |OUTPUT<22>     |   14.206|
A<19>          |OUTPUT<23>     |   14.599|
A<19>          |OUTPUT<24>     |   14.673|
A<19>          |OUTPUT<25>     |   14.661|
A<19>          |OUTPUT<26>     |   15.046|
A<19>          |OUTPUT<27>     |   14.589|
A<19>          |OUTPUT<28>     |   15.056|
A<19>          |OUTPUT<29>     |   13.674|
A<19>          |OUTPUT<30>     |   14.597|
A<19>          |OUTPUT<31>     |   15.155|
A<20>          |OUTPUT<0>      |   13.294|
A<20>          |OUTPUT<1>      |   13.700|
A<20>          |OUTPUT<2>      |   13.080|
A<20>          |OUTPUT<3>      |   14.567|
A<20>          |OUTPUT<4>      |   12.737|
A<20>          |OUTPUT<5>      |   13.606|
A<20>          |OUTPUT<6>      |   14.053|
A<20>          |OUTPUT<7>      |   14.768|
A<20>          |OUTPUT<8>      |   15.788|
A<20>          |OUTPUT<9>      |   14.484|
A<20>          |OUTPUT<10>     |   14.597|
A<20>          |OUTPUT<11>     |   15.449|
A<20>          |OUTPUT<12>     |   14.770|
A<20>          |OUTPUT<13>     |   14.547|
A<20>          |OUTPUT<14>     |   14.241|
A<20>          |OUTPUT<15>     |   14.234|
A<20>          |OUTPUT<16>     |   14.623|
A<20>          |OUTPUT<17>     |   14.525|
A<20>          |OUTPUT<18>     |   13.353|
A<20>          |OUTPUT<19>     |   14.009|
A<20>          |OUTPUT<20>     |   14.147|
A<20>          |OUTPUT<21>     |   14.551|
A<20>          |OUTPUT<22>     |   13.585|
A<20>          |OUTPUT<23>     |   13.978|
A<20>          |OUTPUT<24>     |   14.052|
A<20>          |OUTPUT<25>     |   14.040|
A<20>          |OUTPUT<26>     |   14.425|
A<20>          |OUTPUT<27>     |   13.968|
A<20>          |OUTPUT<28>     |   14.435|
A<20>          |OUTPUT<29>     |   13.053|
A<20>          |OUTPUT<30>     |   13.976|
A<20>          |OUTPUT<31>     |   14.534|
A<21>          |OUTPUT<0>      |   13.642|
A<21>          |OUTPUT<1>      |   14.048|
A<21>          |OUTPUT<2>      |   13.428|
A<21>          |OUTPUT<3>      |   14.915|
A<21>          |OUTPUT<4>      |   13.085|
A<21>          |OUTPUT<5>      |   13.954|
A<21>          |OUTPUT<6>      |   14.401|
A<21>          |OUTPUT<7>      |   15.116|
A<21>          |OUTPUT<8>      |   16.136|
A<21>          |OUTPUT<9>      |   14.832|
A<21>          |OUTPUT<10>     |   14.945|
A<21>          |OUTPUT<11>     |   15.797|
A<21>          |OUTPUT<12>     |   15.118|
A<21>          |OUTPUT<13>     |   14.895|
A<21>          |OUTPUT<14>     |   14.589|
A<21>          |OUTPUT<15>     |   14.582|
A<21>          |OUTPUT<16>     |   14.971|
A<21>          |OUTPUT<17>     |   14.873|
A<21>          |OUTPUT<18>     |   13.701|
A<21>          |OUTPUT<19>     |   14.357|
A<21>          |OUTPUT<20>     |   14.495|
A<21>          |OUTPUT<21>     |   14.899|
A<21>          |OUTPUT<22>     |   13.933|
A<21>          |OUTPUT<23>     |   14.326|
A<21>          |OUTPUT<24>     |   14.400|
A<21>          |OUTPUT<25>     |   14.388|
A<21>          |OUTPUT<26>     |   14.773|
A<21>          |OUTPUT<27>     |   14.316|
A<21>          |OUTPUT<28>     |   14.783|
A<21>          |OUTPUT<29>     |   13.401|
A<21>          |OUTPUT<30>     |   14.324|
A<21>          |OUTPUT<31>     |   14.882|
A<22>          |OUTPUT<0>      |   13.569|
A<22>          |OUTPUT<1>      |   13.975|
A<22>          |OUTPUT<2>      |   13.355|
A<22>          |OUTPUT<3>      |   14.842|
A<22>          |OUTPUT<4>      |   13.012|
A<22>          |OUTPUT<5>      |   13.881|
A<22>          |OUTPUT<6>      |   14.328|
A<22>          |OUTPUT<7>      |   15.043|
A<22>          |OUTPUT<8>      |   16.063|
A<22>          |OUTPUT<9>      |   14.759|
A<22>          |OUTPUT<10>     |   14.872|
A<22>          |OUTPUT<11>     |   15.724|
A<22>          |OUTPUT<12>     |   15.045|
A<22>          |OUTPUT<13>     |   14.822|
A<22>          |OUTPUT<14>     |   14.516|
A<22>          |OUTPUT<15>     |   14.509|
A<22>          |OUTPUT<16>     |   14.898|
A<22>          |OUTPUT<17>     |   14.800|
A<22>          |OUTPUT<18>     |   13.628|
A<22>          |OUTPUT<19>     |   14.284|
A<22>          |OUTPUT<20>     |   14.422|
A<22>          |OUTPUT<21>     |   14.826|
A<22>          |OUTPUT<22>     |   13.860|
A<22>          |OUTPUT<23>     |   14.253|
A<22>          |OUTPUT<24>     |   14.327|
A<22>          |OUTPUT<25>     |   14.315|
A<22>          |OUTPUT<26>     |   14.700|
A<22>          |OUTPUT<27>     |   14.243|
A<22>          |OUTPUT<28>     |   14.710|
A<22>          |OUTPUT<29>     |   13.328|
A<22>          |OUTPUT<30>     |   14.251|
A<22>          |OUTPUT<31>     |   14.809|
A<23>          |OUTPUT<0>      |   13.586|
A<23>          |OUTPUT<1>      |   13.992|
A<23>          |OUTPUT<2>      |   13.372|
A<23>          |OUTPUT<3>      |   14.859|
A<23>          |OUTPUT<4>      |   13.029|
A<23>          |OUTPUT<5>      |   13.898|
A<23>          |OUTPUT<6>      |   14.345|
A<23>          |OUTPUT<7>      |   15.060|
A<23>          |OUTPUT<8>      |   16.080|
A<23>          |OUTPUT<9>      |   14.776|
A<23>          |OUTPUT<10>     |   14.889|
A<23>          |OUTPUT<11>     |   15.741|
A<23>          |OUTPUT<12>     |   15.062|
A<23>          |OUTPUT<13>     |   14.839|
A<23>          |OUTPUT<14>     |   14.533|
A<23>          |OUTPUT<15>     |   14.526|
A<23>          |OUTPUT<16>     |   14.915|
A<23>          |OUTPUT<17>     |   14.817|
A<23>          |OUTPUT<18>     |   13.645|
A<23>          |OUTPUT<19>     |   14.301|
A<23>          |OUTPUT<20>     |   14.439|
A<23>          |OUTPUT<21>     |   14.843|
A<23>          |OUTPUT<22>     |   13.877|
A<23>          |OUTPUT<23>     |   14.270|
A<23>          |OUTPUT<24>     |   14.344|
A<23>          |OUTPUT<25>     |   14.332|
A<23>          |OUTPUT<26>     |   14.717|
A<23>          |OUTPUT<27>     |   14.260|
A<23>          |OUTPUT<28>     |   14.727|
A<23>          |OUTPUT<29>     |   13.345|
A<23>          |OUTPUT<30>     |   14.268|
A<23>          |OUTPUT<31>     |   14.826|
A<24>          |OUTPUT<0>      |   13.210|
A<24>          |OUTPUT<1>      |   13.616|
A<24>          |OUTPUT<2>      |   12.996|
A<24>          |OUTPUT<3>      |   14.483|
A<24>          |OUTPUT<4>      |   12.653|
A<24>          |OUTPUT<5>      |   13.522|
A<24>          |OUTPUT<6>      |   13.969|
A<24>          |OUTPUT<7>      |   14.684|
A<24>          |OUTPUT<8>      |   15.704|
A<24>          |OUTPUT<9>      |   14.400|
A<24>          |OUTPUT<10>     |   14.513|
A<24>          |OUTPUT<11>     |   15.365|
A<24>          |OUTPUT<12>     |   14.686|
A<24>          |OUTPUT<13>     |   14.463|
A<24>          |OUTPUT<14>     |   14.157|
A<24>          |OUTPUT<15>     |   14.150|
A<24>          |OUTPUT<16>     |   14.539|
A<24>          |OUTPUT<17>     |   14.441|
A<24>          |OUTPUT<18>     |   13.269|
A<24>          |OUTPUT<19>     |   13.925|
A<24>          |OUTPUT<20>     |   14.063|
A<24>          |OUTPUT<21>     |   14.467|
A<24>          |OUTPUT<22>     |   13.501|
A<24>          |OUTPUT<23>     |   13.894|
A<24>          |OUTPUT<24>     |   13.968|
A<24>          |OUTPUT<25>     |   13.956|
A<24>          |OUTPUT<26>     |   14.341|
A<24>          |OUTPUT<27>     |   13.884|
A<24>          |OUTPUT<28>     |   14.351|
A<24>          |OUTPUT<29>     |   12.969|
A<24>          |OUTPUT<30>     |   13.892|
A<24>          |OUTPUT<31>     |   14.450|
A<25>          |OUTPUT<0>      |   13.193|
A<25>          |OUTPUT<1>      |   13.599|
A<25>          |OUTPUT<2>      |   12.979|
A<25>          |OUTPUT<3>      |   14.466|
A<25>          |OUTPUT<4>      |   12.636|
A<25>          |OUTPUT<5>      |   13.505|
A<25>          |OUTPUT<6>      |   13.952|
A<25>          |OUTPUT<7>      |   14.667|
A<25>          |OUTPUT<8>      |   15.687|
A<25>          |OUTPUT<9>      |   14.383|
A<25>          |OUTPUT<10>     |   14.496|
A<25>          |OUTPUT<11>     |   15.348|
A<25>          |OUTPUT<12>     |   14.669|
A<25>          |OUTPUT<13>     |   14.446|
A<25>          |OUTPUT<14>     |   14.140|
A<25>          |OUTPUT<15>     |   14.133|
A<25>          |OUTPUT<16>     |   14.522|
A<25>          |OUTPUT<17>     |   14.424|
A<25>          |OUTPUT<18>     |   13.252|
A<25>          |OUTPUT<19>     |   13.908|
A<25>          |OUTPUT<20>     |   14.046|
A<25>          |OUTPUT<21>     |   14.450|
A<25>          |OUTPUT<22>     |   13.484|
A<25>          |OUTPUT<23>     |   13.877|
A<25>          |OUTPUT<24>     |   13.951|
A<25>          |OUTPUT<25>     |   13.939|
A<25>          |OUTPUT<26>     |   14.324|
A<25>          |OUTPUT<27>     |   13.867|
A<25>          |OUTPUT<28>     |   14.334|
A<25>          |OUTPUT<29>     |   12.952|
A<25>          |OUTPUT<30>     |   13.875|
A<25>          |OUTPUT<31>     |   14.433|
A<26>          |OUTPUT<0>      |   13.746|
A<26>          |OUTPUT<1>      |   14.152|
A<26>          |OUTPUT<2>      |   13.532|
A<26>          |OUTPUT<3>      |   15.019|
A<26>          |OUTPUT<4>      |   13.189|
A<26>          |OUTPUT<5>      |   14.058|
A<26>          |OUTPUT<6>      |   14.505|
A<26>          |OUTPUT<7>      |   15.220|
A<26>          |OUTPUT<8>      |   16.240|
A<26>          |OUTPUT<9>      |   14.936|
A<26>          |OUTPUT<10>     |   15.049|
A<26>          |OUTPUT<11>     |   15.901|
A<26>          |OUTPUT<12>     |   15.222|
A<26>          |OUTPUT<13>     |   14.999|
A<26>          |OUTPUT<14>     |   14.693|
A<26>          |OUTPUT<15>     |   14.686|
A<26>          |OUTPUT<16>     |   15.075|
A<26>          |OUTPUT<17>     |   14.977|
A<26>          |OUTPUT<18>     |   13.805|
A<26>          |OUTPUT<19>     |   14.461|
A<26>          |OUTPUT<20>     |   14.599|
A<26>          |OUTPUT<21>     |   15.003|
A<26>          |OUTPUT<22>     |   14.037|
A<26>          |OUTPUT<23>     |   14.430|
A<26>          |OUTPUT<24>     |   14.504|
A<26>          |OUTPUT<25>     |   14.492|
A<26>          |OUTPUT<26>     |   14.877|
A<26>          |OUTPUT<27>     |   14.420|
A<26>          |OUTPUT<28>     |   14.887|
A<26>          |OUTPUT<29>     |   13.505|
A<26>          |OUTPUT<30>     |   14.428|
A<26>          |OUTPUT<31>     |   14.986|
A<27>          |OUTPUT<0>      |   13.452|
A<27>          |OUTPUT<1>      |   13.858|
A<27>          |OUTPUT<2>      |   13.238|
A<27>          |OUTPUT<3>      |   14.725|
A<27>          |OUTPUT<4>      |   12.895|
A<27>          |OUTPUT<5>      |   13.764|
A<27>          |OUTPUT<6>      |   14.211|
A<27>          |OUTPUT<7>      |   14.926|
A<27>          |OUTPUT<8>      |   15.946|
A<27>          |OUTPUT<9>      |   14.642|
A<27>          |OUTPUT<10>     |   14.755|
A<27>          |OUTPUT<11>     |   15.607|
A<27>          |OUTPUT<12>     |   14.928|
A<27>          |OUTPUT<13>     |   14.705|
A<27>          |OUTPUT<14>     |   14.399|
A<27>          |OUTPUT<15>     |   14.392|
A<27>          |OUTPUT<16>     |   14.781|
A<27>          |OUTPUT<17>     |   14.683|
A<27>          |OUTPUT<18>     |   13.511|
A<27>          |OUTPUT<19>     |   14.167|
A<27>          |OUTPUT<20>     |   14.305|
A<27>          |OUTPUT<21>     |   14.709|
A<27>          |OUTPUT<22>     |   13.743|
A<27>          |OUTPUT<23>     |   14.136|
A<27>          |OUTPUT<24>     |   14.210|
A<27>          |OUTPUT<25>     |   14.198|
A<27>          |OUTPUT<26>     |   14.583|
A<27>          |OUTPUT<27>     |   14.126|
A<27>          |OUTPUT<28>     |   14.593|
A<27>          |OUTPUT<29>     |   13.211|
A<27>          |OUTPUT<30>     |   14.134|
A<27>          |OUTPUT<31>     |   14.692|
A<28>          |OUTPUT<0>      |   13.534|
A<28>          |OUTPUT<1>      |   13.940|
A<28>          |OUTPUT<2>      |   13.320|
A<28>          |OUTPUT<3>      |   14.807|
A<28>          |OUTPUT<4>      |   12.977|
A<28>          |OUTPUT<5>      |   13.846|
A<28>          |OUTPUT<6>      |   14.293|
A<28>          |OUTPUT<7>      |   15.008|
A<28>          |OUTPUT<8>      |   16.028|
A<28>          |OUTPUT<9>      |   14.724|
A<28>          |OUTPUT<10>     |   14.837|
A<28>          |OUTPUT<11>     |   15.689|
A<28>          |OUTPUT<12>     |   15.010|
A<28>          |OUTPUT<13>     |   14.787|
A<28>          |OUTPUT<14>     |   14.481|
A<28>          |OUTPUT<15>     |   14.474|
A<28>          |OUTPUT<16>     |   14.863|
A<28>          |OUTPUT<17>     |   14.765|
A<28>          |OUTPUT<18>     |   13.593|
A<28>          |OUTPUT<19>     |   14.249|
A<28>          |OUTPUT<20>     |   14.387|
A<28>          |OUTPUT<21>     |   14.791|
A<28>          |OUTPUT<22>     |   13.825|
A<28>          |OUTPUT<23>     |   14.218|
A<28>          |OUTPUT<24>     |   14.292|
A<28>          |OUTPUT<25>     |   14.280|
A<28>          |OUTPUT<26>     |   14.665|
A<28>          |OUTPUT<27>     |   14.208|
A<28>          |OUTPUT<28>     |   14.675|
A<28>          |OUTPUT<29>     |   13.293|
A<28>          |OUTPUT<30>     |   14.216|
A<28>          |OUTPUT<31>     |   14.774|
A<29>          |OUTPUT<0>      |   13.681|
A<29>          |OUTPUT<1>      |   14.087|
A<29>          |OUTPUT<2>      |   13.467|
A<29>          |OUTPUT<3>      |   14.954|
A<29>          |OUTPUT<4>      |   13.124|
A<29>          |OUTPUT<5>      |   13.993|
A<29>          |OUTPUT<6>      |   14.440|
A<29>          |OUTPUT<7>      |   15.155|
A<29>          |OUTPUT<8>      |   16.175|
A<29>          |OUTPUT<9>      |   14.871|
A<29>          |OUTPUT<10>     |   14.984|
A<29>          |OUTPUT<11>     |   15.836|
A<29>          |OUTPUT<12>     |   15.157|
A<29>          |OUTPUT<13>     |   14.934|
A<29>          |OUTPUT<14>     |   14.628|
A<29>          |OUTPUT<15>     |   14.621|
A<29>          |OUTPUT<16>     |   15.010|
A<29>          |OUTPUT<17>     |   14.912|
A<29>          |OUTPUT<18>     |   13.740|
A<29>          |OUTPUT<19>     |   14.396|
A<29>          |OUTPUT<20>     |   14.534|
A<29>          |OUTPUT<21>     |   14.938|
A<29>          |OUTPUT<22>     |   13.972|
A<29>          |OUTPUT<23>     |   14.365|
A<29>          |OUTPUT<24>     |   14.439|
A<29>          |OUTPUT<25>     |   14.427|
A<29>          |OUTPUT<26>     |   14.812|
A<29>          |OUTPUT<27>     |   14.355|
A<29>          |OUTPUT<28>     |   14.822|
A<29>          |OUTPUT<29>     |   13.440|
A<29>          |OUTPUT<30>     |   14.363|
A<29>          |OUTPUT<31>     |   14.921|
A<30>          |OUTPUT<0>      |   13.723|
A<30>          |OUTPUT<1>      |   14.129|
A<30>          |OUTPUT<2>      |   13.509|
A<30>          |OUTPUT<3>      |   14.996|
A<30>          |OUTPUT<4>      |   13.166|
A<30>          |OUTPUT<5>      |   14.035|
A<30>          |OUTPUT<6>      |   14.482|
A<30>          |OUTPUT<7>      |   15.197|
A<30>          |OUTPUT<8>      |   16.217|
A<30>          |OUTPUT<9>      |   14.913|
A<30>          |OUTPUT<10>     |   15.026|
A<30>          |OUTPUT<11>     |   15.878|
A<30>          |OUTPUT<12>     |   15.199|
A<30>          |OUTPUT<13>     |   14.976|
A<30>          |OUTPUT<14>     |   14.670|
A<30>          |OUTPUT<15>     |   14.663|
A<30>          |OUTPUT<16>     |   15.052|
A<30>          |OUTPUT<17>     |   14.954|
A<30>          |OUTPUT<18>     |   13.782|
A<30>          |OUTPUT<19>     |   14.438|
A<30>          |OUTPUT<20>     |   14.576|
A<30>          |OUTPUT<21>     |   14.980|
A<30>          |OUTPUT<22>     |   14.014|
A<30>          |OUTPUT<23>     |   14.407|
A<30>          |OUTPUT<24>     |   14.481|
A<30>          |OUTPUT<25>     |   14.469|
A<30>          |OUTPUT<26>     |   14.854|
A<30>          |OUTPUT<27>     |   14.397|
A<30>          |OUTPUT<28>     |   14.864|
A<30>          |OUTPUT<29>     |   13.482|
A<30>          |OUTPUT<30>     |   14.405|
A<30>          |OUTPUT<31>     |   14.963|
A<31>          |OUTPUT<0>      |   13.541|
A<31>          |OUTPUT<1>      |   13.947|
A<31>          |OUTPUT<2>      |   13.327|
A<31>          |OUTPUT<3>      |   14.814|
A<31>          |OUTPUT<4>      |   12.984|
A<31>          |OUTPUT<5>      |   13.853|
A<31>          |OUTPUT<6>      |   14.300|
A<31>          |OUTPUT<7>      |   15.015|
A<31>          |OUTPUT<8>      |   16.035|
A<31>          |OUTPUT<9>      |   14.731|
A<31>          |OUTPUT<10>     |   14.844|
A<31>          |OUTPUT<11>     |   15.696|
A<31>          |OUTPUT<12>     |   15.017|
A<31>          |OUTPUT<13>     |   14.794|
A<31>          |OUTPUT<14>     |   14.488|
A<31>          |OUTPUT<15>     |   14.481|
A<31>          |OUTPUT<16>     |   14.870|
A<31>          |OUTPUT<17>     |   14.772|
A<31>          |OUTPUT<18>     |   13.600|
A<31>          |OUTPUT<19>     |   14.256|
A<31>          |OUTPUT<20>     |   14.394|
A<31>          |OUTPUT<21>     |   14.798|
A<31>          |OUTPUT<22>     |   13.832|
A<31>          |OUTPUT<23>     |   14.225|
A<31>          |OUTPUT<24>     |   14.299|
A<31>          |OUTPUT<25>     |   14.287|
A<31>          |OUTPUT<26>     |   14.672|
A<31>          |OUTPUT<27>     |   14.215|
A<31>          |OUTPUT<28>     |   14.682|
A<31>          |OUTPUT<29>     |   13.300|
A<31>          |OUTPUT<30>     |   14.223|
A<31>          |OUTPUT<31>     |   14.781|
NEXT_PC<0>     |OUTPUT<0>      |    9.199|
NEXT_PC<0>     |OUTPUT<1>      |    9.646|
NEXT_PC<0>     |OUTPUT<2>      |    9.039|
NEXT_PC<0>     |OUTPUT<3>      |   10.932|
NEXT_PC<0>     |OUTPUT<4>      |   12.174|
NEXT_PC<0>     |OUTPUT<5>      |   12.840|
NEXT_PC<0>     |OUTPUT<6>      |   14.771|
NEXT_PC<0>     |OUTPUT<7>      |   15.491|
NEXT_PC<0>     |OUTPUT<8>      |   18.227|
NEXT_PC<0>     |OUTPUT<9>      |   17.903|
NEXT_PC<0>     |OUTPUT<10>     |   18.028|
NEXT_PC<0>     |OUTPUT<11>     |   20.453|
NEXT_PC<0>     |OUTPUT<12>     |   20.991|
NEXT_PC<0>     |OUTPUT<13>     |   21.823|
NEXT_PC<0>     |OUTPUT<14>     |   22.671|
NEXT_PC<0>     |OUTPUT<15>     |   23.446|
NEXT_PC<0>     |OUTPUT<16>     |   25.409|
NEXT_PC<0>     |OUTPUT<17>     |   25.663|
NEXT_PC<0>     |OUTPUT<18>     |   27.638|
NEXT_PC<0>     |OUTPUT<19>     |   27.833|
NEXT_PC<0>     |OUTPUT<20>     |   28.332|
NEXT_PC<0>     |OUTPUT<21>     |   29.676|
NEXT_PC<0>     |OUTPUT<22>     |   30.657|
NEXT_PC<0>     |OUTPUT<23>     |   31.381|
NEXT_PC<0>     |OUTPUT<24>     |   32.562|
NEXT_PC<0>     |OUTPUT<25>     |   33.402|
NEXT_PC<0>     |OUTPUT<26>     |   34.732|
NEXT_PC<0>     |OUTPUT<27>     |   35.330|
NEXT_PC<0>     |OUTPUT<28>     |   36.279|
NEXT_PC<0>     |OUTPUT<29>     |   38.950|
NEXT_PC<0>     |OUTPUT<30>     |   39.503|
NEXT_PC<0>     |OUTPUT<31>     |   39.187|
NEXT_PC<1>     |OUTPUT<1>      |    9.115|
NEXT_PC<1>     |OUTPUT<2>      |    9.454|
NEXT_PC<1>     |OUTPUT<3>      |   11.347|
NEXT_PC<1>     |OUTPUT<4>      |   12.589|
NEXT_PC<1>     |OUTPUT<5>      |   13.255|
NEXT_PC<1>     |OUTPUT<6>      |   15.186|
NEXT_PC<1>     |OUTPUT<7>      |   15.906|
NEXT_PC<1>     |OUTPUT<8>      |   18.642|
NEXT_PC<1>     |OUTPUT<9>      |   18.318|
NEXT_PC<1>     |OUTPUT<10>     |   18.443|
NEXT_PC<1>     |OUTPUT<11>     |   20.868|
NEXT_PC<1>     |OUTPUT<12>     |   21.406|
NEXT_PC<1>     |OUTPUT<13>     |   22.238|
NEXT_PC<1>     |OUTPUT<14>     |   23.086|
NEXT_PC<1>     |OUTPUT<15>     |   23.861|
NEXT_PC<1>     |OUTPUT<16>     |   25.824|
NEXT_PC<1>     |OUTPUT<17>     |   26.078|
NEXT_PC<1>     |OUTPUT<18>     |   28.053|
NEXT_PC<1>     |OUTPUT<19>     |   28.248|
NEXT_PC<1>     |OUTPUT<20>     |   28.747|
NEXT_PC<1>     |OUTPUT<21>     |   30.091|
NEXT_PC<1>     |OUTPUT<22>     |   31.072|
NEXT_PC<1>     |OUTPUT<23>     |   31.796|
NEXT_PC<1>     |OUTPUT<24>     |   32.977|
NEXT_PC<1>     |OUTPUT<25>     |   33.817|
NEXT_PC<1>     |OUTPUT<26>     |   35.147|
NEXT_PC<1>     |OUTPUT<27>     |   35.745|
NEXT_PC<1>     |OUTPUT<28>     |   36.694|
NEXT_PC<1>     |OUTPUT<29>     |   39.365|
NEXT_PC<1>     |OUTPUT<30>     |   39.918|
NEXT_PC<1>     |OUTPUT<31>     |   39.602|
NEXT_PC<2>     |OUTPUT<2>      |    7.871|
NEXT_PC<2>     |OUTPUT<3>      |    9.864|
NEXT_PC<2>     |OUTPUT<4>      |   11.106|
NEXT_PC<2>     |OUTPUT<5>      |   11.772|
NEXT_PC<2>     |OUTPUT<6>      |   13.703|
NEXT_PC<2>     |OUTPUT<7>      |   14.423|
NEXT_PC<2>     |OUTPUT<8>      |   17.159|
NEXT_PC<2>     |OUTPUT<9>      |   16.835|
NEXT_PC<2>     |OUTPUT<10>     |   16.960|
NEXT_PC<2>     |OUTPUT<11>     |   19.385|
NEXT_PC<2>     |OUTPUT<12>     |   19.923|
NEXT_PC<2>     |OUTPUT<13>     |   20.755|
NEXT_PC<2>     |OUTPUT<14>     |   21.603|
NEXT_PC<2>     |OUTPUT<15>     |   22.378|
NEXT_PC<2>     |OUTPUT<16>     |   24.341|
NEXT_PC<2>     |OUTPUT<17>     |   24.595|
NEXT_PC<2>     |OUTPUT<18>     |   26.570|
NEXT_PC<2>     |OUTPUT<19>     |   26.765|
NEXT_PC<2>     |OUTPUT<20>     |   27.264|
NEXT_PC<2>     |OUTPUT<21>     |   28.608|
NEXT_PC<2>     |OUTPUT<22>     |   29.589|
NEXT_PC<2>     |OUTPUT<23>     |   30.313|
NEXT_PC<2>     |OUTPUT<24>     |   31.494|
NEXT_PC<2>     |OUTPUT<25>     |   32.334|
NEXT_PC<2>     |OUTPUT<26>     |   33.664|
NEXT_PC<2>     |OUTPUT<27>     |   34.262|
NEXT_PC<2>     |OUTPUT<28>     |   35.211|
NEXT_PC<2>     |OUTPUT<29>     |   37.882|
NEXT_PC<2>     |OUTPUT<30>     |   38.435|
NEXT_PC<2>     |OUTPUT<31>     |   38.119|
NEXT_PC<3>     |OUTPUT<3>      |    9.070|
NEXT_PC<3>     |OUTPUT<4>      |   10.067|
NEXT_PC<3>     |OUTPUT<5>      |   10.733|
NEXT_PC<3>     |OUTPUT<6>      |   12.664|
NEXT_PC<3>     |OUTPUT<7>      |   13.384|
NEXT_PC<3>     |OUTPUT<8>      |   16.120|
NEXT_PC<3>     |OUTPUT<9>      |   15.796|
NEXT_PC<3>     |OUTPUT<10>     |   15.921|
NEXT_PC<3>     |OUTPUT<11>     |   18.346|
NEXT_PC<3>     |OUTPUT<12>     |   18.884|
NEXT_PC<3>     |OUTPUT<13>     |   19.716|
NEXT_PC<3>     |OUTPUT<14>     |   20.564|
NEXT_PC<3>     |OUTPUT<15>     |   21.339|
NEXT_PC<3>     |OUTPUT<16>     |   23.302|
NEXT_PC<3>     |OUTPUT<17>     |   23.556|
NEXT_PC<3>     |OUTPUT<18>     |   25.531|
NEXT_PC<3>     |OUTPUT<19>     |   25.726|
NEXT_PC<3>     |OUTPUT<20>     |   26.225|
NEXT_PC<3>     |OUTPUT<21>     |   27.569|
NEXT_PC<3>     |OUTPUT<22>     |   28.550|
NEXT_PC<3>     |OUTPUT<23>     |   29.274|
NEXT_PC<3>     |OUTPUT<24>     |   30.455|
NEXT_PC<3>     |OUTPUT<25>     |   31.295|
NEXT_PC<3>     |OUTPUT<26>     |   32.625|
NEXT_PC<3>     |OUTPUT<27>     |   33.223|
NEXT_PC<3>     |OUTPUT<28>     |   34.172|
NEXT_PC<3>     |OUTPUT<29>     |   36.843|
NEXT_PC<3>     |OUTPUT<30>     |   37.396|
NEXT_PC<3>     |OUTPUT<31>     |   37.080|
NEXT_PC<4>     |OUTPUT<4>      |    6.805|
NEXT_PC<4>     |OUTPUT<5>      |    9.005|
NEXT_PC<4>     |OUTPUT<6>      |   10.936|
NEXT_PC<4>     |OUTPUT<7>      |   11.656|
NEXT_PC<4>     |OUTPUT<8>      |   14.392|
NEXT_PC<4>     |OUTPUT<9>      |   14.068|
NEXT_PC<4>     |OUTPUT<10>     |   14.193|
NEXT_PC<4>     |OUTPUT<11>     |   16.618|
NEXT_PC<4>     |OUTPUT<12>     |   17.156|
NEXT_PC<4>     |OUTPUT<13>     |   17.988|
NEXT_PC<4>     |OUTPUT<14>     |   18.836|
NEXT_PC<4>     |OUTPUT<15>     |   19.611|
NEXT_PC<4>     |OUTPUT<16>     |   21.574|
NEXT_PC<4>     |OUTPUT<17>     |   21.828|
NEXT_PC<4>     |OUTPUT<18>     |   23.803|
NEXT_PC<4>     |OUTPUT<19>     |   23.998|
NEXT_PC<4>     |OUTPUT<20>     |   24.497|
NEXT_PC<4>     |OUTPUT<21>     |   25.841|
NEXT_PC<4>     |OUTPUT<22>     |   26.822|
NEXT_PC<4>     |OUTPUT<23>     |   27.546|
NEXT_PC<4>     |OUTPUT<24>     |   28.727|
NEXT_PC<4>     |OUTPUT<25>     |   29.567|
NEXT_PC<4>     |OUTPUT<26>     |   30.897|
NEXT_PC<4>     |OUTPUT<27>     |   31.495|
NEXT_PC<4>     |OUTPUT<28>     |   32.444|
NEXT_PC<4>     |OUTPUT<29>     |   35.115|
NEXT_PC<4>     |OUTPUT<30>     |   35.668|
NEXT_PC<4>     |OUTPUT<31>     |   35.352|
NEXT_PC<5>     |OUTPUT<5>      |    7.610|
NEXT_PC<5>     |OUTPUT<6>      |    9.811|
NEXT_PC<5>     |OUTPUT<7>      |   10.531|
NEXT_PC<5>     |OUTPUT<8>      |   13.267|
NEXT_PC<5>     |OUTPUT<9>      |   12.943|
NEXT_PC<5>     |OUTPUT<10>     |   13.068|
NEXT_PC<5>     |OUTPUT<11>     |   15.493|
NEXT_PC<5>     |OUTPUT<12>     |   16.031|
NEXT_PC<5>     |OUTPUT<13>     |   16.863|
NEXT_PC<5>     |OUTPUT<14>     |   17.711|
NEXT_PC<5>     |OUTPUT<15>     |   18.486|
NEXT_PC<5>     |OUTPUT<16>     |   20.449|
NEXT_PC<5>     |OUTPUT<17>     |   20.703|
NEXT_PC<5>     |OUTPUT<18>     |   22.678|
NEXT_PC<5>     |OUTPUT<19>     |   22.873|
NEXT_PC<5>     |OUTPUT<20>     |   23.372|
NEXT_PC<5>     |OUTPUT<21>     |   24.716|
NEXT_PC<5>     |OUTPUT<22>     |   25.697|
NEXT_PC<5>     |OUTPUT<23>     |   26.421|
NEXT_PC<5>     |OUTPUT<24>     |   27.602|
NEXT_PC<5>     |OUTPUT<25>     |   28.442|
NEXT_PC<5>     |OUTPUT<26>     |   29.772|
NEXT_PC<5>     |OUTPUT<27>     |   30.370|
NEXT_PC<5>     |OUTPUT<28>     |   31.319|
NEXT_PC<5>     |OUTPUT<29>     |   33.990|
NEXT_PC<5>     |OUTPUT<30>     |   34.543|
NEXT_PC<5>     |OUTPUT<31>     |   34.227|
NEXT_PC<6>     |OUTPUT<6>      |    8.588|
NEXT_PC<6>     |OUTPUT<7>      |    9.280|
NEXT_PC<6>     |OUTPUT<8>      |   12.016|
NEXT_PC<6>     |OUTPUT<9>      |   11.692|
NEXT_PC<6>     |OUTPUT<10>     |   11.817|
NEXT_PC<6>     |OUTPUT<11>     |   14.242|
NEXT_PC<6>     |OUTPUT<12>     |   14.780|
NEXT_PC<6>     |OUTPUT<13>     |   15.612|
NEXT_PC<6>     |OUTPUT<14>     |   16.460|
NEXT_PC<6>     |OUTPUT<15>     |   17.235|
NEXT_PC<6>     |OUTPUT<16>     |   19.198|
NEXT_PC<6>     |OUTPUT<17>     |   19.452|
NEXT_PC<6>     |OUTPUT<18>     |   21.427|
NEXT_PC<6>     |OUTPUT<19>     |   21.622|
NEXT_PC<6>     |OUTPUT<20>     |   22.121|
NEXT_PC<6>     |OUTPUT<21>     |   23.465|
NEXT_PC<6>     |OUTPUT<22>     |   24.446|
NEXT_PC<6>     |OUTPUT<23>     |   25.170|
NEXT_PC<6>     |OUTPUT<24>     |   26.351|
NEXT_PC<6>     |OUTPUT<25>     |   27.191|
NEXT_PC<6>     |OUTPUT<26>     |   28.521|
NEXT_PC<6>     |OUTPUT<27>     |   29.119|
NEXT_PC<6>     |OUTPUT<28>     |   30.068|
NEXT_PC<6>     |OUTPUT<29>     |   32.739|
NEXT_PC<6>     |OUTPUT<30>     |   33.292|
NEXT_PC<6>     |OUTPUT<31>     |   32.976|
NEXT_PC<7>     |OUTPUT<7>      |    7.725|
NEXT_PC<7>     |OUTPUT<8>      |   11.202|
NEXT_PC<7>     |OUTPUT<9>      |   10.878|
NEXT_PC<7>     |OUTPUT<10>     |   11.003|
NEXT_PC<7>     |OUTPUT<11>     |   13.428|
NEXT_PC<7>     |OUTPUT<12>     |   13.966|
NEXT_PC<7>     |OUTPUT<13>     |   14.798|
NEXT_PC<7>     |OUTPUT<14>     |   15.646|
NEXT_PC<7>     |OUTPUT<15>     |   16.421|
NEXT_PC<7>     |OUTPUT<16>     |   18.384|
NEXT_PC<7>     |OUTPUT<17>     |   18.638|
NEXT_PC<7>     |OUTPUT<18>     |   20.613|
NEXT_PC<7>     |OUTPUT<19>     |   20.808|
NEXT_PC<7>     |OUTPUT<20>     |   21.307|
NEXT_PC<7>     |OUTPUT<21>     |   22.651|
NEXT_PC<7>     |OUTPUT<22>     |   23.632|
NEXT_PC<7>     |OUTPUT<23>     |   24.356|
NEXT_PC<7>     |OUTPUT<24>     |   25.537|
NEXT_PC<7>     |OUTPUT<25>     |   26.377|
NEXT_PC<7>     |OUTPUT<26>     |   27.707|
NEXT_PC<7>     |OUTPUT<27>     |   28.305|
NEXT_PC<7>     |OUTPUT<28>     |   29.254|
NEXT_PC<7>     |OUTPUT<29>     |   31.925|
NEXT_PC<7>     |OUTPUT<30>     |   32.478|
NEXT_PC<7>     |OUTPUT<31>     |   32.162|
NEXT_PC<8>     |OUTPUT<8>      |    9.550|
NEXT_PC<8>     |OUTPUT<9>      |    8.988|
NEXT_PC<8>     |OUTPUT<10>     |    9.113|
NEXT_PC<8>     |OUTPUT<11>     |   11.538|
NEXT_PC<8>     |OUTPUT<12>     |   12.076|
NEXT_PC<8>     |OUTPUT<13>     |   12.908|
NEXT_PC<8>     |OUTPUT<14>     |   13.756|
NEXT_PC<8>     |OUTPUT<15>     |   14.531|
NEXT_PC<8>     |OUTPUT<16>     |   16.494|
NEXT_PC<8>     |OUTPUT<17>     |   16.748|
NEXT_PC<8>     |OUTPUT<18>     |   18.723|
NEXT_PC<8>     |OUTPUT<19>     |   18.918|
NEXT_PC<8>     |OUTPUT<20>     |   19.417|
NEXT_PC<8>     |OUTPUT<21>     |   20.761|
NEXT_PC<8>     |OUTPUT<22>     |   21.742|
NEXT_PC<8>     |OUTPUT<23>     |   22.466|
NEXT_PC<8>     |OUTPUT<24>     |   23.647|
NEXT_PC<8>     |OUTPUT<25>     |   24.487|
NEXT_PC<8>     |OUTPUT<26>     |   25.817|
NEXT_PC<8>     |OUTPUT<27>     |   26.415|
NEXT_PC<8>     |OUTPUT<28>     |   27.364|
NEXT_PC<8>     |OUTPUT<29>     |   30.035|
NEXT_PC<8>     |OUTPUT<30>     |   30.588|
NEXT_PC<8>     |OUTPUT<31>     |   30.272|
NEXT_PC<9>     |OUTPUT<9>      |    8.719|
NEXT_PC<9>     |OUTPUT<10>     |    8.964|
NEXT_PC<9>     |OUTPUT<11>     |   11.389|
NEXT_PC<9>     |OUTPUT<12>     |   11.927|
NEXT_PC<9>     |OUTPUT<13>     |   12.759|
NEXT_PC<9>     |OUTPUT<14>     |   13.607|
NEXT_PC<9>     |OUTPUT<15>     |   14.382|
NEXT_PC<9>     |OUTPUT<16>     |   16.345|
NEXT_PC<9>     |OUTPUT<17>     |   16.599|
NEXT_PC<9>     |OUTPUT<18>     |   18.574|
NEXT_PC<9>     |OUTPUT<19>     |   18.769|
NEXT_PC<9>     |OUTPUT<20>     |   19.268|
NEXT_PC<9>     |OUTPUT<21>     |   20.612|
NEXT_PC<9>     |OUTPUT<22>     |   21.593|
NEXT_PC<9>     |OUTPUT<23>     |   22.317|
NEXT_PC<9>     |OUTPUT<24>     |   23.498|
NEXT_PC<9>     |OUTPUT<25>     |   24.338|
NEXT_PC<9>     |OUTPUT<26>     |   25.668|
NEXT_PC<9>     |OUTPUT<27>     |   26.266|
NEXT_PC<9>     |OUTPUT<28>     |   27.215|
NEXT_PC<9>     |OUTPUT<29>     |   29.886|
NEXT_PC<9>     |OUTPUT<30>     |   30.439|
NEXT_PC<9>     |OUTPUT<31>     |   30.123|
NEXT_PC<10>    |OUTPUT<10>     |    8.594|
NEXT_PC<10>    |OUTPUT<11>     |   10.386|
NEXT_PC<10>    |OUTPUT<12>     |   10.924|
NEXT_PC<10>    |OUTPUT<13>     |   11.756|
NEXT_PC<10>    |OUTPUT<14>     |   12.604|
NEXT_PC<10>    |OUTPUT<15>     |   13.379|
NEXT_PC<10>    |OUTPUT<16>     |   15.342|
NEXT_PC<10>    |OUTPUT<17>     |   15.596|
NEXT_PC<10>    |OUTPUT<18>     |   17.571|
NEXT_PC<10>    |OUTPUT<19>     |   17.766|
NEXT_PC<10>    |OUTPUT<20>     |   18.265|
NEXT_PC<10>    |OUTPUT<21>     |   19.609|
NEXT_PC<10>    |OUTPUT<22>     |   20.590|
NEXT_PC<10>    |OUTPUT<23>     |   21.314|
NEXT_PC<10>    |OUTPUT<24>     |   22.495|
NEXT_PC<10>    |OUTPUT<25>     |   23.335|
NEXT_PC<10>    |OUTPUT<26>     |   24.665|
NEXT_PC<10>    |OUTPUT<27>     |   25.263|
NEXT_PC<10>    |OUTPUT<28>     |   26.212|
NEXT_PC<10>    |OUTPUT<29>     |   28.883|
NEXT_PC<10>    |OUTPUT<30>     |   29.436|
NEXT_PC<10>    |OUTPUT<31>     |   29.120|
NEXT_PC<11>    |OUTPUT<11>     |    9.348|
NEXT_PC<11>    |OUTPUT<12>     |    9.463|
NEXT_PC<11>    |OUTPUT<13>     |   10.295|
NEXT_PC<11>    |OUTPUT<14>     |   11.143|
NEXT_PC<11>    |OUTPUT<15>     |   11.918|
NEXT_PC<11>    |OUTPUT<16>     |   13.881|
NEXT_PC<11>    |OUTPUT<17>     |   14.135|
NEXT_PC<11>    |OUTPUT<18>     |   16.110|
NEXT_PC<11>    |OUTPUT<19>     |   16.305|
NEXT_PC<11>    |OUTPUT<20>     |   16.804|
NEXT_PC<11>    |OUTPUT<21>     |   18.148|
NEXT_PC<11>    |OUTPUT<22>     |   19.129|
NEXT_PC<11>    |OUTPUT<23>     |   19.853|
NEXT_PC<11>    |OUTPUT<24>     |   21.034|
NEXT_PC<11>    |OUTPUT<25>     |   21.874|
NEXT_PC<11>    |OUTPUT<26>     |   23.204|
NEXT_PC<11>    |OUTPUT<27>     |   23.802|
NEXT_PC<11>    |OUTPUT<28>     |   24.751|
NEXT_PC<11>    |OUTPUT<29>     |   27.422|
NEXT_PC<11>    |OUTPUT<30>     |   27.975|
NEXT_PC<11>    |OUTPUT<31>     |   27.659|
NEXT_PC<12>    |OUTPUT<12>     |    8.262|
NEXT_PC<12>    |OUTPUT<13>     |    8.949|
NEXT_PC<12>    |OUTPUT<14>     |    9.797|
NEXT_PC<12>    |OUTPUT<15>     |   10.572|
NEXT_PC<12>    |OUTPUT<16>     |   12.535|
NEXT_PC<12>    |OUTPUT<17>     |   12.789|
NEXT_PC<12>    |OUTPUT<18>     |   14.764|
NEXT_PC<12>    |OUTPUT<19>     |   14.959|
NEXT_PC<12>    |OUTPUT<20>     |   15.458|
NEXT_PC<12>    |OUTPUT<21>     |   16.802|
NEXT_PC<12>    |OUTPUT<22>     |   17.783|
NEXT_PC<12>    |OUTPUT<23>     |   18.507|
NEXT_PC<12>    |OUTPUT<24>     |   19.688|
NEXT_PC<12>    |OUTPUT<25>     |   20.528|
NEXT_PC<12>    |OUTPUT<26>     |   21.858|
NEXT_PC<12>    |OUTPUT<27>     |   22.456|
NEXT_PC<12>    |OUTPUT<28>     |   23.405|
NEXT_PC<12>    |OUTPUT<29>     |   26.076|
NEXT_PC<12>    |OUTPUT<30>     |   26.629|
NEXT_PC<12>    |OUTPUT<31>     |   26.313|
NEXT_PC<13>    |OUTPUT<13>     |    8.187|
NEXT_PC<13>    |OUTPUT<14>     |    9.096|
NEXT_PC<13>    |OUTPUT<15>     |    9.871|
NEXT_PC<13>    |OUTPUT<16>     |   11.834|
NEXT_PC<13>    |OUTPUT<17>     |   12.088|
NEXT_PC<13>    |OUTPUT<18>     |   14.063|
NEXT_PC<13>    |OUTPUT<19>     |   14.258|
NEXT_PC<13>    |OUTPUT<20>     |   14.757|
NEXT_PC<13>    |OUTPUT<21>     |   16.101|
NEXT_PC<13>    |OUTPUT<22>     |   17.082|
NEXT_PC<13>    |OUTPUT<23>     |   17.806|
NEXT_PC<13>    |OUTPUT<24>     |   18.987|
NEXT_PC<13>    |OUTPUT<25>     |   19.827|
NEXT_PC<13>    |OUTPUT<26>     |   21.157|
NEXT_PC<13>    |OUTPUT<27>     |   21.755|
NEXT_PC<13>    |OUTPUT<28>     |   22.704|
NEXT_PC<13>    |OUTPUT<29>     |   25.375|
NEXT_PC<13>    |OUTPUT<30>     |   25.928|
NEXT_PC<13>    |OUTPUT<31>     |   25.612|
NEXT_PC<14>    |OUTPUT<14>     |    7.949|
NEXT_PC<14>    |OUTPUT<15>     |    9.166|
NEXT_PC<14>    |OUTPUT<16>     |   11.129|
NEXT_PC<14>    |OUTPUT<17>     |   11.383|
NEXT_PC<14>    |OUTPUT<18>     |   13.358|
NEXT_PC<14>    |OUTPUT<19>     |   13.553|
NEXT_PC<14>    |OUTPUT<20>     |   14.052|
NEXT_PC<14>    |OUTPUT<21>     |   15.396|
NEXT_PC<14>    |OUTPUT<22>     |   16.377|
NEXT_PC<14>    |OUTPUT<23>     |   17.101|
NEXT_PC<14>    |OUTPUT<24>     |   18.282|
NEXT_PC<14>    |OUTPUT<25>     |   19.122|
NEXT_PC<14>    |OUTPUT<26>     |   20.452|
NEXT_PC<14>    |OUTPUT<27>     |   21.050|
NEXT_PC<14>    |OUTPUT<28>     |   21.999|
NEXT_PC<14>    |OUTPUT<29>     |   24.670|
NEXT_PC<14>    |OUTPUT<30>     |   25.223|
NEXT_PC<14>    |OUTPUT<31>     |   24.907|
NEXT_PC<15>    |OUTPUT<15>     |    8.325|
NEXT_PC<15>    |OUTPUT<16>     |   10.715|
NEXT_PC<15>    |OUTPUT<17>     |   10.969|
NEXT_PC<15>    |OUTPUT<18>     |   12.944|
NEXT_PC<15>    |OUTPUT<19>     |   13.139|
NEXT_PC<15>    |OUTPUT<20>     |   13.638|
NEXT_PC<15>    |OUTPUT<21>     |   14.982|
NEXT_PC<15>    |OUTPUT<22>     |   15.963|
NEXT_PC<15>    |OUTPUT<23>     |   16.687|
NEXT_PC<15>    |OUTPUT<24>     |   17.868|
NEXT_PC<15>    |OUTPUT<25>     |   18.708|
NEXT_PC<15>    |OUTPUT<26>     |   20.038|
NEXT_PC<15>    |OUTPUT<27>     |   20.636|
NEXT_PC<15>    |OUTPUT<28>     |   21.585|
NEXT_PC<15>    |OUTPUT<29>     |   24.256|
NEXT_PC<15>    |OUTPUT<30>     |   24.809|
NEXT_PC<15>    |OUTPUT<31>     |   24.493|
NEXT_PC<16>    |OUTPUT<16>     |    7.917|
NEXT_PC<16>    |OUTPUT<17>     |    9.867|
NEXT_PC<16>    |OUTPUT<18>     |   11.842|
NEXT_PC<16>    |OUTPUT<19>     |   12.037|
NEXT_PC<16>    |OUTPUT<20>     |   12.536|
NEXT_PC<16>    |OUTPUT<21>     |   13.880|
NEXT_PC<16>    |OUTPUT<22>     |   14.861|
NEXT_PC<16>    |OUTPUT<23>     |   15.585|
NEXT_PC<16>    |OUTPUT<24>     |   16.766|
NEXT_PC<16>    |OUTPUT<25>     |   17.606|
NEXT_PC<16>    |OUTPUT<26>     |   18.936|
NEXT_PC<16>    |OUTPUT<27>     |   19.534|
NEXT_PC<16>    |OUTPUT<28>     |   20.483|
NEXT_PC<16>    |OUTPUT<29>     |   23.154|
NEXT_PC<16>    |OUTPUT<30>     |   23.707|
NEXT_PC<16>    |OUTPUT<31>     |   23.391|
NEXT_PC<17>    |OUTPUT<17>     |    8.648|
NEXT_PC<17>    |OUTPUT<18>     |   10.503|
NEXT_PC<17>    |OUTPUT<19>     |   10.698|
NEXT_PC<17>    |OUTPUT<20>     |   11.197|
NEXT_PC<17>    |OUTPUT<21>     |   12.541|
NEXT_PC<17>    |OUTPUT<22>     |   13.522|
NEXT_PC<17>    |OUTPUT<23>     |   14.246|
NEXT_PC<17>    |OUTPUT<24>     |   15.427|
NEXT_PC<17>    |OUTPUT<25>     |   16.267|
NEXT_PC<17>    |OUTPUT<26>     |   17.597|
NEXT_PC<17>    |OUTPUT<27>     |   18.195|
NEXT_PC<17>    |OUTPUT<28>     |   19.144|
NEXT_PC<17>    |OUTPUT<29>     |   21.815|
NEXT_PC<17>    |OUTPUT<30>     |   22.368|
NEXT_PC<17>    |OUTPUT<31>     |   22.052|
NEXT_PC<18>    |OUTPUT<18>     |    7.259|
NEXT_PC<18>    |OUTPUT<19>     |   10.132|
NEXT_PC<18>    |OUTPUT<20>     |   10.631|
NEXT_PC<18>    |OUTPUT<21>     |   11.975|
NEXT_PC<18>    |OUTPUT<22>     |   12.956|
NEXT_PC<18>    |OUTPUT<23>     |   13.680|
NEXT_PC<18>    |OUTPUT<24>     |   14.861|
NEXT_PC<18>    |OUTPUT<25>     |   15.701|
NEXT_PC<18>    |OUTPUT<26>     |   17.031|
NEXT_PC<18>    |OUTPUT<27>     |   17.629|
NEXT_PC<18>    |OUTPUT<28>     |   18.578|
NEXT_PC<18>    |OUTPUT<29>     |   21.249|
NEXT_PC<18>    |OUTPUT<30>     |   21.802|
NEXT_PC<18>    |OUTPUT<31>     |   21.486|
NEXT_PC<19>    |OUTPUT<19>     |    9.538|
NEXT_PC<19>    |OUTPUT<20>     |   10.174|
NEXT_PC<19>    |OUTPUT<21>     |   11.518|
NEXT_PC<19>    |OUTPUT<22>     |   12.499|
NEXT_PC<19>    |OUTPUT<23>     |   13.223|
NEXT_PC<19>    |OUTPUT<24>     |   14.404|
NEXT_PC<19>    |OUTPUT<25>     |   15.244|
NEXT_PC<19>    |OUTPUT<26>     |   16.574|
NEXT_PC<19>    |OUTPUT<27>     |   17.172|
NEXT_PC<19>    |OUTPUT<28>     |   18.121|
NEXT_PC<19>    |OUTPUT<29>     |   20.792|
NEXT_PC<19>    |OUTPUT<30>     |   21.345|
NEXT_PC<19>    |OUTPUT<31>     |   21.029|
NEXT_PC<20>    |OUTPUT<20>     |    8.275|
NEXT_PC<20>    |OUTPUT<21>     |    8.824|
NEXT_PC<20>    |OUTPUT<22>     |    9.805|
NEXT_PC<20>    |OUTPUT<23>     |   10.529|
NEXT_PC<20>    |OUTPUT<24>     |   11.710|
NEXT_PC<20>    |OUTPUT<25>     |   12.550|
NEXT_PC<20>    |OUTPUT<26>     |   13.880|
NEXT_PC<20>    |OUTPUT<27>     |   14.478|
NEXT_PC<20>    |OUTPUT<28>     |   15.427|
NEXT_PC<20>    |OUTPUT<29>     |   18.098|
NEXT_PC<20>    |OUTPUT<30>     |   18.651|
NEXT_PC<20>    |OUTPUT<31>     |   18.335|
NEXT_PC<21>    |OUTPUT<21>     |    7.382|
NEXT_PC<21>    |OUTPUT<22>     |    9.054|
NEXT_PC<21>    |OUTPUT<23>     |    9.778|
NEXT_PC<21>    |OUTPUT<24>     |   10.959|
NEXT_PC<21>    |OUTPUT<25>     |   11.799|
NEXT_PC<21>    |OUTPUT<26>     |   13.129|
NEXT_PC<21>    |OUTPUT<27>     |   13.727|
NEXT_PC<21>    |OUTPUT<28>     |   14.676|
NEXT_PC<21>    |OUTPUT<29>     |   17.347|
NEXT_PC<21>    |OUTPUT<30>     |   17.900|
NEXT_PC<21>    |OUTPUT<31>     |   17.584|
NEXT_PC<22>    |OUTPUT<22>     |    8.150|
NEXT_PC<22>    |OUTPUT<23>     |    9.489|
NEXT_PC<22>    |OUTPUT<24>     |   10.670|
NEXT_PC<22>    |OUTPUT<25>     |   11.510|
NEXT_PC<22>    |OUTPUT<26>     |   12.840|
NEXT_PC<22>    |OUTPUT<27>     |   13.438|
NEXT_PC<22>    |OUTPUT<28>     |   14.387|
NEXT_PC<22>    |OUTPUT<29>     |   17.058|
NEXT_PC<22>    |OUTPUT<30>     |   17.611|
NEXT_PC<22>    |OUTPUT<31>     |   17.295|
NEXT_PC<23>    |OUTPUT<23>     |    7.969|
NEXT_PC<23>    |OUTPUT<24>     |    9.613|
NEXT_PC<23>    |OUTPUT<25>     |   10.453|
NEXT_PC<23>    |OUTPUT<26>     |   11.783|
NEXT_PC<23>    |OUTPUT<27>     |   12.381|
NEXT_PC<23>    |OUTPUT<28>     |   13.330|
NEXT_PC<23>    |OUTPUT<29>     |   16.001|
NEXT_PC<23>    |OUTPUT<30>     |   16.554|
NEXT_PC<23>    |OUTPUT<31>     |   16.238|
NEXT_PC<24>    |OUTPUT<24>     |    8.450|
NEXT_PC<24>    |OUTPUT<25>     |    8.826|
NEXT_PC<24>    |OUTPUT<26>     |   10.156|
NEXT_PC<24>    |OUTPUT<27>     |   10.754|
NEXT_PC<24>    |OUTPUT<28>     |   11.703|
NEXT_PC<24>    |OUTPUT<29>     |   14.374|
NEXT_PC<24>    |OUTPUT<30>     |   14.927|
NEXT_PC<24>    |OUTPUT<31>     |   14.611|
NEXT_PC<25>    |OUTPUT<25>     |    7.800|
NEXT_PC<25>    |OUTPUT<26>     |    9.312|
NEXT_PC<25>    |OUTPUT<27>     |    9.910|
NEXT_PC<25>    |OUTPUT<28>     |   10.859|
NEXT_PC<25>    |OUTPUT<29>     |   13.530|
NEXT_PC<25>    |OUTPUT<30>     |   14.083|
NEXT_PC<25>    |OUTPUT<31>     |   13.767|
NEXT_PC<26>    |OUTPUT<26>     |    8.384|
NEXT_PC<26>    |OUTPUT<27>     |    8.579|
NEXT_PC<26>    |OUTPUT<28>     |    9.528|
NEXT_PC<26>    |OUTPUT<29>     |   12.199|
NEXT_PC<26>    |OUTPUT<30>     |   12.752|
NEXT_PC<26>    |OUTPUT<31>     |   12.436|
NEXT_PC<27>    |OUTPUT<27>     |    7.166|
NEXT_PC<27>    |OUTPUT<28>     |    9.164|
NEXT_PC<27>    |OUTPUT<29>     |   11.835|
NEXT_PC<27>    |OUTPUT<30>     |   12.388|
NEXT_PC<27>    |OUTPUT<31>     |   12.072|
NEXT_PC<28>    |OUTPUT<28>     |    6.877|
NEXT_PC<28>    |OUTPUT<29>     |   10.326|
NEXT_PC<28>    |OUTPUT<30>     |   10.879|
NEXT_PC<28>    |OUTPUT<31>     |   10.563|
NEXT_PC<29>    |OUTPUT<29>     |    8.303|
NEXT_PC<29>    |OUTPUT<30>     |   11.167|
NEXT_PC<29>    |OUTPUT<31>     |   10.851|
NEXT_PC<30>    |OUTPUT<30>     |    8.279|
NEXT_PC<30>    |OUTPUT<31>     |    8.397|
NEXT_PC<31>    |OUTPUT<31>     |    7.185|
SIGN_EXTEND<0> |OUTPUT<0>      |    7.957|
SIGN_EXTEND<0> |OUTPUT<1>      |    8.397|
SIGN_EXTEND<0> |OUTPUT<2>      |    8.946|
SIGN_EXTEND<0> |OUTPUT<3>      |   10.839|
SIGN_EXTEND<0> |OUTPUT<4>      |   12.081|
SIGN_EXTEND<0> |OUTPUT<5>      |   12.747|
SIGN_EXTEND<0> |OUTPUT<6>      |   14.678|
SIGN_EXTEND<0> |OUTPUT<7>      |   15.398|
SIGN_EXTEND<0> |OUTPUT<8>      |   18.134|
SIGN_EXTEND<0> |OUTPUT<9>      |   17.810|
SIGN_EXTEND<0> |OUTPUT<10>     |   17.935|
SIGN_EXTEND<0> |OUTPUT<11>     |   20.360|
SIGN_EXTEND<0> |OUTPUT<12>     |   20.898|
SIGN_EXTEND<0> |OUTPUT<13>     |   21.730|
SIGN_EXTEND<0> |OUTPUT<14>     |   22.578|
SIGN_EXTEND<0> |OUTPUT<15>     |   23.353|
SIGN_EXTEND<0> |OUTPUT<16>     |   25.316|
SIGN_EXTEND<0> |OUTPUT<17>     |   25.570|
SIGN_EXTEND<0> |OUTPUT<18>     |   27.545|
SIGN_EXTEND<0> |OUTPUT<19>     |   27.740|
SIGN_EXTEND<0> |OUTPUT<20>     |   28.239|
SIGN_EXTEND<0> |OUTPUT<21>     |   29.583|
SIGN_EXTEND<0> |OUTPUT<22>     |   30.564|
SIGN_EXTEND<0> |OUTPUT<23>     |   31.288|
SIGN_EXTEND<0> |OUTPUT<24>     |   32.469|
SIGN_EXTEND<0> |OUTPUT<25>     |   33.309|
SIGN_EXTEND<0> |OUTPUT<26>     |   34.639|
SIGN_EXTEND<0> |OUTPUT<27>     |   35.237|
SIGN_EXTEND<0> |OUTPUT<28>     |   36.186|
SIGN_EXTEND<0> |OUTPUT<29>     |   38.857|
SIGN_EXTEND<0> |OUTPUT<30>     |   39.410|
SIGN_EXTEND<0> |OUTPUT<31>     |   39.094|
SIGN_EXTEND<1> |OUTPUT<1>      |    9.592|
SIGN_EXTEND<1> |OUTPUT<2>      |    9.832|
SIGN_EXTEND<1> |OUTPUT<3>      |   11.725|
SIGN_EXTEND<1> |OUTPUT<4>      |   12.967|
SIGN_EXTEND<1> |OUTPUT<5>      |   13.633|
SIGN_EXTEND<1> |OUTPUT<6>      |   15.564|
SIGN_EXTEND<1> |OUTPUT<7>      |   16.284|
SIGN_EXTEND<1> |OUTPUT<8>      |   19.020|
SIGN_EXTEND<1> |OUTPUT<9>      |   18.696|
SIGN_EXTEND<1> |OUTPUT<10>     |   18.821|
SIGN_EXTEND<1> |OUTPUT<11>     |   21.246|
SIGN_EXTEND<1> |OUTPUT<12>     |   21.784|
SIGN_EXTEND<1> |OUTPUT<13>     |   22.616|
SIGN_EXTEND<1> |OUTPUT<14>     |   23.464|
SIGN_EXTEND<1> |OUTPUT<15>     |   24.239|
SIGN_EXTEND<1> |OUTPUT<16>     |   26.202|
SIGN_EXTEND<1> |OUTPUT<17>     |   26.456|
SIGN_EXTEND<1> |OUTPUT<18>     |   28.431|
SIGN_EXTEND<1> |OUTPUT<19>     |   28.626|
SIGN_EXTEND<1> |OUTPUT<20>     |   29.125|
SIGN_EXTEND<1> |OUTPUT<21>     |   30.469|
SIGN_EXTEND<1> |OUTPUT<22>     |   31.450|
SIGN_EXTEND<1> |OUTPUT<23>     |   32.174|
SIGN_EXTEND<1> |OUTPUT<24>     |   33.355|
SIGN_EXTEND<1> |OUTPUT<25>     |   34.195|
SIGN_EXTEND<1> |OUTPUT<26>     |   35.525|
SIGN_EXTEND<1> |OUTPUT<27>     |   36.123|
SIGN_EXTEND<1> |OUTPUT<28>     |   37.072|
SIGN_EXTEND<1> |OUTPUT<29>     |   39.743|
SIGN_EXTEND<1> |OUTPUT<30>     |   40.296|
SIGN_EXTEND<1> |OUTPUT<31>     |   39.980|
SIGN_EXTEND<2> |OUTPUT<2>      |   10.901|
SIGN_EXTEND<2> |OUTPUT<3>      |   11.307|
SIGN_EXTEND<2> |OUTPUT<4>      |   12.549|
SIGN_EXTEND<2> |OUTPUT<5>      |   13.215|
SIGN_EXTEND<2> |OUTPUT<6>      |   15.146|
SIGN_EXTEND<2> |OUTPUT<7>      |   15.866|
SIGN_EXTEND<2> |OUTPUT<8>      |   18.602|
SIGN_EXTEND<2> |OUTPUT<9>      |   18.278|
SIGN_EXTEND<2> |OUTPUT<10>     |   18.403|
SIGN_EXTEND<2> |OUTPUT<11>     |   20.828|
SIGN_EXTEND<2> |OUTPUT<12>     |   21.366|
SIGN_EXTEND<2> |OUTPUT<13>     |   22.198|
SIGN_EXTEND<2> |OUTPUT<14>     |   23.046|
SIGN_EXTEND<2> |OUTPUT<15>     |   23.821|
SIGN_EXTEND<2> |OUTPUT<16>     |   25.784|
SIGN_EXTEND<2> |OUTPUT<17>     |   26.038|
SIGN_EXTEND<2> |OUTPUT<18>     |   28.013|
SIGN_EXTEND<2> |OUTPUT<19>     |   28.208|
SIGN_EXTEND<2> |OUTPUT<20>     |   28.707|
SIGN_EXTEND<2> |OUTPUT<21>     |   30.051|
SIGN_EXTEND<2> |OUTPUT<22>     |   31.032|
SIGN_EXTEND<2> |OUTPUT<23>     |   31.756|
SIGN_EXTEND<2> |OUTPUT<24>     |   32.937|
SIGN_EXTEND<2> |OUTPUT<25>     |   33.777|
SIGN_EXTEND<2> |OUTPUT<26>     |   35.107|
SIGN_EXTEND<2> |OUTPUT<27>     |   35.705|
SIGN_EXTEND<2> |OUTPUT<28>     |   36.654|
SIGN_EXTEND<2> |OUTPUT<29>     |   39.325|
SIGN_EXTEND<2> |OUTPUT<30>     |   39.878|
SIGN_EXTEND<2> |OUTPUT<31>     |   39.562|
SIGN_EXTEND<3> |OUTPUT<3>      |    9.251|
SIGN_EXTEND<3> |OUTPUT<4>      |   10.640|
SIGN_EXTEND<3> |OUTPUT<5>      |   11.306|
SIGN_EXTEND<3> |OUTPUT<6>      |   13.237|
SIGN_EXTEND<3> |OUTPUT<7>      |   13.957|
SIGN_EXTEND<3> |OUTPUT<8>      |   16.693|
SIGN_EXTEND<3> |OUTPUT<9>      |   16.369|
SIGN_EXTEND<3> |OUTPUT<10>     |   16.494|
SIGN_EXTEND<3> |OUTPUT<11>     |   18.919|
SIGN_EXTEND<3> |OUTPUT<12>     |   19.457|
SIGN_EXTEND<3> |OUTPUT<13>     |   20.289|
SIGN_EXTEND<3> |OUTPUT<14>     |   21.137|
SIGN_EXTEND<3> |OUTPUT<15>     |   21.912|
SIGN_EXTEND<3> |OUTPUT<16>     |   23.875|
SIGN_EXTEND<3> |OUTPUT<17>     |   24.129|
SIGN_EXTEND<3> |OUTPUT<18>     |   26.104|
SIGN_EXTEND<3> |OUTPUT<19>     |   26.299|
SIGN_EXTEND<3> |OUTPUT<20>     |   26.798|
SIGN_EXTEND<3> |OUTPUT<21>     |   28.142|
SIGN_EXTEND<3> |OUTPUT<22>     |   29.123|
SIGN_EXTEND<3> |OUTPUT<23>     |   29.847|
SIGN_EXTEND<3> |OUTPUT<24>     |   31.028|
SIGN_EXTEND<3> |OUTPUT<25>     |   31.868|
SIGN_EXTEND<3> |OUTPUT<26>     |   33.198|
SIGN_EXTEND<3> |OUTPUT<27>     |   33.796|
SIGN_EXTEND<3> |OUTPUT<28>     |   34.745|
SIGN_EXTEND<3> |OUTPUT<29>     |   37.416|
SIGN_EXTEND<3> |OUTPUT<30>     |   37.969|
SIGN_EXTEND<3> |OUTPUT<31>     |   37.653|
SIGN_EXTEND<4> |OUTPUT<4>      |    7.143|
SIGN_EXTEND<4> |OUTPUT<5>      |    9.708|
SIGN_EXTEND<4> |OUTPUT<6>      |   11.639|
SIGN_EXTEND<4> |OUTPUT<7>      |   12.359|
SIGN_EXTEND<4> |OUTPUT<8>      |   15.095|
SIGN_EXTEND<4> |OUTPUT<9>      |   14.771|
SIGN_EXTEND<4> |OUTPUT<10>     |   14.896|
SIGN_EXTEND<4> |OUTPUT<11>     |   17.321|
SIGN_EXTEND<4> |OUTPUT<12>     |   17.859|
SIGN_EXTEND<4> |OUTPUT<13>     |   18.691|
SIGN_EXTEND<4> |OUTPUT<14>     |   19.539|
SIGN_EXTEND<4> |OUTPUT<15>     |   20.314|
SIGN_EXTEND<4> |OUTPUT<16>     |   22.277|
SIGN_EXTEND<4> |OUTPUT<17>     |   22.531|
SIGN_EXTEND<4> |OUTPUT<18>     |   24.506|
SIGN_EXTEND<4> |OUTPUT<19>     |   24.701|
SIGN_EXTEND<4> |OUTPUT<20>     |   25.200|
SIGN_EXTEND<4> |OUTPUT<21>     |   26.544|
SIGN_EXTEND<4> |OUTPUT<22>     |   27.525|
SIGN_EXTEND<4> |OUTPUT<23>     |   28.249|
SIGN_EXTEND<4> |OUTPUT<24>     |   29.430|
SIGN_EXTEND<4> |OUTPUT<25>     |   30.270|
SIGN_EXTEND<4> |OUTPUT<26>     |   31.600|
SIGN_EXTEND<4> |OUTPUT<27>     |   32.198|
SIGN_EXTEND<4> |OUTPUT<28>     |   33.147|
SIGN_EXTEND<4> |OUTPUT<29>     |   35.818|
SIGN_EXTEND<4> |OUTPUT<30>     |   36.371|
SIGN_EXTEND<4> |OUTPUT<31>     |   36.055|
SIGN_EXTEND<5> |OUTPUT<5>      |    7.769|
SIGN_EXTEND<5> |OUTPUT<6>      |   10.192|
SIGN_EXTEND<5> |OUTPUT<7>      |   10.912|
SIGN_EXTEND<5> |OUTPUT<8>      |   13.648|
SIGN_EXTEND<5> |OUTPUT<9>      |   13.324|
SIGN_EXTEND<5> |OUTPUT<10>     |   13.449|
SIGN_EXTEND<5> |OUTPUT<11>     |   15.874|
SIGN_EXTEND<5> |OUTPUT<12>     |   16.412|
SIGN_EXTEND<5> |OUTPUT<13>     |   17.244|
SIGN_EXTEND<5> |OUTPUT<14>     |   18.092|
SIGN_EXTEND<5> |OUTPUT<15>     |   18.867|
SIGN_EXTEND<5> |OUTPUT<16>     |   20.830|
SIGN_EXTEND<5> |OUTPUT<17>     |   21.084|
SIGN_EXTEND<5> |OUTPUT<18>     |   23.059|
SIGN_EXTEND<5> |OUTPUT<19>     |   23.254|
SIGN_EXTEND<5> |OUTPUT<20>     |   23.753|
SIGN_EXTEND<5> |OUTPUT<21>     |   25.097|
SIGN_EXTEND<5> |OUTPUT<22>     |   26.078|
SIGN_EXTEND<5> |OUTPUT<23>     |   26.802|
SIGN_EXTEND<5> |OUTPUT<24>     |   27.983|
SIGN_EXTEND<5> |OUTPUT<25>     |   28.823|
SIGN_EXTEND<5> |OUTPUT<26>     |   30.153|
SIGN_EXTEND<5> |OUTPUT<27>     |   30.751|
SIGN_EXTEND<5> |OUTPUT<28>     |   31.700|
SIGN_EXTEND<5> |OUTPUT<29>     |   34.371|
SIGN_EXTEND<5> |OUTPUT<30>     |   34.924|
SIGN_EXTEND<5> |OUTPUT<31>     |   34.608|
SIGN_EXTEND<6> |OUTPUT<6>      |    8.898|
SIGN_EXTEND<6> |OUTPUT<7>      |    8.978|
SIGN_EXTEND<6> |OUTPUT<8>      |   11.714|
SIGN_EXTEND<6> |OUTPUT<9>      |   11.390|
SIGN_EXTEND<6> |OUTPUT<10>     |   11.515|
SIGN_EXTEND<6> |OUTPUT<11>     |   13.940|
SIGN_EXTEND<6> |OUTPUT<12>     |   14.478|
SIGN_EXTEND<6> |OUTPUT<13>     |   15.310|
SIGN_EXTEND<6> |OUTPUT<14>     |   16.158|
SIGN_EXTEND<6> |OUTPUT<15>     |   16.933|
SIGN_EXTEND<6> |OUTPUT<16>     |   18.896|
SIGN_EXTEND<6> |OUTPUT<17>     |   19.150|
SIGN_EXTEND<6> |OUTPUT<18>     |   21.125|
SIGN_EXTEND<6> |OUTPUT<19>     |   21.320|
SIGN_EXTEND<6> |OUTPUT<20>     |   21.819|
SIGN_EXTEND<6> |OUTPUT<21>     |   23.163|
SIGN_EXTEND<6> |OUTPUT<22>     |   24.144|
SIGN_EXTEND<6> |OUTPUT<23>     |   24.868|
SIGN_EXTEND<6> |OUTPUT<24>     |   26.049|
SIGN_EXTEND<6> |OUTPUT<25>     |   26.889|
SIGN_EXTEND<6> |OUTPUT<26>     |   28.219|
SIGN_EXTEND<6> |OUTPUT<27>     |   28.817|
SIGN_EXTEND<6> |OUTPUT<28>     |   29.766|
SIGN_EXTEND<6> |OUTPUT<29>     |   32.437|
SIGN_EXTEND<6> |OUTPUT<30>     |   32.990|
SIGN_EXTEND<6> |OUTPUT<31>     |   32.674|
SIGN_EXTEND<7> |OUTPUT<7>      |    9.864|
SIGN_EXTEND<7> |OUTPUT<8>      |   12.707|
SIGN_EXTEND<7> |OUTPUT<9>      |   12.383|
SIGN_EXTEND<7> |OUTPUT<10>     |   12.508|
SIGN_EXTEND<7> |OUTPUT<11>     |   14.933|
SIGN_EXTEND<7> |OUTPUT<12>     |   15.471|
SIGN_EXTEND<7> |OUTPUT<13>     |   16.303|
SIGN_EXTEND<7> |OUTPUT<14>     |   17.151|
SIGN_EXTEND<7> |OUTPUT<15>     |   17.926|
SIGN_EXTEND<7> |OUTPUT<16>     |   19.889|
SIGN_EXTEND<7> |OUTPUT<17>     |   20.143|
SIGN_EXTEND<7> |OUTPUT<18>     |   22.118|
SIGN_EXTEND<7> |OUTPUT<19>     |   22.313|
SIGN_EXTEND<7> |OUTPUT<20>     |   22.812|
SIGN_EXTEND<7> |OUTPUT<21>     |   24.156|
SIGN_EXTEND<7> |OUTPUT<22>     |   25.137|
SIGN_EXTEND<7> |OUTPUT<23>     |   25.861|
SIGN_EXTEND<7> |OUTPUT<24>     |   27.042|
SIGN_EXTEND<7> |OUTPUT<25>     |   27.882|
SIGN_EXTEND<7> |OUTPUT<26>     |   29.212|
SIGN_EXTEND<7> |OUTPUT<27>     |   29.810|
SIGN_EXTEND<7> |OUTPUT<28>     |   30.759|
SIGN_EXTEND<7> |OUTPUT<29>     |   33.430|
SIGN_EXTEND<7> |OUTPUT<30>     |   33.983|
SIGN_EXTEND<7> |OUTPUT<31>     |   33.667|
SIGN_EXTEND<8> |OUTPUT<8>      |    8.827|
SIGN_EXTEND<8> |OUTPUT<9>      |   10.512|
SIGN_EXTEND<8> |OUTPUT<10>     |   10.637|
SIGN_EXTEND<8> |OUTPUT<11>     |   13.062|
SIGN_EXTEND<8> |OUTPUT<12>     |   13.600|
SIGN_EXTEND<8> |OUTPUT<13>     |   14.432|
SIGN_EXTEND<8> |OUTPUT<14>     |   15.280|
SIGN_EXTEND<8> |OUTPUT<15>     |   16.055|
SIGN_EXTEND<8> |OUTPUT<16>     |   18.018|
SIGN_EXTEND<8> |OUTPUT<17>     |   18.272|
SIGN_EXTEND<8> |OUTPUT<18>     |   20.247|
SIGN_EXTEND<8> |OUTPUT<19>     |   20.442|
SIGN_EXTEND<8> |OUTPUT<20>     |   20.941|
SIGN_EXTEND<8> |OUTPUT<21>     |   22.285|
SIGN_EXTEND<8> |OUTPUT<22>     |   23.266|
SIGN_EXTEND<8> |OUTPUT<23>     |   23.990|
SIGN_EXTEND<8> |OUTPUT<24>     |   25.171|
SIGN_EXTEND<8> |OUTPUT<25>     |   26.011|
SIGN_EXTEND<8> |OUTPUT<26>     |   27.341|
SIGN_EXTEND<8> |OUTPUT<27>     |   27.939|
SIGN_EXTEND<8> |OUTPUT<28>     |   28.888|
SIGN_EXTEND<8> |OUTPUT<29>     |   31.559|
SIGN_EXTEND<8> |OUTPUT<30>     |   32.112|
SIGN_EXTEND<8> |OUTPUT<31>     |   31.796|
SIGN_EXTEND<9> |OUTPUT<9>      |    9.248|
SIGN_EXTEND<9> |OUTPUT<10>     |   10.177|
SIGN_EXTEND<9> |OUTPUT<11>     |   12.602|
SIGN_EXTEND<9> |OUTPUT<12>     |   13.140|
SIGN_EXTEND<9> |OUTPUT<13>     |   13.972|
SIGN_EXTEND<9> |OUTPUT<14>     |   14.820|
SIGN_EXTEND<9> |OUTPUT<15>     |   15.595|
SIGN_EXTEND<9> |OUTPUT<16>     |   17.558|
SIGN_EXTEND<9> |OUTPUT<17>     |   17.812|
SIGN_EXTEND<9> |OUTPUT<18>     |   19.787|
SIGN_EXTEND<9> |OUTPUT<19>     |   19.982|
SIGN_EXTEND<9> |OUTPUT<20>     |   20.481|
SIGN_EXTEND<9> |OUTPUT<21>     |   21.825|
SIGN_EXTEND<9> |OUTPUT<22>     |   22.806|
SIGN_EXTEND<9> |OUTPUT<23>     |   23.530|
SIGN_EXTEND<9> |OUTPUT<24>     |   24.711|
SIGN_EXTEND<9> |OUTPUT<25>     |   25.551|
SIGN_EXTEND<9> |OUTPUT<26>     |   26.881|
SIGN_EXTEND<9> |OUTPUT<27>     |   27.479|
SIGN_EXTEND<9> |OUTPUT<28>     |   28.428|
SIGN_EXTEND<9> |OUTPUT<29>     |   31.099|
SIGN_EXTEND<9> |OUTPUT<30>     |   31.652|
SIGN_EXTEND<9> |OUTPUT<31>     |   31.336|
SIGN_EXTEND<10>|OUTPUT<10>     |    8.487|
SIGN_EXTEND<10>|OUTPUT<11>     |   10.751|
SIGN_EXTEND<10>|OUTPUT<12>     |   11.289|
SIGN_EXTEND<10>|OUTPUT<13>     |   12.121|
SIGN_EXTEND<10>|OUTPUT<14>     |   12.969|
SIGN_EXTEND<10>|OUTPUT<15>     |   13.744|
SIGN_EXTEND<10>|OUTPUT<16>     |   15.707|
SIGN_EXTEND<10>|OUTPUT<17>     |   15.961|
SIGN_EXTEND<10>|OUTPUT<18>     |   17.936|
SIGN_EXTEND<10>|OUTPUT<19>     |   18.131|
SIGN_EXTEND<10>|OUTPUT<20>     |   18.630|
SIGN_EXTEND<10>|OUTPUT<21>     |   19.974|
SIGN_EXTEND<10>|OUTPUT<22>     |   20.955|
SIGN_EXTEND<10>|OUTPUT<23>     |   21.679|
SIGN_EXTEND<10>|OUTPUT<24>     |   22.860|
SIGN_EXTEND<10>|OUTPUT<25>     |   23.700|
SIGN_EXTEND<10>|OUTPUT<26>     |   25.030|
SIGN_EXTEND<10>|OUTPUT<27>     |   25.628|
SIGN_EXTEND<10>|OUTPUT<28>     |   26.577|
SIGN_EXTEND<10>|OUTPUT<29>     |   29.248|
SIGN_EXTEND<10>|OUTPUT<30>     |   29.801|
SIGN_EXTEND<10>|OUTPUT<31>     |   29.485|
SIGN_EXTEND<11>|OUTPUT<11>     |    9.614|
SIGN_EXTEND<11>|OUTPUT<12>     |   11.326|
SIGN_EXTEND<11>|OUTPUT<13>     |   12.158|
SIGN_EXTEND<11>|OUTPUT<14>     |   13.006|
SIGN_EXTEND<11>|OUTPUT<15>     |   13.781|
SIGN_EXTEND<11>|OUTPUT<16>     |   15.744|
SIGN_EXTEND<11>|OUTPUT<17>     |   15.998|
SIGN_EXTEND<11>|OUTPUT<18>     |   17.973|
SIGN_EXTEND<11>|OUTPUT<19>     |   18.168|
SIGN_EXTEND<11>|OUTPUT<20>     |   18.667|
SIGN_EXTEND<11>|OUTPUT<21>     |   20.011|
SIGN_EXTEND<11>|OUTPUT<22>     |   20.992|
SIGN_EXTEND<11>|OUTPUT<23>     |   21.716|
SIGN_EXTEND<11>|OUTPUT<24>     |   22.897|
SIGN_EXTEND<11>|OUTPUT<25>     |   23.737|
SIGN_EXTEND<11>|OUTPUT<26>     |   25.067|
SIGN_EXTEND<11>|OUTPUT<27>     |   25.665|
SIGN_EXTEND<11>|OUTPUT<28>     |   26.614|
SIGN_EXTEND<11>|OUTPUT<29>     |   29.285|
SIGN_EXTEND<11>|OUTPUT<30>     |   29.838|
SIGN_EXTEND<11>|OUTPUT<31>     |   29.522|
SIGN_EXTEND<12>|OUTPUT<12>     |    9.285|
SIGN_EXTEND<12>|OUTPUT<13>     |   10.150|
SIGN_EXTEND<12>|OUTPUT<14>     |   10.998|
SIGN_EXTEND<12>|OUTPUT<15>     |   11.773|
SIGN_EXTEND<12>|OUTPUT<16>     |   13.736|
SIGN_EXTEND<12>|OUTPUT<17>     |   13.990|
SIGN_EXTEND<12>|OUTPUT<18>     |   15.965|
SIGN_EXTEND<12>|OUTPUT<19>     |   16.160|
SIGN_EXTEND<12>|OUTPUT<20>     |   16.659|
SIGN_EXTEND<12>|OUTPUT<21>     |   18.003|
SIGN_EXTEND<12>|OUTPUT<22>     |   18.984|
SIGN_EXTEND<12>|OUTPUT<23>     |   19.708|
SIGN_EXTEND<12>|OUTPUT<24>     |   20.889|
SIGN_EXTEND<12>|OUTPUT<25>     |   21.729|
SIGN_EXTEND<12>|OUTPUT<26>     |   23.059|
SIGN_EXTEND<12>|OUTPUT<27>     |   23.657|
SIGN_EXTEND<12>|OUTPUT<28>     |   24.606|
SIGN_EXTEND<12>|OUTPUT<29>     |   27.277|
SIGN_EXTEND<12>|OUTPUT<30>     |   27.830|
SIGN_EXTEND<12>|OUTPUT<31>     |   27.514|
SIGN_EXTEND<13>|OUTPUT<13>     |    7.949|
SIGN_EXTEND<13>|OUTPUT<14>     |   11.132|
SIGN_EXTEND<13>|OUTPUT<15>     |   11.907|
SIGN_EXTEND<13>|OUTPUT<16>     |   13.870|
SIGN_EXTEND<13>|OUTPUT<17>     |   14.124|
SIGN_EXTEND<13>|OUTPUT<18>     |   16.099|
SIGN_EXTEND<13>|OUTPUT<19>     |   16.294|
SIGN_EXTEND<13>|OUTPUT<20>     |   16.793|
SIGN_EXTEND<13>|OUTPUT<21>     |   18.137|
SIGN_EXTEND<13>|OUTPUT<22>     |   19.118|
SIGN_EXTEND<13>|OUTPUT<23>     |   19.842|
SIGN_EXTEND<13>|OUTPUT<24>     |   21.023|
SIGN_EXTEND<13>|OUTPUT<25>     |   21.863|
SIGN_EXTEND<13>|OUTPUT<26>     |   23.193|
SIGN_EXTEND<13>|OUTPUT<27>     |   23.791|
SIGN_EXTEND<13>|OUTPUT<28>     |   24.740|
SIGN_EXTEND<13>|OUTPUT<29>     |   27.411|
SIGN_EXTEND<13>|OUTPUT<30>     |   27.964|
SIGN_EXTEND<13>|OUTPUT<31>     |   27.648|
SIGN_EXTEND<14>|OUTPUT<14>     |   10.466|
SIGN_EXTEND<14>|OUTPUT<15>     |    9.514|
SIGN_EXTEND<14>|OUTPUT<16>     |   11.477|
SIGN_EXTEND<14>|OUTPUT<17>     |   11.731|
SIGN_EXTEND<14>|OUTPUT<18>     |   13.706|
SIGN_EXTEND<14>|OUTPUT<19>     |   13.901|
SIGN_EXTEND<14>|OUTPUT<20>     |   14.400|
SIGN_EXTEND<14>|OUTPUT<21>     |   15.744|
SIGN_EXTEND<14>|OUTPUT<22>     |   16.725|
SIGN_EXTEND<14>|OUTPUT<23>     |   17.449|
SIGN_EXTEND<14>|OUTPUT<24>     |   18.630|
SIGN_EXTEND<14>|OUTPUT<25>     |   19.470|
SIGN_EXTEND<14>|OUTPUT<26>     |   20.800|
SIGN_EXTEND<14>|OUTPUT<27>     |   21.398|
SIGN_EXTEND<14>|OUTPUT<28>     |   22.347|
SIGN_EXTEND<14>|OUTPUT<29>     |   25.018|
SIGN_EXTEND<14>|OUTPUT<30>     |   25.571|
SIGN_EXTEND<14>|OUTPUT<31>     |   25.255|
SIGN_EXTEND<15>|OUTPUT<15>     |    8.017|
SIGN_EXTEND<15>|OUTPUT<16>     |   10.495|
SIGN_EXTEND<15>|OUTPUT<17>     |   10.749|
SIGN_EXTEND<15>|OUTPUT<18>     |   12.724|
SIGN_EXTEND<15>|OUTPUT<19>     |   12.919|
SIGN_EXTEND<15>|OUTPUT<20>     |   13.418|
SIGN_EXTEND<15>|OUTPUT<21>     |   14.762|
SIGN_EXTEND<15>|OUTPUT<22>     |   15.743|
SIGN_EXTEND<15>|OUTPUT<23>     |   16.467|
SIGN_EXTEND<15>|OUTPUT<24>     |   17.648|
SIGN_EXTEND<15>|OUTPUT<25>     |   18.488|
SIGN_EXTEND<15>|OUTPUT<26>     |   19.818|
SIGN_EXTEND<15>|OUTPUT<27>     |   20.416|
SIGN_EXTEND<15>|OUTPUT<28>     |   21.365|
SIGN_EXTEND<15>|OUTPUT<29>     |   24.036|
SIGN_EXTEND<15>|OUTPUT<30>     |   24.589|
SIGN_EXTEND<15>|OUTPUT<31>     |   24.273|
SIGN_EXTEND<16>|OUTPUT<16>     |    8.686|
SIGN_EXTEND<16>|OUTPUT<17>     |    9.365|
SIGN_EXTEND<16>|OUTPUT<18>     |   11.340|
SIGN_EXTEND<16>|OUTPUT<19>     |   11.535|
SIGN_EXTEND<16>|OUTPUT<20>     |   12.034|
SIGN_EXTEND<16>|OUTPUT<21>     |   13.378|
SIGN_EXTEND<16>|OUTPUT<22>     |   14.359|
SIGN_EXTEND<16>|OUTPUT<23>     |   15.083|
SIGN_EXTEND<16>|OUTPUT<24>     |   16.264|
SIGN_EXTEND<16>|OUTPUT<25>     |   17.104|
SIGN_EXTEND<16>|OUTPUT<26>     |   18.434|
SIGN_EXTEND<16>|OUTPUT<27>     |   19.032|
SIGN_EXTEND<16>|OUTPUT<28>     |   19.981|
SIGN_EXTEND<16>|OUTPUT<29>     |   22.652|
SIGN_EXTEND<16>|OUTPUT<30>     |   23.205|
SIGN_EXTEND<16>|OUTPUT<31>     |   22.889|
SIGN_EXTEND<17>|OUTPUT<17>     |    8.985|
SIGN_EXTEND<17>|OUTPUT<18>     |   11.107|
SIGN_EXTEND<17>|OUTPUT<19>     |   11.302|
SIGN_EXTEND<17>|OUTPUT<20>     |   11.801|
SIGN_EXTEND<17>|OUTPUT<21>     |   13.145|
SIGN_EXTEND<17>|OUTPUT<22>     |   14.126|
SIGN_EXTEND<17>|OUTPUT<23>     |   14.850|
SIGN_EXTEND<17>|OUTPUT<24>     |   16.031|
SIGN_EXTEND<17>|OUTPUT<25>     |   16.871|
SIGN_EXTEND<17>|OUTPUT<26>     |   18.201|
SIGN_EXTEND<17>|OUTPUT<27>     |   18.799|
SIGN_EXTEND<17>|OUTPUT<28>     |   19.748|
SIGN_EXTEND<17>|OUTPUT<29>     |   22.419|
SIGN_EXTEND<17>|OUTPUT<30>     |   22.972|
SIGN_EXTEND<17>|OUTPUT<31>     |   22.656|
SIGN_EXTEND<18>|OUTPUT<18>     |    9.265|
SIGN_EXTEND<18>|OUTPUT<19>     |    9.206|
SIGN_EXTEND<18>|OUTPUT<20>     |    9.705|
SIGN_EXTEND<18>|OUTPUT<21>     |   11.049|
SIGN_EXTEND<18>|OUTPUT<22>     |   12.030|
SIGN_EXTEND<18>|OUTPUT<23>     |   12.754|
SIGN_EXTEND<18>|OUTPUT<24>     |   13.935|
SIGN_EXTEND<18>|OUTPUT<25>     |   14.775|
SIGN_EXTEND<18>|OUTPUT<26>     |   16.105|
SIGN_EXTEND<18>|OUTPUT<27>     |   16.703|
SIGN_EXTEND<18>|OUTPUT<28>     |   17.652|
SIGN_EXTEND<18>|OUTPUT<29>     |   20.323|
SIGN_EXTEND<18>|OUTPUT<30>     |   20.876|
SIGN_EXTEND<18>|OUTPUT<31>     |   20.560|
SIGN_EXTEND<19>|OUTPUT<19>     |    8.373|
SIGN_EXTEND<19>|OUTPUT<20>     |    9.039|
SIGN_EXTEND<19>|OUTPUT<21>     |   10.383|
SIGN_EXTEND<19>|OUTPUT<22>     |   11.364|
SIGN_EXTEND<19>|OUTPUT<23>     |   12.088|
SIGN_EXTEND<19>|OUTPUT<24>     |   13.269|
SIGN_EXTEND<19>|OUTPUT<25>     |   14.109|
SIGN_EXTEND<19>|OUTPUT<26>     |   15.439|
SIGN_EXTEND<19>|OUTPUT<27>     |   16.037|
SIGN_EXTEND<19>|OUTPUT<28>     |   16.986|
SIGN_EXTEND<19>|OUTPUT<29>     |   19.657|
SIGN_EXTEND<19>|OUTPUT<30>     |   20.210|
SIGN_EXTEND<19>|OUTPUT<31>     |   19.894|
SIGN_EXTEND<20>|OUTPUT<20>     |    9.170|
SIGN_EXTEND<20>|OUTPUT<21>     |    9.614|
SIGN_EXTEND<20>|OUTPUT<22>     |   10.595|
SIGN_EXTEND<20>|OUTPUT<23>     |   11.319|
SIGN_EXTEND<20>|OUTPUT<24>     |   12.500|
SIGN_EXTEND<20>|OUTPUT<25>     |   13.340|
SIGN_EXTEND<20>|OUTPUT<26>     |   14.670|
SIGN_EXTEND<20>|OUTPUT<27>     |   15.268|
SIGN_EXTEND<20>|OUTPUT<28>     |   16.217|
SIGN_EXTEND<20>|OUTPUT<29>     |   18.888|
SIGN_EXTEND<20>|OUTPUT<30>     |   19.441|
SIGN_EXTEND<20>|OUTPUT<31>     |   19.125|
SIGN_EXTEND<21>|OUTPUT<21>     |    7.768|
SIGN_EXTEND<21>|OUTPUT<22>     |    9.475|
SIGN_EXTEND<21>|OUTPUT<23>     |   10.199|
SIGN_EXTEND<21>|OUTPUT<24>     |   11.380|
SIGN_EXTEND<21>|OUTPUT<25>     |   12.220|
SIGN_EXTEND<21>|OUTPUT<26>     |   13.550|
SIGN_EXTEND<21>|OUTPUT<27>     |   14.148|
SIGN_EXTEND<21>|OUTPUT<28>     |   15.097|
SIGN_EXTEND<21>|OUTPUT<29>     |   17.768|
SIGN_EXTEND<21>|OUTPUT<30>     |   18.321|
SIGN_EXTEND<21>|OUTPUT<31>     |   18.005|
SIGN_EXTEND<22>|OUTPUT<22>     |    8.368|
SIGN_EXTEND<22>|OUTPUT<23>     |    8.725|
SIGN_EXTEND<22>|OUTPUT<24>     |    9.906|
SIGN_EXTEND<22>|OUTPUT<25>     |   10.746|
SIGN_EXTEND<22>|OUTPUT<26>     |   12.076|
SIGN_EXTEND<22>|OUTPUT<27>     |   12.674|
SIGN_EXTEND<22>|OUTPUT<28>     |   13.623|
SIGN_EXTEND<22>|OUTPUT<29>     |   16.294|
SIGN_EXTEND<22>|OUTPUT<30>     |   16.847|
SIGN_EXTEND<22>|OUTPUT<31>     |   16.531|
SIGN_EXTEND<23>|OUTPUT<23>     |    7.825|
SIGN_EXTEND<23>|OUTPUT<24>     |    9.489|
SIGN_EXTEND<23>|OUTPUT<25>     |   10.329|
SIGN_EXTEND<23>|OUTPUT<26>     |   11.659|
SIGN_EXTEND<23>|OUTPUT<27>     |   12.257|
SIGN_EXTEND<23>|OUTPUT<28>     |   13.206|
SIGN_EXTEND<23>|OUTPUT<29>     |   15.877|
SIGN_EXTEND<23>|OUTPUT<30>     |   16.430|
SIGN_EXTEND<23>|OUTPUT<31>     |   16.114|
SIGN_EXTEND<24>|OUTPUT<24>     |    8.733|
SIGN_EXTEND<24>|OUTPUT<25>     |    8.766|
SIGN_EXTEND<24>|OUTPUT<26>     |   10.096|
SIGN_EXTEND<24>|OUTPUT<27>     |   10.694|
SIGN_EXTEND<24>|OUTPUT<28>     |   11.643|
SIGN_EXTEND<24>|OUTPUT<29>     |   14.314|
SIGN_EXTEND<24>|OUTPUT<30>     |   14.867|
SIGN_EXTEND<24>|OUTPUT<31>     |   14.551|
SIGN_EXTEND<25>|OUTPUT<25>     |    8.658|
SIGN_EXTEND<25>|OUTPUT<26>     |    9.725|
SIGN_EXTEND<25>|OUTPUT<27>     |   10.323|
SIGN_EXTEND<25>|OUTPUT<28>     |   11.272|
SIGN_EXTEND<25>|OUTPUT<29>     |   13.943|
SIGN_EXTEND<25>|OUTPUT<30>     |   14.496|
SIGN_EXTEND<25>|OUTPUT<31>     |   14.180|
SIGN_EXTEND<26>|OUTPUT<26>     |    8.707|
SIGN_EXTEND<26>|OUTPUT<27>     |    9.168|
SIGN_EXTEND<26>|OUTPUT<28>     |   10.117|
SIGN_EXTEND<26>|OUTPUT<29>     |   12.788|
SIGN_EXTEND<26>|OUTPUT<30>     |   13.341|
SIGN_EXTEND<26>|OUTPUT<31>     |   13.025|
SIGN_EXTEND<27>|OUTPUT<27>     |    7.745|
SIGN_EXTEND<27>|OUTPUT<28>     |    9.507|
SIGN_EXTEND<27>|OUTPUT<29>     |   12.178|
SIGN_EXTEND<27>|OUTPUT<30>     |   12.731|
SIGN_EXTEND<27>|OUTPUT<31>     |   12.415|
SIGN_EXTEND<28>|OUTPUT<28>     |    7.515|
SIGN_EXTEND<28>|OUTPUT<29>     |   10.341|
SIGN_EXTEND<28>|OUTPUT<30>     |   10.894|
SIGN_EXTEND<28>|OUTPUT<31>     |   10.578|
SIGN_EXTEND<29>|OUTPUT<29>     |    8.851|
SIGN_EXTEND<29>|OUTPUT<30>     |   10.404|
SIGN_EXTEND<29>|OUTPUT<31>     |   10.088|
SIGN_EXTEND<30>|OUTPUT<30>     |    8.823|
SIGN_EXTEND<30>|OUTPUT<31>     |    9.442|
SIGN_EXTEND<31>|OUTPUT<31>     |    7.261|
---------------+---------------+---------+


Analysis completed Wed Oct 12 20:54:25 2016 
--------------------------------------------------------------------------------

Trace Settings:
-------------------------
Trace Settings 

Peak Memory Usage: 180 MB



