AR full_adder arch /home/hossam/Projects/Vhdl/MIPS/FULL_ADDER.vhd sub00/vhpl01 1475953247
EN mux1b NULL /home/hossam/Projects/Vhdl/MIPS/Mux1b.vhd sub00/vhpl05 1475953242
AR and_or32b behavioral "C:/My Stuff/MIPS/MIPS/AND_OR32b.vhd" sub00/vhpl11 1475787122
AR and_or behavioral "D:/Xilinx workspace/MIPS_Github/AND_OR.vhd" sub00/vhpl09 1476270391
EN and_or NULL "D:/Xilinx workspace/MIPS_Github/AND_OR.vhd" sub00/vhpl08 1476270390
EN and_or32b NULL "C:/My Stuff/MIPS/MIPS/AND_OR32b.vhd" sub00/vhpl10 1475787121
AR mux1b behavioral /home/hossam/Projects/Vhdl/MIPS/Mux1b.vhd sub00/vhpl06 1475953243
EN branchdecider NULL /home/hossam/Projects/Vhdl/MIPS/BranchDecider.vhd sub00/vhpl14 1475953250
AR mux32b behavioral /home/hossam/Projects/Vhdl/MIPS/MUX32b.vhd sub00/vhpl07 1475953245
EN full_adder NULL /home/hossam/Projects/Vhdl/MIPS/FULL_ADDER.vhd sub00/vhpl00 1475953246
AR branchdecider behavioral /home/hossam/Projects/Vhdl/MIPS/BranchDecider.vhd sub00/vhpl15 1475953251
AR add_sub arch /home/hossam/Projects/Vhdl/MIPS/ADD_SUB.vhd sub00/vhpl03 1475953249
AR alu behavioral /home/hossam/Projects/Vhdl/MIPS/ALU.vhd sub00/vhpl13 1475952912
EN mux32b NULL /home/hossam/Projects/Vhdl/MIPS/MUX32b.vhd sub00/vhpl04 1475953244
EN add_sub NULL /home/hossam/Projects/Vhdl/MIPS/ADD_SUB.vhd sub00/vhpl02 1475953248
EN alu NULL /home/hossam/Projects/Vhdl/MIPS/ALU.vhd sub00/vhpl12 1475952911
